Archive member included to satisfy reference by file (symbol)

c:/program files (x86)/gnu tools arm embedded/6 2017-q2-update/bin/../lib/gcc/arm-none-eabi/6.3.1/thumb/v7-ar/fpv3/hard\libgcc.a(_udivsi3.o)
                              ./generate/sc_drivers/r_scifa/src/lld/r_rza2_scifa_lld_baud.o (__aeabi_uidiv)
c:/program files (x86)/gnu tools arm embedded/6 2017-q2-update/bin/../lib/gcc/arm-none-eabi/6.3.1/thumb/v7-ar/fpv3/hard\libgcc.a(_dvmd_tls.o)
                              c:/program files (x86)/gnu tools arm embedded/6 2017-q2-update/bin/../lib/gcc/arm-none-eabi/6.3.1/thumb/v7-ar/fpv3/hard\libgcc.a(_udivsi3.o) (__aeabi_idiv0)
c:/program files (x86)/gnu tools arm embedded/6 2017-q2-update/bin/../lib/gcc/arm-none-eabi/6.3.1/thumb/v7-ar/fpv3/hard\libgcc.a(_fixunsdfdi.o)
                              ./generate/sc_drivers/r_ostm/src/lld/r_ostm_lld_rza2m.o (__aeabi_d2ulz)
c:/program files (x86)/gnu tools arm embedded/6 2017-q2-update/bin/../lib/gcc/arm-none-eabi/6.3.1/../../../../arm-none-eabi/lib/thumb/v7-ar/fpv3/hard\libg.a(lib_a-fflush.o)
                              ./src/renesas/application/console/command.o (fflush)
c:/program files (x86)/gnu tools arm embedded/6 2017-q2-update/bin/../lib/gcc/arm-none-eabi/6.3.1/../../../../arm-none-eabi/lib/thumb/v7-ar/fpv3/hard\libg.a(lib_a-fgetc.o)
                              ./src/renesas/application/console/console.o (fgetc)
c:/program files (x86)/gnu tools arm embedded/6 2017-q2-update/bin/../lib/gcc/arm-none-eabi/6.3.1/../../../../arm-none-eabi/lib/thumb/v7-ar/fpv3/hard\libg.a(lib_a-findfp.o)
                              c:/program files (x86)/gnu tools arm embedded/6 2017-q2-update/bin/../lib/gcc/arm-none-eabi/6.3.1/../../../../arm-none-eabi/lib/thumb/v7-ar/fpv3/hard\libg.a(lib_a-fflush.o) (__sinit)
c:/program files (x86)/gnu tools arm embedded/6 2017-q2-update/bin/../lib/gcc/arm-none-eabi/6.3.1/../../../../arm-none-eabi/lib/thumb/v7-ar/fpv3/hard\libg.a(lib_a-fprintf.o)
                              ./src/renesas/application/console/console.o (fprintf)
c:/program files (x86)/gnu tools arm embedded/6 2017-q2-update/bin/../lib/gcc/arm-none-eabi/6.3.1/../../../../arm-none-eabi/lib/thumb/v7-ar/fpv3/hard\libg.a(lib_a-fputc.o)
                              ./src/renesas/application/console/console.o (fputc)
c:/program files (x86)/gnu tools arm embedded/6 2017-q2-update/bin/../lib/gcc/arm-none-eabi/6.3.1/../../../../arm-none-eabi/lib/thumb/v7-ar/fpv3/hard\libg.a(lib_a-fputs.o)
                              ./src/renesas/application/console/console.o (fputs)
c:/program files (x86)/gnu tools arm embedded/6 2017-q2-update/bin/../lib/gcc/arm-none-eabi/6.3.1/../../../../arm-none-eabi/lib/thumb/v7-ar/fpv3/hard\libg.a(lib_a-freer.o)
                              c:/program files (x86)/gnu tools arm embedded/6 2017-q2-update/bin/../lib/gcc/arm-none-eabi/6.3.1/../../../../arm-none-eabi/lib/thumb/v7-ar/fpv3/hard\libg.a(lib_a-fflush.o) (_free_r)
c:/program files (x86)/gnu tools arm embedded/6 2017-q2-update/bin/../lib/gcc/arm-none-eabi/6.3.1/../../../../arm-none-eabi/lib/thumb/v7-ar/fpv3/hard\libg.a(lib_a-fvwrite.o)
                              c:/program files (x86)/gnu tools arm embedded/6 2017-q2-update/bin/../lib/gcc/arm-none-eabi/6.3.1/../../../../arm-none-eabi/lib/thumb/v7-ar/fpv3/hard\libg.a(lib_a-fputs.o) (__sfvwrite_r)
c:/program files (x86)/gnu tools arm embedded/6 2017-q2-update/bin/../lib/gcc/arm-none-eabi/6.3.1/../../../../arm-none-eabi/lib/thumb/v7-ar/fpv3/hard\libg.a(lib_a-fwalk.o)
                              c:/program files (x86)/gnu tools arm embedded/6 2017-q2-update/bin/../lib/gcc/arm-none-eabi/6.3.1/../../../../arm-none-eabi/lib/thumb/v7-ar/fpv3/hard\libg.a(lib_a-findfp.o) (_fwalk)
c:/program files (x86)/gnu tools arm embedded/6 2017-q2-update/bin/../lib/gcc/arm-none-eabi/6.3.1/../../../../arm-none-eabi/lib/thumb/v7-ar/fpv3/hard\libg.a(lib_a-fwrite.o)
                              ./src/renesas/application/console/command.o (fwrite)
c:/program files (x86)/gnu tools arm embedded/6 2017-q2-update/bin/../lib/gcc/arm-none-eabi/6.3.1/../../../../arm-none-eabi/lib/thumb/v7-ar/fpv3/hard\libg.a(lib_a-impure.o)
                              c:/program files (x86)/gnu tools arm embedded/6 2017-q2-update/bin/../lib/gcc/arm-none-eabi/6.3.1/../../../../arm-none-eabi/lib/thumb/v7-ar/fpv3/hard\libg.a(lib_a-fflush.o) (_global_impure_ptr)
c:/program files (x86)/gnu tools arm embedded/6 2017-q2-update/bin/../lib/gcc/arm-none-eabi/6.3.1/../../../../arm-none-eabi/lib/thumb/v7-ar/fpv3/hard\libg.a(lib_a-locale.o)
                              ./src/renesas/application/console/console.o (__locale_ctype_ptr)
c:/program files (x86)/gnu tools arm embedded/6 2017-q2-update/bin/../lib/gcc/arm-none-eabi/6.3.1/../../../../arm-none-eabi/lib/thumb/v7-ar/fpv3/hard\libg.a(lib_a-lock.o)
[...]
Memory Configuration

Name             Origin             Length             Attributes
ROM              0x20010000         0x04000000         xr
CACHED_HYPER_RAM 0x40000000         0x00800000         xrw
MMU_PAGE_TABLE   0x80020000         0x00004000         rw
HARDWARE_INIT_RAM 0x80024000         0x00003e00         xrw
STACK            0x80028000         0x00010000         rw
CACHED_RAM       0x80038000         0x002c8000         xrw
UNCACHED_RAM     0x82300000         0x00100000         xrw
*default*        0x00000000         0xffffffff

Linker script and memory map

LOAD ./src/user_prog/main.o
LOAD ./src/tinycrypt/lib/source/aes_decrypt.o
LOAD ./src/tinycrypt/lib/source/aes_encrypt.o
LOAD ./src/tinycrypt/lib/source/cbc_mode.o
LOAD ./src/tinycrypt/lib/source/ccm_mode.o
LOAD ./src/tinycrypt/lib/source/cmac_mode.o
LOAD ./src/tinycrypt/lib/source/ctr_mode.o
LOAD ./src/tinycrypt/lib/source/ctr_prng.o
LOAD ./src/tinycrypt/lib/source/ecc.o
LOAD ./src/tinycrypt/lib/source/ecc_dh.o
LOAD ./src/tinycrypt/lib/source/ecc_dsa.o
LOAD ./src/tinycrypt/lib/source/ecc_platform_specific.o
LOAD ./src/tinycrypt/lib/source/hmac.o
LOAD ./src/tinycrypt/lib/source/hmac_prng.o
LOAD ./src/tinycrypt/lib/source/sha256.o
LOAD ./src/tinycrypt/lib/source/utils.o
LOAD ./src/renesas/hwsetup/hwsetup_userdef.o
LOAD ./src/renesas/application/console/command.o
LOAD ./src/renesas/application/console/console.o
LOAD ./src/renesas/application/console/wild_compare.o
LOAD ./src/renesas/application/base64_decode.o
LOAD ./src/renesas/application/flash_api.o
LOAD ./generate/system/hwsetup.o
LOAD ./generate/system/r_devlink_wrapper.o
LOAD ./generate/system/r_memclk_setup.o
LOAD ./generate/system/rza_io_regrw.o
LOAD ./generate/sc_drivers/r_scifa/src/lld/r_rza2_scifa_lld.o
LOAD ./generate/sc_drivers/r_scifa/src/lld/r_rza2_scifa_lld_baud.o
LOAD ./generate/sc_drivers/r_scifa/src/hld/r_scifa_drv_api.o
LOAD ./generate/sc_drivers/r_scifa/src/hld/r_scifa_hld_prv.o
LOAD ./generate/sc_drivers/r_ostm/src/lld/r_ostm_lld_rza2m.o
LOAD ./generate/sc_drivers/r_ostm/src/hld/r_ostm_drv_api.o
LOAD ./generate/sc_drivers/r_cbuffer/src/r_cbuffer.o
LOAD ./generate/os_abstraction/src/r_os_abstraction_api.o
LOAD ./generate/drivers/r_stb/src/lld/r_stb_lld_rza2m.o
LOAD ./generate/drivers/r_mmu/src/lld/r_mmu_lld_rza2m.o
LOAD ./generate/drivers/r_intc/src/lld/r_intc_lld_rza2m.o
LOAD ./generate/drivers/r_intc/src/lld/r_intc_lld_rza2m_handler.o
LOAD ./generate/drivers/r_gpio/src/lld/r_gpio_lld_rza2m.o
LOAD ./generate/drivers/r_gpio/src/hld/r_gpio_drv_api.o
LOAD ./generate/drivers/r_cpg/src/lld/r_cpg_lld_rza2m.o
LOAD ./generate/drivers/r_cpg/src/hld/r_cpg_drv_api.o
LOAD ./generate/drivers/r_cache/src/lld/r_cache_lld_rza2m.o
LOAD ./generate/configuration/r_intc_user.o
LOAD ./generate/compiler/init/_exit.o
LOAD ./generate/compiler/init/_kill.o
LOAD ./generate/compiler/init/dso_handle.o
LOAD ./generate/compiler/init/fini.o
LOAD ./generate/compiler/init/init.o
LOAD ./generate/compiler/init/r_compiler_abstraction.o
LOAD ./generate/compiler/init/resetprg.o
LOAD ./generate/compiler/init/sections.o
LOAD ./generate/compiler/init/syscalls.o
LOAD ./generate/compiler/asm/cpu.o
LOAD ./generate/compiler/asm/initsect.o
LOAD ./generate/compiler/asm/irq.o
LOAD ./generate/compiler/asm/irqfiq_handler.o
LOAD ./generate/compiler/asm/mmu_operation.o
LOAD ./generate/compiler/asm/r_cache_l1_rza2.o
LOAD ./generate/compiler/asm/reset_handler.o
LOAD ./generate/compiler/asm/vector_mirrortable.o
LOAD ./generate/compiler/asm/vector_table.o
LOAD ./generate/compiler/asm/vfp_init.o
START GROUP
END GROUP
LOAD c:/program files (x86)/gnu tools arm embedded/6 2017-q2-update/bin/../lib/gcc/arm-none-eabi/6.3.1/../../../../arm-none-eabi/lib/thumb/v7-ar/fpv3/hard\libstdc++.a
LOAD c:/program files (x86)/gnu tools arm embedded/6 2017-q2-update/bin/../lib/gcc/arm-none-eabi/6.3.1/../../../../arm-none-eabi/lib/thumb/v7-ar/fpv3/hard\libm.a
START GROUP
LOAD c:/program files (x86)/gnu tools arm embedded/6 2017-q2-update/bin/../lib/gcc/arm-none-eabi/6.3.1/thumb/v7-ar/fpv3/hard\libgcc.a
LOAD c:/program files (x86)/gnu tools arm embedded/6 2017-q2-update/bin/../lib/gcc/arm-none-eabi/6.3.1/../../../../arm-none-eabi/lib/thumb/v7-ar/fpv3/hard\libg.a
LOAD c:/program files (x86)/gnu tools arm embedded/6 2017-q2-update/bin/../lib/gcc/arm-none-eabi/6.3.1/../../../../arm-none-eabi/lib/thumb/v7-ar/fpv3/hard\libc.a
END GROUP

LOAD_MODULE1    0x20010000       0x60
 *(VECTOR_TABLE)
 VECTOR_TABLE   0x20010000       0x60 ./generate/compiler/asm/vector_table.o
                0x20010000                Start
                0x20010000                vector_table
                0x20010000                __vector_table_base = ADDR (LOAD_MODULE1)

.data.memclk_setup
                0x80024000       0x44 load address 0x20010060
 */r_spibsc_setup.o(.text .text.* .rodata .rodata.* .data .data.*)
 */r_memclk_setup.o(.text .text.* .rodata .rodata.* .data .data.*)
 .text.r_memclk_setup
                0x80024000       0x44 ./generate/system/r_memclk_setup.o
                0x80024000                r_memclk_setup
 */r_*_memclk_setup.o(.text .text.* .rodata .rodata.* .data .data.*)
                0x80024044                . = ALIGN (0x4)
                0x20010060                __data_memclk_setup_load_start = LOADADDR (.data.memclk_setup)
                0x80024000                __data_memclk_setup_exec_start = ADDR (.data.memclk_setup)
                0x200100a4                __data_memclk_setup_load_end = (LOADADDR (.data.memclk_setup) + SIZEOF (.data.memclk_setup))

.bss.memclk_setup
                0x80024060        0x0 load address 0x200100c0
 */r_spibsc_setup.o(.bss .bss.* COMMON)
 */r_memclk_setup.o(.bss .bss.* COMMON)
 */r_*_memclk_setup.o(.bss .bss.* COMMON)
                0x80024060                . = ALIGN (0x4)
                0x80024060                __bss_memclk_setup_start = ADDR (.bss.memclk_setup)
                0x80024060                __bss_memclk_setup_end = (ADDR (.bss.memclk_setup) + SIZEOF (.bss.memclk_setup))

LOAD_MODULE2    0x80024200      0xd38 load address 0x20010200
 */r_cpg/*.o(.text .text.* .rodata .rodata.* .data .data.*)
 .text.R_CPG_SetXtalClock
                0x80024200      0x128 ./generate/drivers/r_cpg/src/lld/r_cpg_lld_rza2m.o
                0x80024200                R_CPG_SetXtalClock
 .text.R_CPG_SetMainClock
                0x80024328       0x50 ./generate/drivers/r_cpg/src/lld/r_cpg_lld_rza2m.o
                0x80024328                R_CPG_SetMainClock
 .text.R_CPG_SetSubClockDividers
                0x80024378      0x3e0 ./generate/drivers/r_cpg/src/lld/r_cpg_lld_rza2m.o
                0x80024378                R_CPG_SetSubClockDividers
 .text.R_CPG_SetSubClockSource
                0x80024758      0x1cc ./generate/drivers/r_cpg/src/lld/r_cpg_lld_rza2m.o
                0x80024758                R_CPG_SetSubClockSource
 .text.R_CPG_ConfigExtClockPin
                0x80024924       0x98 ./generate/drivers/r_cpg/src/lld/r_cpg_lld_rza2m.o
                0x80024924                R_CPG_ConfigExtClockPin
 *fill*         0x800249bc        0x4 
 .text.R_CPG_InitialiseHwIf
                0x800249c0       0xe8 ./generate/drivers/r_cpg/src/lld/r_cpg_lld_rza2m.o
                0x800249c0                R_CPG_InitialiseHwIf
 .text.R_CPG_GetClock
                0x80024aa8       0xf8 ./generate/drivers/r_cpg/src/lld/r_cpg_lld_rza2m.o
                0x80024aa8                R_CPG_GetClock
 .text.R_CPG_GetVersion
                0x80024ba0       0x34 ./generate/drivers/r_cpg/src/lld/r_cpg_lld_rza2m.o
                0x80024ba0                R_CPG_GetVersion
 .data.gs_cpg_bclk_divisor
                0x80024bd4        0x4 ./generate/drivers/r_cpg/src/lld/r_cpg_lld_rza2m.o
 .data.gs_cpg_bclk_frequency_khz
                0x80024bd8        0x8 ./generate/drivers/r_cpg/src/lld/r_cpg_lld_rza2m.o
 .data.gs_cpg_extal_frequency_khz
                0x80024be0        0x8 ./generate/drivers/r_cpg/src/lld/r_cpg_lld_rza2m.o
 .data.gs_cpg_iclk_divisor
                0x80024be8        0x4 ./generate/drivers/r_cpg/src/lld/r_cpg_lld_rza2m.o
 *fill*         0x80024bec        0x4 
 .data.gs_cpg_iclk_frequency_khz
                0x80024bf0        0x8 ./generate/drivers/r_cpg/src/lld/r_cpg_lld_rza2m.o
 .data.gs_cpg_p1clk_divisor
                0x80024bf8        0x4 ./generate/drivers/r_cpg/src/lld/r_cpg_lld_rza2m.o
 *fill*         0x80024bfc        0x4 
 .data.gs_cpg_p1clk_frequency_khz
                0x80024c00        0x8 ./generate/drivers/r_cpg/src/lld/r_cpg_lld_rza2m.o
 .data.gs_cpg_pll_frequency_khz
                0x80024c08        0x8 ./generate/drivers/r_cpg/src/lld/r_cpg_lld_rza2m.o
 .rodata.R_CPG_GetVersion.str1.4
                0x80024c10       0x12 ./generate/drivers/r_cpg/src/lld/r_cpg_lld_rza2m.o
 *fill*         0x80024c22        0x2 
 .rodata.s_sc_cpg_ext_clk_config
                0x80024c24        0x1 ./generate/drivers/r_cpg/src/lld/r_cpg_lld_rza2m.o
 *fill*         0x80024c25        0x3 
 .rodata.s_sc_cpg_sub_clock_div_config
                0x80024c28       0x30 ./generate/drivers/r_cpg/src/lld/r_cpg_lld_rza2m.o
 .rodata.s_sc_cpg_sub_clock_src_config
                0x80024c58        0x8 ./generate/drivers/r_cpg/src/lld/r_cpg_lld_rza2m.o
 .text.cpg_close
                0x80024c60       0x1c ./generate/drivers/r_cpg/src/hld/r_cpg_drv_api.o
 .text.cpg_get_version
                0x80024c7c       0x28 ./generate/drivers/r_cpg/src/hld/r_cpg_drv_api.o
 .text.cpg_control
                0x80024ca4       0x84 ./generate/drivers/r_cpg/src/hld/r_cpg_drv_api.o
 .text.cpg_open
                0x80024d28       0x48 ./generate/drivers/r_cpg/src/hld/r_cpg_drv_api.o
 .rodata.cpg_get_version.str1.4
                0x80024d70        0x8 ./generate/drivers/r_cpg/src/hld/r_cpg_drv_api.o
 .rodata.g_cpg_driver
                0x80024d78       0x1c ./generate/drivers/r_cpg/src/hld/r_cpg_drv_api.o
                0x80024d78                g_cpg_driver
 .rodata.str1.4
                0x80024d94       0x14 ./generate/drivers/r_cpg/src/hld/r_cpg_drv_api.o
                                 0x12 (size before relaxing)
 */rza_io_regrw.o(.text .text.* .rodata .rodata.* .data .data.*)
 .text.RZA_IO_RegWrite_8
                0x80024da8       0x1c ./generate/system/rza_io_regrw.o
                0x80024da8                RZA_IO_RegWrite_8
 .text.RZA_IO_RegWrite_16
                0x80024dc4       0x1c ./generate/system/rza_io_regrw.o
                0x80024dc4                RZA_IO_RegWrite_16
 .text.RZA_IO_RegWrite_32
                0x80024de0       0x18 ./generate/system/rza_io_regrw.o
                0x80024de0                RZA_IO_RegWrite_32
 .text.RZA_IO_RegRead_8
                0x80024df8       0x1c ./generate/system/rza_io_regrw.o
                0x80024df8                RZA_IO_RegRead_8
 .text.RZA_IO_RegRead_16
                0x80024e14       0x1c ./generate/system/rza_io_regrw.o
                0x80024e14                RZA_IO_RegRead_16
 .text.RZA_IO_RegRead_32
                0x80024e30       0x14 ./generate/system/rza_io_regrw.o
                0x80024e30                RZA_IO_RegRead_32
 */hwsetup*.o(.text .text.* .rodata .rodata.* .data .data.*)
 .text.Userdef_PreHardwareSetup
                0x80024e44       0x50 ./src/renesas/hwsetup/hwsetup_userdef.o
                0x80024e44                Userdef_PreHardwareSetup
 .text.Userdef_PostHardwareSetup
                0x80024e94       0x34 ./src/renesas/hwsetup/hwsetup_userdef.o
                0x80024e94                Userdef_PostHardwareSetup
 .text.R_SC_HardwareSetup
                0x80024ec8       0x70 ./generate/system/hwsetup.o
                0x80024ec8                R_SC_HardwareSetup
                0x80024f38                . = ALIGN (0x4)
                0x20010200                __module2_load_start = LOADADDR (LOAD_MODULE2)
                0x80024200                __module2_exec_start = ADDR (LOAD_MODULE2)
                0x20010f38                __module2_load_end = (LOADADDR (LOAD_MODULE2) + SIZEOF (LOAD_MODULE2))

LOAD_MODULE3    0x80024f40        0xc load address 0x20010f40
                0x80024f40                __module3_exec_start = .
 */r_cpg/*.o(.bss* COMMON*)
 .bss.gs_drv_cpg_is_initialized
                0x80024f40        0x4 ./generate/drivers/r_cpg/src/lld/r_cpg_lld_rza2m.o
 .bss.gs_drv_cpg_is_initialized
                0x80024f44        0x4 ./generate/drivers/r_cpg/src/hld/r_cpg_drv_api.o
 .bss.s_drv_config
                0x80024f48        0x2 ./generate/drivers/r_cpg/src/hld/r_cpg_drv_api.o
 */rza_io_regrw.o(.bss .bss.* COMMON)
                0x80024f4c                . = ALIGN (0x4)
 *fill*         0x80024f4a        0x2 
                0x80024f4c                __module3_exec_end = .

LOAD_MODULE4    0x20010f80      0x548
 *(RESET_HANDLER)
 RESET_HANDLER  0x20010f80      0x220 ./generate/compiler/asm/reset_handler.o
                0x20010f80                reset_handler
                0x2001118c                undefined_handler
                0x20011190                svc_handler
                0x20011194                prefetch_handler
                0x20011198                abort_handler
                0x2001119c                reserved_handler
                0x20011200                . = ALIGN (0x80)
 *fill*         0x200111a0       0x60 
 *(INIT_SECTION)
 INIT_SECTION   0x20011200      0x210 ./generate/compiler/asm/initsect.o
                0x20011200                INITSCT
 */sections.o(.rodata .rodata.*)
 .rodata.BTBL   0x20011410       0x20 ./generate/compiler/init/sections.o
                0x20011410                BTBL
 .rodata.BTBL_F
                0x20011430       0x10 ./generate/compiler/init/sections.o
                0x20011430                BTBL_F
 .rodata.BTBL_F2
                0x20011440       0x10 ./generate/compiler/init/sections.o
                0x20011440                BTBL_F2
 .rodata.DTBL   0x20011450       0x48 ./generate/compiler/init/sections.o
                0x20011450                DTBL
 .rodata.DTBL_F
                0x20011498       0x18 ./generate/compiler/init/sections.o
                0x20011498                DTBL_F
 .rodata.DTBL_F2
                0x200114b0       0x18 ./generate/compiler/init/sections.o
                0x200114b0                DTBL_F2

.data           0x80038000     0x1000 load address 0x200114e0
                0x80038000                __vect_exec_start = .
                0x200114e0                __vect_load_start = (LOADADDR (.data) + (. - ADDR (.data)))
                0x80038000                __vector_mirror_table_base = .
 *(VECTOR_MIRROR_TABLE)
 VECTOR_MIRROR_TABLE
                0x80038000       0x40 ./generate/compiler/asm/vector_mirrortable.o
                0x80038000                vector_table2
                0x80038040                . = ALIGN (0x4)
                0x20011520                __vect_load_end = (LOADADDR (.data) + (. - ADDR (.data)))
                0x80038100                . = ALIGN (0x100)
 *fill*         0x80038040       0xc0 
                0x80038100                __fastcode_exec_start = .
                0x200115e0                __fastcode_load_start = (LOADADDR (.data) + (. - ADDR (.data)))
 */r_intc_*.o(.text .text.* .rodata .rodata.*)
 .text.R_INTC_RegistIntFunc
                0x80038100       0x20 ./generate/drivers/r_intc/src/lld/r_intc_lld_rza2m.o
                0x80038100                R_INTC_RegistIntFunc
 .text.R_INTC_Enable
                0x80038120       0x2c ./generate/drivers/r_intc/src/lld/r_intc_lld_rza2m.o
                0x80038120                R_INTC_Enable
 .text.R_INTC_Disable
                0x8003814c       0x2c ./generate/drivers/r_intc/src/lld/r_intc_lld_rza2m.o
                0x8003814c                R_INTC_Disable
 .text.R_INTC_SetPriority
                0x80038178       0x60 ./generate/drivers/r_intc/src/lld/r_intc_lld_rza2m.o
                0x80038178                R_INTC_SetPriority
 .text.R_INTC_SetMaskLevel
                0x800381d8       0x4c ./generate/drivers/r_intc/src/lld/r_intc_lld_rza2m.o
                0x800381d8                R_INTC_SetMaskLevel
 .text.R_INTC_Init
                0x80038224      0x138 ./generate/drivers/r_intc/src/lld/r_intc_lld_rza2m.o
                0x80038224                R_INTC_Init
 .rodata.gs_gicd_icfgrn_table
                0x8003835c       0x80 ./generate/drivers/r_intc/src/lld/r_intc_lld_rza2m.o
 .text.INTC_Handler_Interrupt
                0x800383dc       0x90 ./generate/drivers/r_intc/src/lld/r_intc_lld_rza2m_handler.o
                0x800383dc                INTC_Handler_Interrupt
 .text.NMI_Handler_Interrupt
                0x8003846c       0x44 ./generate/drivers/r_intc/src/lld/r_intc_lld_rza2m_handler.o
                0x8003846c                NMI_Handler_Interrupt
 .text.Userdef_INTC_Pre_Interrupt
                0x800384b0        0x8 ./generate/configuration/r_intc_user.o
                0x800384b0                Userdef_INTC_Pre_Interrupt
 .text.Userdef_INTC_Post_Interrupt
                0x800384b8        0x8 ./generate/configuration/r_intc_user.o
                0x800384b8                Userdef_INTC_Post_Interrupt
 .text.Userdef_INTC_UndefId
                0x800384c0        0x8 ./generate/configuration/r_intc_user.o
                0x800384c0                Userdef_INTC_UndefId
 .text.Userdef_INTC_UnregisteredID
                0x800384c8       0x10 ./generate/configuration/r_intc_user.o
                0x800384c8                Userdef_INTC_UnregisteredID
 *(IRQ_FIQ_HANDLER)
 IRQ_FIQ_HANDLER
                0x800384d8       0xe4 ./generate/compiler/asm/irqfiq_handler.o
                0x800384d8                fiq_handler
                0x8003850c                irq_handler
                0x800385bc                . = ALIGN (0x4)
                0x20011a9c                __fastcode_load_end = (LOADADDR (.data) + (. - ADDR (.data)))
                0x800385bc                __data_exec_start = .
                0x20011a9c                __data_load_start = (LOADADDR (.data) + (. - ADDR (.data)))
 *(RAM_CODE)
 RAM_CODE       0x800385bc      0x9f4 ./src/renesas/application/flash_api.o
                0x80038c50                _sector_erase
                0x80038d1c                _page_program
 *(RAM_CONST)
 *(.text.r_mmu_tlbiall)
 .text.r_mmu_tlbiall
                0x80038fb0        0xc ./generate/compiler/asm/mmu_operation.o
                0x80038fb0                r_mmu_tlbiall
 *fill*         0x80038fbc        0x4 
 .text.r_mmu_tlbiall.__stub
                0x80038fc0       0x40 linker stubs
                0x80039000                . = ALIGN (0x4)
                0x200124e0                __data_load_end = (LOADADDR (.data) + (. - ADDR (.data)))

.igot.plt       0x80039000        0x0 load address 0x200124e0
 .igot.plt      0x80039000        0x0 ./src/user_prog/main.o

.bss            0x80039000        0x0 load address 0x200124e0
                0x80039000                __bss_start = .
                0x80039000                . = ALIGN (0x4)
                0x80039000                __bss_end = .

HVRAM           0x40000000   0x800000
 *(HYPER_RAM)
 HYPER_RAM      0x40000000   0x800000 ./src/user_prog/main.o

.uncached_RAM   0x82300000        0x0
                0x82300000                __uncached_RAM_start = .
 */r_cache_*.o(.bss .bss.* COMMON)
 *(UNCACHED_BSS)
                0x82300000                . = ALIGN (0x4)
                0x82300000                __uncached_RAM_end = .

.uncached_RAM2  0x82300000      0x2b8 load address 0x200124e0
                0x82300000                __uncached_RAM2_exec_start = .
                0x200124e0                __uncached_RAM2_load_start = (LOADADDR (.uncached_RAM2) + (. - ADDR (.uncached_RAM2)))
 */r_cache_*.o(.text .text.* .rodata .rodata.* .data .data.*)
 .text.cache_l2_sync
                0x82300000       0x40 ./generate/drivers/r_cache/src/lld/r_cache_lld_rza2m.o
 .text.R_CACHE_L1Init
                0x82300040       0x1c ./generate/drivers/r_cache/src/lld/r_cache_lld_rza2m.o
                0x82300040                R_CACHE_L1Init
 .text.R_CACHE_L1DataCleanInvalidAll
                0x8230005c        0x8 ./generate/drivers/r_cache/src/lld/r_cache_lld_rza2m.o
                0x8230005c                R_CACHE_L1DataCleanInvalidAll
 .text.R_CACHE_L2CacheEnable
                0x82300064       0x24 ./generate/drivers/r_cache/src/lld/r_cache_lld_rza2m.o
                0x82300064                R_CACHE_L2CacheEnable
 .text.R_CACHE_L2CacheDisable
                0x82300088       0x24 ./generate/drivers/r_cache/src/lld/r_cache_lld_rza2m.o
                0x82300088                R_CACHE_L2CacheDisable
 .text.R_CACHE_L2PrefetchDisable
                0x823000ac       0x38 ./generate/drivers/r_cache/src/lld/r_cache_lld_rza2m.o
                0x823000ac                R_CACHE_L2PrefetchDisable
 .text.R_CACHE_L2InvalidAll
                0x823000e4       0x44 ./generate/drivers/r_cache/src/lld/r_cache_lld_rza2m.o
                0x823000e4                R_CACHE_L2InvalidAll
 .text.R_CACHE_L2Init
                0x82300128       0x30 ./generate/drivers/r_cache/src/lld/r_cache_lld_rza2m.o
                0x82300128                R_CACHE_L2Init
 .text.R_CACHE_L2CleanInvalidAll
                0x82300158       0x44 ./generate/drivers/r_cache/src/lld/r_cache_lld_rza2m.o
                0x82300158                R_CACHE_L2CleanInvalidAll
 .text.r_cache_l1_cache_init
                0x8230019c        0x4 ./generate/compiler/asm/r_cache_l1_rza2.o
                0x8230019c                r_cache_l1_cache_init
 .text.r_cache_l1_i_inv_all
                0x823001a0       0x14 ./generate/compiler/asm/r_cache_l1_rza2.o
                0x823001a0                r_cache_l1_i_inv_all
 .text.r_cache_l1_d_cache_operation
                0x823001b4       0xb4 ./generate/compiler/asm/r_cache_l1_rza2.o
                0x823001b4                r_cache_l1_d_cache_operation
 .text.r_cache_l1_i_enable
                0x82300268       0x10 ./generate/compiler/asm/r_cache_l1_rza2.o
                0x82300268                r_cache_l1_i_enable
 .text.r_cache_l1_d_enable
                0x82300278       0x10 ./generate/compiler/asm/r_cache_l1_rza2.o
                0x82300278                r_cache_l1_d_enable
 .text.r_cache_l1_btac_enable
                0x82300288       0x10 ./generate/compiler/asm/r_cache_l1_rza2.o
                0x82300288                r_cache_l1_btac_enable
 .text.r_cache_l1_prefetch_enable
                0x82300298       0x10 ./generate/compiler/asm/r_cache_l1_rza2.o
                0x82300298                r_cache_l1_prefetch_enable
 .text.r_cache_l1_prefetch_enable.__stub
                0x823002a8       0x10 linker stubs
 *(UNCACHED_DATA)
                0x823002b8                . = ALIGN (0x4)
                0x20012798                __uncached_RAM2_load_end = (LOADADDR (.uncached_RAM2) + (. - ADDR (.uncached_RAM2)))

.mmu_page_table
                0x80020000     0x4000
                0x80020000                __mmu_page_table_base = .
                0x80024000                . = (. + 0x4000)
 *fill*         0x80020000     0x4000 
                0x80024000                __mmu_page_table_end = .

.stack          0x80028000    0x10000
                0x80028000                __sys_stack_start = .
                0x80030000                . = (. + 0x8000)
 *fill*         0x80028000     0x8000 
                0x80030000                . = ALIGN (0x10)
                0x80030000                __sys_stack_end = .
                0x80030000                __irq_stack_start = .
                0x80032000                . = (. + 0x2000)
 *fill*         0x80030000     0x2000 
                0x80032000                . = ALIGN (0x10)
                0x80032000                __irq_stack_end = .
                0x80032000                __fiq_stack_start = .
                0x80034000                . = (. + 0x2000)
 *fill*         0x80032000     0x2000 
                0x80034000                . = ALIGN (0x10)
                0x80034000                __fiq_stack_end = .
                0x80034000                __svc_stack_start = .
                0x80036000                . = (. + 0x2000)
 *fill*         0x80034000     0x2000 
                0x80036000                . = ALIGN (0x10)
                0x80036000                __svc_stack_end = .
                0x80036000                __abt_stack_start = .
                0x80038000                . = (. + 0x2000)
 *fill*         0x80036000     0x2000 
                0x80038000                . = ALIGN (0x10)
                0x80038000                __abt_stack_end = .

.text2          0x20012798    0x10e7c
 *(.text .text.*)
 .text.software_reset
                0x20012798       0x48 ./src/user_prog/main.o
 .text.firmware_verification_sha256_ecdsa.isra.1
                0x200127e0       0xe4 ./src/user_prog/main.o
 .text.secure_boot
                0x200128c4      0xb2c ./src/user_prog/main.o
 .text.startup.main
                0x200133f0       0x84 ./src/user_prog/main.o
                0x200133f0                main
 .text.Sample_LED_Blink
                0x20013474       0x40 ./src/user_prog/main.o
                0x20013474                Sample_LED_Blink
 .text.uECC_vli_mult
                0x200134b4      0x1b0 ./src/tinycrypt/lib/source/ecc.o
 .text.vli_modInv_update
                0x20013664       0xcc ./src/tinycrypt/lib/source/ecc.o
 .text.vli_mmod_fast_secp256r1
                0x20013730      0x5d8 ./src/tinycrypt/lib/source/ecc.o
                0x20013730                vli_mmod_fast_secp256r1
 .text.uECC_vli_clear
                0x20013d08       0x2c ./src/tinycrypt/lib/source/ecc.o
                0x20013d08                uECC_vli_clear
 .text.uECC_vli_isZero
                0x20013d34       0x40 ./src/tinycrypt/lib/source/ecc.o
                0x20013d34                uECC_vli_isZero
 .text.uECC_vli_testBit
                0x20013d74       0x18 ./src/tinycrypt/lib/source/ecc.o
                0x20013d74                uECC_vli_testBit
 .text.uECC_vli_numBits
                0x20013d8c       0x84 ./src/tinycrypt/lib/source/ecc.o
                0x20013d8c                uECC_vli_numBits
 .text.uECC_vli_set
                0x20013e10       0x30 ./src/tinycrypt/lib/source/ecc.o
                0x20013e10                uECC_vli_set
 .text.uECC_vli_cmp_unsafe
                0x20013e40       0x64 ./src/tinycrypt/lib/source/ecc.o
                0x20013e40                uECC_vli_cmp_unsafe
 .text.uECC_vli_equal
                0x20013ea4       0x50 ./src/tinycrypt/lib/source/ecc.o
                0x20013ea4                uECC_vli_equal
 .text.uECC_vli_sub
                0x20013ef4       0x70 ./src/tinycrypt/lib/source/ecc.o
                0x20013ef4                uECC_vli_sub
 .text.uECC_vli_modAdd
                0x20013f64      0x134 ./src/tinycrypt/lib/source/ecc.o
                0x20013f64                uECC_vli_modAdd
 .text.uECC_vli_modSub
                0x20014098       0xc4 ./src/tinycrypt/lib/source/ecc.o
                0x20014098                uECC_vli_modSub
 .text.double_jacobian_default
                0x2001415c      0x388 ./src/tinycrypt/lib/source/ecc.o
                0x2001415c                double_jacobian_default
 .text.x_side_default
                0x200144e4       0xb4 ./src/tinycrypt/lib/source/ecc.o
                0x200144e4                x_side_default
 .text.uECC_vli_mmod
                0x20014598      0x2c4 ./src/tinycrypt/lib/source/ecc.o
                0x20014598                uECC_vli_mmod
 .text.uECC_vli_modMult
                0x2001485c       0x3c ./src/tinycrypt/lib/source/ecc.o
                0x2001485c                uECC_vli_modMult
 .text.uECC_vli_modMult_fast
                0x20014898       0x34 ./src/tinycrypt/lib/source/ecc.o
                0x20014898                uECC_vli_modMult_fast
 .text.uECC_vli_modInv
                0x200148cc      0x594 ./src/tinycrypt/lib/source/ecc.o
                0x200148cc                uECC_vli_modInv
 .text.uECC_secp256r1
                0x20014e60        0xc ./src/tinycrypt/lib/source/ecc.o
                0x20014e60                uECC_secp256r1
 .text.apply_z  0x20014e6c       0xac ./src/tinycrypt/lib/source/ecc.o
                0x20014e6c                apply_z
 .text.XYcZ_add
                0x20014f18      0x1d8 ./src/tinycrypt/lib/source/ecc.o
                0x20014f18                XYcZ_add
 .text.uECC_vli_bytesToNative
                0x200150f0       0x8c ./src/tinycrypt/lib/source/ecc.o
                0x200150f0                uECC_vli_bytesToNative
 .text.bits2int
                0x2001517c       0xc8 ./src/tinycrypt/lib/source/ecc_dsa.o
 .text.uECC_verify
                0x20015244      0x424 ./src/tinycrypt/lib/source/ecc_dsa.o
                0x20015244                uECC_verify
 .text.compress
                0x20015668      0x2f4 ./src/tinycrypt/lib/source/sha256.o
 .text.tc_sha256_init
                0x2001595c       0x88 ./src/tinycrypt/lib/source/sha256.o
                0x2001595c                tc_sha256_init
 .text.tc_sha256_update
                0x200159e4       0x94 ./src/tinycrypt/lib/source/sha256.o
                0x200159e4                tc_sha256_update
 .text.tc_sha256_final
                0x20015a78      0x144 ./src/tinycrypt/lib/source/sha256.o
                0x20015a78                tc_sha256_final
 .text._set     0x20015bbc        0x4 ./src/tinycrypt/lib/source/utils.o
                0x20015bbc                _set
 .text.base64_decode
                0x20015bc0      0x1b0 ./src/renesas/application/base64_decode.o
                0x20015bc0                base64_decode
 .text.flash_erase_sector
                0x20015d70       0x18 ./src/renesas/application/flash_api.o
                0x20015d70                flash_erase_sector
 .text.flash_program_page
                0x20015d88       0x20 ./src/renesas/application/flash_api.o
                0x20015d88                flash_program_page
 .text.no_dev_open
                0x20015da8        0x8 ./generate/system/r_devlink_wrapper.o
                0x20015da8                no_dev_open
 .text.no_dev_close
                0x20015db0        0x4 ./generate/system/r_devlink_wrapper.o
                0x20015db0                no_dev_close
 .text.no_dev_control
                0x20015db4        0x8 ./generate/system/r_devlink_wrapper.o
                0x20015db4                no_dev_control
 .text.no_dev_get_version
                0x20015dbc        0x8 ./generate/system/r_devlink_wrapper.o
                0x20015dbc                no_dev_get_version
 .text.dev_get_pointer
                0x20015dc4       0x74 ./generate/system/r_devlink_wrapper.o
 .text.no_dev_read
                0x20015e38        0x8 ./generate/system/r_devlink_wrapper.o
                0x20015e38                no_dev_read
 .text.no_dev_write
                0x20015e40        0x8 ./generate/system/r_devlink_wrapper.o
                0x20015e40                no_dev_write
 .text.direct_open
                0x20015e48      0x158 ./generate/system/r_devlink_wrapper.o
                0x20015e48                direct_open
 .text.direct_close
                0x20015fa0       0x50 ./generate/system/r_devlink_wrapper.o
                0x20015fa0                direct_close
 .text.direct_read
                0x20015ff0       0x3c ./generate/system/r_devlink_wrapper.o
                0x20015ff0                direct_read
 .text.direct_write
                0x2001602c       0x44 ./generate/system/r_devlink_wrapper.o
                0x2001602c                direct_write
 .text.low_open
                0x20016070      0x170 ./generate/system/r_devlink_wrapper.o
                0x20016070                low_open
 .text.low_close
                0x200161e0        0x4 ./generate/system/r_devlink_wrapper.o
                0x200161e0                low_close
 .text.low_read
                0x200161e4        0x4 ./generate/system/r_devlink_wrapper.o
                0x200161e4                low_read
 .text.low_write
                0x200161e8        0x4 ./generate/system/r_devlink_wrapper.o
                0x200161e8                low_write
 .text.control  0x200161ec       0x3c ./generate/system/r_devlink_wrapper.o
                0x200161ec                control
 .text.direct_control
                0x20016228        0x4 ./generate/system/r_devlink_wrapper.o
                0x20016228                direct_control
 .text.R_DEVLINK_Init
                0x2001622c       0x14 ./generate/system/r_devlink_wrapper.o
                0x2001622c                R_DEVLINK_Init
 .text.R_SCIFA_Start
                0x20016240       0xa8 ./generate/sc_drivers/r_scifa/src/lld/r_rza2_scifa_lld.o
                0x20016240                R_SCIFA_Start
 .text.R_SCIFA_Stop
                0x200162e8       0x80 ./generate/sc_drivers/r_scifa/src/lld/r_rza2_scifa_lld.o
                0x200162e8                R_SCIFA_Stop
 .text.R_SCIFA_GetChannel
                0x20016368       0x10 ./generate/sc_drivers/r_scifa/src/lld/r_rza2_scifa_lld.o
                0x20016368                R_SCIFA_GetChannel
 .text.R_SCIFA_Init
                0x20016378       0xd0 ./generate/sc_drivers/r_scifa/src/lld/r_rza2_scifa_lld.o
                0x20016378                R_SCIFA_Init
 .text.R_SCIFA_SetParity
                0x20016448       0xcc ./generate/sc_drivers/r_scifa/src/lld/r_rza2_scifa_lld.o
                0x20016448                R_SCIFA_SetParity
 .text.R_SICFA_SetTransmissionMode
                0x20016514       0x54 ./generate/sc_drivers/r_scifa/src/lld/r_rza2_scifa_lld.o
                0x20016514                R_SICFA_SetTransmissionMode
 .text.R_SCIFA_SetStopBits
                0x20016568       0x54 ./generate/sc_drivers/r_scifa/src/lld/r_rza2_scifa_lld.o
                0x20016568                R_SCIFA_SetStopBits
 .text.R_SCIFA_SetDataBits
                0x200165bc       0x54 ./generate/sc_drivers/r_scifa/src/lld/r_rza2_scifa_lld.o
                0x200165bc                R_SCIFA_SetDataBits
 .text.R_SCIFA_SetLoopBack
                0x20016610       0x64 ./generate/sc_drivers/r_scifa/src/lld/r_rza2_scifa_lld.o
                0x20016610                R_SCIFA_SetLoopBack
 .text.R_SCIFA_SetDataOrder
                0x20016674       0x58 ./generate/sc_drivers/r_scifa/src/lld/r_rza2_scifa_lld.o
                0x20016674                R_SCIFA_SetDataOrder
 .text.R_SCIFA_StopTransmit
                0x200166cc       0x84 ./generate/sc_drivers/r_scifa/src/lld/r_rza2_scifa_lld.o
                0x200166cc                R_SCIFA_StopTransmit
 .text.R_SCIFA_GetTXEIState
                0x20016750       0x24 ./generate/sc_drivers/r_scifa/src/lld/r_rza2_scifa_lld.o
                0x20016750                R_SCIFA_GetTXEIState
 .text.R_SCIFA_GetTXIState
                0x20016774       0x5c ./generate/sc_drivers/r_scifa/src/lld/r_rza2_scifa_lld.o
                0x20016774                R_SCIFA_GetTXIState
 .text.R_SCIFA_ClearTXIFlags
                0x200167d0       0x64 ./generate/sc_drivers/r_scifa/src/lld/r_rza2_scifa_lld.o
                0x200167d0                R_SCIFA_ClearTXIFlags
 .text.R_SCIFA_CheckRXIError
                0x20016834      0x154 ./generate/sc_drivers/r_scifa/src/lld/r_rza2_scifa_lld.o
                0x20016834                R_SCIFA_CheckRXIError
 .text.R_SCIFA_GetRXIState
                0x20016988       0x80 ./generate/sc_drivers/r_scifa/src/lld/r_rza2_scifa_lld.o
                0x20016988                R_SCIFA_GetRXIState
 .text.R_SCIFA_ClearRXIFlags
                0x20016a08       0x64 ./generate/sc_drivers/r_scifa/src/lld/r_rza2_scifa_lld.o
                0x20016a08                R_SCIFA_ClearRXIFlags
 .text.R_SCIFA_IsRxFifoEmpty
                0x20016a6c       0x50 ./generate/sc_drivers/r_scifa/src/lld/r_rza2_scifa_lld.o
                0x20016a6c                R_SCIFA_IsRxFifoEmpty
 .text.R_SCIFA_StopTXI
                0x20016abc       0x58 ./generate/sc_drivers/r_scifa/src/lld/r_rza2_scifa_lld.o
                0x20016abc                R_SCIFA_StopTXI
 .text.R_SCIFA_StartTXI
                0x20016b14       0x40 ./generate/sc_drivers/r_scifa/src/lld/r_rza2_scifa_lld.o
                0x20016b14                R_SCIFA_StartTXI
 .text.R_SCIFA_PutByte
                0x20016b54       0x3c ./generate/sc_drivers/r_scifa/src/lld/r_rza2_scifa_lld.o
                0x20016b54                R_SCIFA_PutByte
 .text.R_SCIFA_GetByte
                0x20016b90       0x4c ./generate/sc_drivers/r_scifa/src/lld/r_rza2_scifa_lld.o
                0x20016b90                R_SCIFA_GetByte
 .text.R_SCIFA_IsTxFifoFull
                0x20016bdc       0x54 ./generate/sc_drivers/r_scifa/src/lld/r_rza2_scifa_lld.o
                0x20016bdc                R_SCIFA_IsTxFifoFull
 .text.R_SCIFA_SetFIFOThreshold
                0x20016c30       0xc4 ./generate/sc_drivers/r_scifa/src/lld/r_rza2_scifa_lld.o
                0x20016c30                R_SCIFA_SetFIFOThreshold
 .text.R_SCIFA_SetExtendedCfg
                0x20016cf4       0x7c ./generate/sc_drivers/r_scifa/src/lld/r_rza2_scifa_lld.o
                0x20016cf4                R_SCIFA_SetExtendedCfg
 .text.R_SCIFA_SetTXDOutput
                0x20016d70       0x5c ./generate/sc_drivers/r_scifa/src/lld/r_rza2_scifa_lld.o
                0x20016d70                R_SCIFA_SetTXDOutput
 .text.R_SCIFA_SetSCKOutput
                0x20016dcc       0x5c ./generate/sc_drivers/r_scifa/src/lld/r_rza2_scifa_lld.o
                0x20016dcc                R_SCIFA_SetSCKOutput
 .text.R_SCIFA_SetCTSOutput
                0x20016e28       0x74 ./generate/sc_drivers/r_scifa/src/lld/r_rza2_scifa_lld.o
                0x20016e28                R_SCIFA_SetCTSOutput
 .text.R_SCIFA_SetRTSOutput
                0x20016e9c       0x74 ./generate/sc_drivers/r_scifa/src/lld/r_rza2_scifa_lld.o
                0x20016e9c                R_SCIFA_SetRTSOutput
 .text.R_SCIFA_GetVersion
                0x20016f10       0x2c ./generate/sc_drivers/r_scifa/src/lld/r_rza2_scifa_lld.o
                0x20016f10                R_SCIFA_GetVersion
 .text.R_SCIFA_SetupInterrupts
                0x20016f3c      0x2f4 ./generate/sc_drivers/r_scifa/src/lld/r_rza2_scifa_lld.o
                0x20016f3c                R_SCIFA_SetupInterrupts
 .text.R_SCIFA_StartModule
                0x20017230       0x7c ./generate/sc_drivers/r_scifa/src/lld/r_rza2_scifa_lld.o
                0x20017230                R_SCIFA_StartModule
 .text.R_SCIFA_ChannelConfigure
                0x200172ac      0x1b4 ./generate/sc_drivers/r_scifa/src/lld/r_rza2_scifa_lld.o
                0x200172ac                R_SCIFA_ChannelConfigure
 .text.R_SCIFA_Open
                0x20017460       0x94 ./generate/sc_drivers/r_scifa/src/lld/r_rza2_scifa_lld.o
                0x20017460                R_SCIFA_Open
 .text.R_SCIFA_DisableTxInterrupt
                0x200174f4       0x20 ./generate/sc_drivers/r_scifa/src/lld/r_rza2_scifa_lld.o
                0x200174f4                R_SCIFA_DisableTxInterrupt
 .text.R_SCIFA_EnableTxInterrupt
                0x20017514       0x20 ./generate/sc_drivers/r_scifa/src/lld/r_rza2_scifa_lld.o
                0x20017514                R_SCIFA_EnableTxInterrupt
 .text.R_SCIFA_DisableRxInterrupt
                0x20017534       0x20 ./generate/sc_drivers/r_scifa/src/lld/r_rza2_scifa_lld.o
                0x20017534                R_SCIFA_DisableRxInterrupt
 .text.R_SCIFA_EnableRxInterrupt
                0x20017554       0x20 ./generate/sc_drivers/r_scifa/src/lld/r_rza2_scifa_lld.o
                0x20017554                R_SCIFA_EnableRxInterrupt
 *fill*         0x20017574        0x4 
 .text.R_SCIFA_SetBaud
                0x20017578      0x3f8 ./generate/sc_drivers/r_scifa/src/lld/r_rza2_scifa_lld_baud.o
                0x20017578                R_SCIFA_SetBaud
 .text.scifa_hld_get_version
                0x20017970       0x34 ./generate/sc_drivers/r_scifa/src/hld/r_scifa_drv_api.o
 .text.scifa_get_config_index
                0x200179a4       0x4c ./generate/sc_drivers/r_scifa/src/hld/r_scifa_drv_api.o
 .text.scifa_hld_control
                0x200179f0       0xc4 ./generate/sc_drivers/r_scifa/src/hld/r_scifa_drv_api.o
 .text.scifa_hld_write
                0x20017ab4       0x20 ./generate/sc_drivers/r_scifa/src/hld/r_scifa_drv_api.o
 .text.scifa_hld_read
                0x20017ad4       0x20 ./generate/sc_drivers/r_scifa/src/hld/r_scifa_drv_api.o
 .text.scifa_hld_close
                0x20017af4       0x10 ./generate/sc_drivers/r_scifa/src/hld/r_scifa_drv_api.o
 .text.scifa_hld_open
                0x20017b04       0x18 ./generate/sc_drivers/r_scifa/src/hld/r_scifa_drv_api.o
 .text.RXI_handler
                0x20017b1c       0xdc ./generate/sc_drivers/r_scifa/src/hld/r_scifa_hld_prv.o
 .text.TXI_handler
                0x20017bf8       0xec ./generate/sc_drivers/r_scifa/src/hld/r_scifa_hld_prv.o
 .text.TXEI_handler
                0x20017ce4       0x38 ./generate/sc_drivers/r_scifa/src/hld/r_scifa_hld_prv.o
 .text.r_scifa_hld_prv_destroy_buffers
                0x20017d1c       0x58 ./generate/sc_drivers/r_scifa/src/hld/r_scifa_hld_prv.o
 .text.start_tx
                0x20017d74      0x120 ./generate/sc_drivers/r_scifa/src/hld/r_scifa_hld_prv.o
 .text.r_scifa_hld_prv_create_buffers
                0x20017e94       0xe4 ./generate/sc_drivers/r_scifa/src/hld/r_scifa_hld_prv.o
 .text.r_scifa_hld_prv_open
                0x20017f78      0x190 ./generate/sc_drivers/r_scifa/src/hld/r_scifa_hld_prv.o
                0x20017f78                r_scifa_hld_prv_open
 .text.r_scifa_hld_prv_close
                0x20018108      0x12c ./generate/sc_drivers/r_scifa/src/hld/r_scifa_hld_prv.o
                0x20018108                r_scifa_hld_prv_close
 .text.r_scifa_hld_dma_read_next
                0x20018234        0x8 ./generate/sc_drivers/r_scifa/src/hld/r_scifa_hld_prv.o
                0x20018234                r_scifa_hld_dma_read_next
 .text.r_scifa_hld_prv_read
                0x2001823c      0x18c ./generate/sc_drivers/r_scifa/src/hld/r_scifa_hld_prv.o
                0x2001823c                r_scifa_hld_prv_read
 .text.r_scifa_hld_dma_write_next
                0x200183c8        0x8 ./generate/sc_drivers/r_scifa/src/hld/r_scifa_hld_prv.o
                0x200183c8                r_scifa_hld_dma_write_next
 .text.r_scifa_hld_prv_write
                0x200183d0      0x128 ./generate/sc_drivers/r_scifa/src/hld/r_scifa_hld_prv.o
                0x200183d0                r_scifa_hld_prv_write
 .text.r_scifa_hld_prv_set_config
                0x200184f8      0x124 ./generate/sc_drivers/r_scifa/src/hld/r_scifa_hld_prv.o
                0x200184f8                r_scifa_hld_prv_set_config
 .text.r_scifa_hld_prv_get_config
                0x2001861c       0x5c ./generate/sc_drivers/r_scifa/src/hld/r_scifa_hld_prv.o
                0x2001861c                r_scifa_hld_prv_get_config
 .text.r_scifa_hld_dma_read_abort
                0x20018678        0x8 ./generate/sc_drivers/r_scifa/src/hld/r_scifa_hld_prv.o
                0x20018678                r_scifa_hld_dma_read_abort
 .text.r_scifa_hld_dma_write_abort
                0x20018680        0x8 ./generate/sc_drivers/r_scifa/src/hld/r_scifa_hld_prv.o
                0x20018680                r_scifa_hld_dma_write_abort
 .text.r_scifa_hld_tx_flush
                0x20018688       0x64 ./generate/sc_drivers/r_scifa/src/hld/r_scifa_hld_prv.o
                0x20018688                r_scifa_hld_tx_flush
 .text.calc_compare
                0x200186ec       0xa0 ./generate/sc_drivers/r_ostm/src/lld/r_ostm_lld_rza2m.o
 .text.R_OSTM_Init
                0x2001878c      0x1d0 ./generate/sc_drivers/r_ostm/src/lld/r_ostm_lld_rza2m.o
                0x2001878c                R_OSTM_Init
 .text.R_OSTM_GetVersion
                0x2001895c       0x34 ./generate/sc_drivers/r_ostm/src/lld/r_ostm_lld_rza2m.o
                0x2001895c                R_OSTM_GetVersion
 .text.R_OSTM_GetCount
                0x20018990       0x48 ./generate/sc_drivers/r_ostm/src/lld/r_ostm_lld_rza2m.o
                0x20018990                R_OSTM_GetCount
 .text.R_OSTM_Start
                0x200189d8       0x90 ./generate/sc_drivers/r_ostm/src/lld/r_ostm_lld_rza2m.o
                0x200189d8                R_OSTM_Start
 .text.R_OSTM_Stop
                0x20018a68       0x5c ./generate/sc_drivers/r_ostm/src/lld/r_ostm_lld_rza2m.o
                0x20018a68                R_OSTM_Stop
 .text.R_OSTM_Close
                0x20018ac4       0x6c ./generate/sc_drivers/r_ostm/src/lld/r_ostm_lld_rza2m.o
                0x20018ac4                R_OSTM_Close
 .text.ostm_get_version
                0x20018b30       0x28 ./generate/sc_drivers/r_ostm/src/hld/r_ostm_drv_api.o
 .text.ostm_read
                0x20018b58       0x28 ./generate/sc_drivers/r_ostm/src/hld/r_ostm_drv_api.o
 .text.ostm_close
                0x20018b80       0x38 ./generate/sc_drivers/r_ostm/src/hld/r_ostm_drv_api.o
 .text.ostm_control
                0x20018bb8       0xa8 ./generate/sc_drivers/r_ostm/src/hld/r_ostm_drv_api.o
 .text.ostm_open
                0x20018c60       0x58 ./generate/sc_drivers/r_ostm/src/hld/r_ostm_drv_api.o
 .text.cbCreate
                0x20018cb8       0x44 ./generate/sc_drivers/r_cbuffer/src/r_cbuffer.o
                0x20018cb8                cbCreate
 .text.cbDestroy
                0x20018cfc       0x30 ./generate/sc_drivers/r_cbuffer/src/r_cbuffer.o
                0x20018cfc                cbDestroy
 .text.cbPut    0x20018d2c       0x50 ./generate/sc_drivers/r_cbuffer/src/r_cbuffer.o
                0x20018d2c                cbPut
 .text.cbGet    0x20018d7c       0x50 ./generate/sc_drivers/r_cbuffer/src/r_cbuffer.o
                0x20018d7c                cbGet
 .text.cbUsed   0x20018dcc       0x28 ./generate/sc_drivers/r_cbuffer/src/r_cbuffer.o
                0x20018dcc                cbUsed
 .text.cbFree   0x20018df4       0x30 ./generate/sc_drivers/r_cbuffer/src/r_cbuffer.o
                0x20018df4                cbFree
 .text.get_timeout_tickcount
                0x20018e24       0xa4 ./generate/os_abstraction/src/r_os_abstraction_api.o
 .text.R_OS_AbstractionLayerInit
                0x20018ec8       0x7c ./generate/os_abstraction/src/r_os_abstraction_api.o
                0x20018ec8                R_OS_AbstractionLayerInit
 .text.R_OS_Running
                0x20018f44        0x8 ./generate/os_abstraction/src/r_os_abstraction_api.o
                0x20018f44                R_OS_Running
 .text.R_OS_TaskSleep
                0x20018f4c       0x24 ./generate/os_abstraction/src/r_os_abstraction_api.o
                0x20018f4c                R_OS_TaskSleep
 .text.R_OS_SysLock
                0x20018f70       0x10 ./generate/os_abstraction/src/r_os_abstraction_api.o
                0x20018f70                R_OS_SysLock
 .text.R_OS_SysUnlock
                0x20018f80        0x4 ./generate/os_abstraction/src/r_os_abstraction_api.o
                0x20018f80                R_OS_SysUnlock
 .text.R_OS_SysWaitAccess
                0x20018f84        0x8 ./generate/os_abstraction/src/r_os_abstraction_api.o
                0x20018f84                R_OS_SysWaitAccess
 .text.R_OS_SysReleaseAccess
                0x20018f8c        0x8 ./generate/os_abstraction/src/r_os_abstraction_api.o
                0x20018f8c                R_OS_SysReleaseAccess
 .text.R_OS_Malloc
                0x20018f94        0x4 ./generate/os_abstraction/src/r_os_abstraction_api.o
                0x20018f94                R_OS_Malloc
 .text.R_OS_Free
                0x20018f98       0x28 ./generate/os_abstraction/src/r_os_abstraction_api.o
                0x20018f98                R_OS_Free
 .text.R_OS_MutexCreate
                0x20018fc0       0x1c ./generate/os_abstraction/src/r_os_abstraction_api.o
                0x20018fc0                R_OS_MutexCreate
 .text.R_OS_MutexRelease
                0x20018fdc       0x20 ./generate/os_abstraction/src/r_os_abstraction_api.o
                0x20018fdc                R_OS_MutexRelease
 .text.R_OS_MutexWait
                0x20018ffc       0x88 ./generate/os_abstraction/src/r_os_abstraction_api.o
                0x20018ffc                R_OS_MutexWait
 .text.R_OS_MutexAcquire
                0x20019084       0x24 ./generate/os_abstraction/src/r_os_abstraction_api.o
                0x20019084                R_OS_MutexAcquire
 .text.R_OS_EnterCritical
                0x200190a8        0x4 ./generate/os_abstraction/src/r_os_abstraction_api.o
                0x200190a8                R_OS_EnterCritical
 .text.R_OS_ExitCritical
                0x200190ac        0x4 ./generate/os_abstraction/src/r_os_abstraction_api.o
                0x200190ac                R_OS_ExitCritical
 .text.R_OS_EventDelete
                0x200190b0       0x3c ./generate/os_abstraction/src/r_os_abstraction_api.o
                0x200190b0                R_OS_EventDelete
 .text.R_OS_MutexDelete
                0x200190ec        0x4 ./generate/os_abstraction/src/r_os_abstraction_api.o
                0x200190ec                R_OS_MutexDelete
 .text.os_abstraction_isr
                0x200190f0       0x18 ./generate/os_abstraction/src/r_os_abstraction_api.o
                0x200190f0                os_abstraction_isr
 .text.R_STB_StopModule
                0x20019108       0x7c ./generate/drivers/r_stb/src/lld/r_stb_lld_rza2m.o
                0x20019108                R_STB_StopModule
 .text.R_STB_StartModule
                0x20019184       0x7c ./generate/drivers/r_stb/src/lld/r_stb_lld_rza2m.o
                0x20019184                R_STB_StartModule
 .text.mmu_get_ttb_entry
                0x20019200       0x34 ./generate/drivers/r_mmu/src/lld/r_mmu_lld_rza2m.o
 .text.R_MMU_WriteTbl
                0x20019234       0x64 ./generate/drivers/r_mmu/src/lld/r_mmu_lld_rza2m.o
                0x20019234                R_MMU_WriteTbl
 .text.R_MMU_Init
                0x20019298       0x8c ./generate/drivers/r_mmu/src/lld/r_mmu_lld_rza2m.o
                0x20019298                R_MMU_Init
 .text.unprotect_pin_mux
                0x20019324       0x38 ./generate/drivers/r_gpio/src/lld/r_gpio_lld_rza2m.o
 .text.protect_pin_mux
                0x2001935c       0x38 ./generate/drivers/r_gpio/src/lld/r_gpio_lld_rza2m.o
 .text.get_pin_allocation.part.0
                0x20019394       0x58 ./generate/drivers/r_gpio/src/lld/r_gpio_lld_rza2m.o
 .text.R_GPIO_PortWrite
                0x200193ec       0x34 ./generate/drivers/r_gpio/src/lld/r_gpio_lld_rza2m.o
                0x200193ec                R_GPIO_PortWrite
 .text.R_GPIO_PortRead
                0x20019420       0x48 ./generate/drivers/r_gpio/src/lld/r_gpio_lld_rza2m.o
                0x20019420                R_GPIO_PortRead
 .text.R_GPIO_PinWrite
                0x20019468       0xa4 ./generate/drivers/r_gpio/src/lld/r_gpio_lld_rza2m.o
                0x20019468                R_GPIO_PinWrite
 .text.R_GPIO_PinRead
                0x2001950c       0x84 ./generate/drivers/r_gpio/src/lld/r_gpio_lld_rza2m.o
                0x2001950c                R_GPIO_PinRead
 .text.R_GPIO_PinDirectionSet
                0x20019590      0x10c ./generate/drivers/r_gpio/src/lld/r_gpio_lld_rza2m.o
                0x20019590                R_GPIO_PinDirectionSet
 .text.R_GPIO_PinDirectionGet
                0x2001969c       0xc8 ./generate/drivers/r_gpio/src/lld/r_gpio_lld_rza2m.o
                0x2001969c                R_GPIO_PinDirectionGet
 .text.R_GPIO_PinAssignmentSet
                0x20019764       0x80 ./generate/drivers/r_gpio/src/lld/r_gpio_lld_rza2m.o
                0x20019764                R_GPIO_PinAssignmentSet
 .text.R_GPIO_PinAssignmentGet
                0x200197e4       0x84 ./generate/drivers/r_gpio/src/lld/r_gpio_lld_rza2m.o
                0x200197e4                R_GPIO_PinAssignmentGet
 .text.R_GPIO_PinTintSet
                0x20019868       0xf8 ./generate/drivers/r_gpio/src/lld/r_gpio_lld_rza2m.o
                0x20019868                R_GPIO_PinTintSet
 .text.R_GPIO_PinTintGet
                0x20019960       0x7c ./generate/drivers/r_gpio/src/lld/r_gpio_lld_rza2m.o
                0x20019960                R_GPIO_PinTintGet
 .text.R_GPIO_PinDscrSet
                0x200199dc      0x2b0 ./generate/drivers/r_gpio/src/lld/r_gpio_lld_rza2m.o
                0x200199dc                R_GPIO_PinDscrSet
 .text.R_GPIO_PinDscrGet
                0x20019c8c      0x1ac ./generate/drivers/r_gpio/src/lld/r_gpio_lld_rza2m.o
                0x20019c8c                R_GPIO_PinDscrGet
 .text.R_GPIO_PeripheralFunctionWrite
                0x20019e38       0x70 ./generate/drivers/r_gpio/src/lld/r_gpio_lld_rza2m.o
                0x20019e38                R_GPIO_PeripheralFunctionWrite
 .text.R_GPIO_PeripheralFunctionRead
                0x20019ea8       0x6c ./generate/drivers/r_gpio/src/lld/r_gpio_lld_rza2m.o
                0x20019ea8                R_GPIO_PeripheralFunctionRead
 .text.R_GPIO_PinSetFunction
                0x20019f14      0x174 ./generate/drivers/r_gpio/src/lld/r_gpio_lld_rza2m.o
                0x20019f14                R_GPIO_PinSetFunction
 .text.pin_configuration
                0x2001a088       0x80 ./generate/drivers/r_gpio/src/lld/r_gpio_lld_rza2m.o
 .text.R_GPIO_PinSetConfiguration
                0x2001a108       0xd8 ./generate/drivers/r_gpio/src/lld/r_gpio_lld_rza2m.o
                0x2001a108                R_GPIO_PinSetConfiguration
 .text.R_GPIO_InitByPinList
                0x2001a1e0      0x148 ./generate/drivers/r_gpio/src/lld/r_gpio_lld_rza2m.o
                0x2001a1e0                R_GPIO_InitByPinList
 .text.R_GPIO_ClearByPinList
                0x2001a328      0x1a0 ./generate/drivers/r_gpio/src/lld/r_gpio_lld_rza2m.o
                0x2001a328                R_GPIO_ClearByPinList
 .text.R_GPIO_InitByTable
                0x2001a4c8      0x178 ./generate/drivers/r_gpio/src/lld/r_gpio_lld_rza2m.o
                0x2001a4c8                R_GPIO_InitByTable
 .text.R_GPIO_HWInitialise
                0x2001a640       0x84 ./generate/drivers/r_gpio/src/lld/r_gpio_lld_rza2m.o
                0x2001a640                R_GPIO_HWInitialise
 .text.R_GPIO_ClearByTable
                0x2001a6c4      0x1ac ./generate/drivers/r_gpio/src/lld/r_gpio_lld_rza2m.o
                0x2001a6c4                R_GPIO_ClearByTable
 .text.R_GPIO_PinGetFunction
                0x2001a870       0xf8 ./generate/drivers/r_gpio/src/lld/r_gpio_lld_rza2m.o
                0x2001a870                R_GPIO_PinGetFunction
 .text.R_GPIO_PinGetConfiguration
                0x2001a968       0xa4 ./generate/drivers/r_gpio/src/lld/r_gpio_lld_rza2m.o
                0x2001a968                R_GPIO_PinGetConfiguration
 .text.R_GPIO_DeallocateAllPins
                0x2001aa0c       0x2c ./generate/drivers/r_gpio/src/lld/r_gpio_lld_rza2m.o
                0x2001aa0c                R_GPIO_DeallocateAllPins
 .text.R_GPIO_GetVersion
                0x2001aa38       0x34 ./generate/drivers/r_gpio/src/lld/r_gpio_lld_rza2m.o
                0x2001aa38                R_GPIO_GetVersion
 .text.gpio_get_version
                0x2001aa6c       0x28 ./generate/drivers/r_gpio/src/hld/r_gpio_drv_api.o
 .text.gpio_control
                0x2001aa94      0x17c ./generate/drivers/r_gpio/src/hld/r_gpio_drv_api.o
 .text.gpio_close
                0x2001ac10        0x8 ./generate/drivers/r_gpio/src/hld/r_gpio_drv_api.o
 .text.gpio_open
                0x2001ac18        0x8 ./generate/drivers/r_gpio/src/hld/r_gpio_drv_api.o
 .text.__libc_init_array
                0x2001ac20       0x74 ./generate/compiler/init/init.o
                0x2001ac20                __libc_init_array
 .text.disable_rtc.part.0
                0x2001ac94       0xec ./generate/compiler/init/resetprg.o
 .text.disable_usb.part.1
                0x2001ad80      0x204 ./generate/compiler/init/resetprg.o
 .text.resetprg
                0x2001af84       0x60 ./generate/compiler/init/resetprg.o
                0x2001af84                resetprg
 .text.initialise_monitor_handles
                0x2001afe4       0x5c ./generate/compiler/init/syscalls.o
                0x2001afe4                initialise_monitor_handles
 .text._sbrk    0x2001b040       0x70 ./generate/compiler/init/syscalls.o
                0x2001b040                _sbrk
 .text._lseek   0x2001b0b0        0x8 ./generate/compiler/init/syscalls.o
                0x2001b0b0                _lseek
 .text._swiopen
                0x2001b0b8       0x6c ./generate/compiler/init/syscalls.o
                0x2001b0b8                _swiopen
 .text._open    0x2001b124       0x30 ./generate/compiler/init/syscalls.o
                0x2001b124                _open
 .text._close   0x2001b154       0x2c ./generate/compiler/init/syscalls.o
                0x2001b154                _close
 .text._read    0x2001b180       0x20 ./generate/compiler/init/syscalls.o
                0x2001b180                _read
 .text._write   0x2001b1a0       0x24 ./generate/compiler/init/syscalls.o
                0x2001b1a0                _write
 .text._fstat   0x2001b1c4       0x10 ./generate/compiler/init/syscalls.o
                0x2001b1c4                _fstat
 .text._isatty  0x2001b1d4       0x24 ./generate/compiler/init/syscalls.o
                0x2001b1d4                _isatty
 .text.__set_vbar
                0x2001b1f8        0x8 ./generate/compiler/asm/cpu.o
                0x2001b1f8                __set_vbar
 .text.R_SoftwareDelay
                0x2001b200       0x10 ./generate/compiler/asm/cpu.o
                0x2001b200                R_SoftwareDelay
 .text.__disable_irq
                0x2001b210       0x10 ./generate/compiler/asm/irq.o
                0x2001b210                __disable_irq
 .text.__enable_irq
                0x2001b220        0x8 ./generate/compiler/asm/irq.o
                0x2001b220                __enable_irq
 .text.__enable_fiq
                0x2001b228        0x8 ./generate/compiler/asm/irq.o
                0x2001b228                __enable_fiq
 .text.r_mmu_get_ttbcr
                0x2001b230        0x8 ./generate/compiler/asm/mmu_operation.o
                0x2001b230                r_mmu_get_ttbcr
 .text.r_mmu_set_ttbcr
                0x2001b238        0x8 ./generate/compiler/asm/mmu_operation.o
                0x2001b238                r_mmu_set_ttbcr
 .text.r_mmu_get_ttbr0
                0x2001b240        0x8 ./generate/compiler/asm/mmu_operation.o
                0x2001b240                r_mmu_get_ttbr0
 .text.r_mmu_set_ttbr0
                0x2001b248        0x8 ./generate/compiler/asm/mmu_operation.o
                0x2001b248                r_mmu_set_ttbr0
 .text.r_mmu_set_dacr
                0x2001b250        0x8 ./generate/compiler/asm/mmu_operation.o
                0x2001b250                r_mmu_set_dacr
 .text.r_mmu_get_sctlr
                0x2001b258        0x8 ./generate/compiler/asm/mmu_operation.o
                0x2001b258                r_mmu_get_sctlr
 .text.r_mmu_set_sctlr
                0x2001b260        0xc ./generate/compiler/asm/mmu_operation.o
                0x2001b260                r_mmu_set_sctlr
 .text.Enable_VFP
                0x2001b26c       0x24 ./generate/compiler/asm/vfp_init.o
                0x2001b26c                Enable_VFP
 .text          0x2001b290      0x278 c:/program files (x86)/gnu tools arm embedded/6 2017-q2-update/bin/../lib/gcc/arm-none-eabi/6.3.1/thumb/v7-ar/fpv3/hard\libgcc.a(_udivsi3.o)
                0x2001b290                __aeabi_uidiv
                0x2001b290                __udivsi3
                0x2001b4ec                __aeabi_uidivmod
 .text          0x2001b508        0x4 c:/program files (x86)/gnu tools arm embedded/6 2017-q2-update/bin/../lib/gcc/arm-none-eabi/6.3.1/thumb/v7-ar/fpv3/hard\libgcc.a(_dvmd_tls.o)
                0x2001b508                __aeabi_idiv0
                0x2001b508                __aeabi_ldiv0
 *fill*         0x2001b50c        0x4 
 .text          0x2001b510       0x48 c:/program files (x86)/gnu tools arm embedded/6 2017-q2-update/bin/../lib/gcc/arm-none-eabi/6.3.1/thumb/v7-ar/fpv3/hard\libgcc.a(_fixunsdfdi.o)
                0x2001b510                __fixunsdfdi
                0x2001b510                __aeabi_d2ulz
 .text.__sflush_r
                0x2001b558      0x140 c:/program files (x86)/gnu tools arm embedded/6 2017-q2-update/bin/../lib/gcc/arm-none-eabi/6.3.1/../../../../arm-none-eabi/lib/thumb/v7-ar/fpv3/hard\libg.a(lib_a-fflush.o)
                0x2001b558                __sflush_r
 .text._fflush_r
                0x2001b698       0x54 c:/program files (x86)/gnu tools arm embedded/6 2017-q2-update/bin/../lib/gcc/arm-none-eabi/6.3.1/../../../../arm-none-eabi/lib/thumb/v7-ar/fpv3/hard\libg.a(lib_a-fflush.o)
                0x2001b698                _fflush_r
 .text._cleanup_r
                0x2001b6ec        0xc c:/program files (x86)/gnu tools arm embedded/6 2017-q2-update/bin/../lib/gcc/arm-none-eabi/6.3.1/../../../../arm-none-eabi/lib/thumb/v7-ar/fpv3/hard\libg.a(lib_a-findfp.o)
                0x2001b6ec                _cleanup_r
 .text.std.isra.0
                0x2001b6f8       0x58 c:/program files (x86)/gnu tools arm embedded/6 2017-q2-update/bin/../lib/gcc/arm-none-eabi/6.3.1/../../../../arm-none-eabi/lib/thumb/v7-ar/fpv3/hard\libg.a(lib_a-findfp.o)
 .text.__sinit  0x2001b750       0x70 c:/program files (x86)/gnu tools arm embedded/6 2017-q2-update/bin/../lib/gcc/arm-none-eabi/6.3.1/../../../../arm-none-eabi/lib/thumb/v7-ar/fpv3/hard\libg.a(lib_a-findfp.o)
                0x2001b750                __sinit
 .text.__sfp_lock_acquire
                0x2001b7c0        0xc c:/program files (x86)/gnu tools arm embedded/6 2017-q2-update/bin/../lib/gcc/arm-none-eabi/6.3.1/../../../../arm-none-eabi/lib/thumb/v7-ar/fpv3/hard\libg.a(lib_a-findfp.o)
                0x2001b7c0                __sfp_lock_acquire
 .text.__sfp_lock_release
                0x2001b7cc        0xc c:/program files (x86)/gnu tools arm embedded/6 2017-q2-update/bin/../lib/gcc/arm-none-eabi/6.3.1/../../../../arm-none-eabi/lib/thumb/v7-ar/fpv3/hard\libg.a(lib_a-findfp.o)
                0x2001b7cc                __sfp_lock_release
 .text._malloc_trim_r
                0x2001b7d8       0xac c:/program files (x86)/gnu tools arm embedded/6 2017-q2-update/bin/../lib/gcc/arm-none-eabi/6.3.1/../../../../arm-none-eabi/lib/thumb/v7-ar/fpv3/hard\libg.a(lib_a-freer.o)
                0x2001b7d8                _malloc_trim_r
 .text._free_r  0x2001b884      0x1e0 c:/program files (x86)/gnu tools arm embedded/6 2017-q2-update/bin/../lib/gcc/arm-none-eabi/6.3.1/../../../../arm-none-eabi/lib/thumb/v7-ar/fpv3/hard\libg.a(lib_a-freer.o)
                0x2001b884                _free_r
 .text.__sfvwrite_r
                0x2001ba64      0x31c c:/program files (x86)/gnu tools arm embedded/6 2017-q2-update/bin/../lib/gcc/arm-none-eabi/6.3.1/../../../../arm-none-eabi/lib/thumb/v7-ar/fpv3/hard\libg.a(lib_a-fvwrite.o)
                0x2001ba64                __sfvwrite_r
 .text._fwalk_reent
                0x2001bd80       0x50 c:/program files (x86)/gnu tools arm embedded/6 2017-q2-update/bin/../lib/gcc/arm-none-eabi/6.3.1/../../../../arm-none-eabi/lib/thumb/v7-ar/fpv3/hard\libg.a(lib_a-fwalk.o)
                0x2001bd80                _fwalk_reent
 .text.__locale_mb_cur_max
                0x2001bdd0       0x20 c:/program files (x86)/gnu tools arm embedded/6 2017-q2-update/bin/../lib/gcc/arm-none-eabi/6.3.1/../../../../arm-none-eabi/lib/thumb/v7-ar/fpv3/hard\libg.a(lib_a-locale.o)
                0x2001bdd0                __locale_mb_cur_max
 .text.__retarget_lock_init_recursive
                0x2001bdf0        0x4 c:/program files (x86)/gnu tools arm embedded/6 2017-q2-update/bin/../lib/gcc/arm-none-eabi/6.3.1/../../../../arm-none-eabi/lib/thumb/v7-ar/fpv3/hard\libg.a(lib_a-lock.o)
                0x2001bdf0                __retarget_lock_init_recursive
 .text.__retarget_lock_close_recursive
                0x2001bdf4        0x4 c:/program files (x86)/gnu tools arm embedded/6 2017-q2-update/bin/../lib/gcc/arm-none-eabi/6.3.1/../../../../arm-none-eabi/lib/thumb/v7-ar/fpv3/hard\libg.a(lib_a-lock.o)
                0x2001bdf4                __retarget_lock_close_recursive
 .text.__retarget_lock_acquire_recursive
                0x2001bdf8        0x4 c:/program files (x86)/gnu tools arm embedded/6 2017-q2-update/bin/../lib/gcc/arm-none-eabi/6.3.1/../../../../arm-none-eabi/lib/thumb/v7-ar/fpv3/hard\libg.a(lib_a-lock.o)
                0x2001bdf8                __retarget_lock_acquire_recursive
 .text.__retarget_lock_release_recursive
                0x2001bdfc        0x4 c:/program files (x86)/gnu tools arm embedded/6 2017-q2-update/bin/../lib/gcc/arm-none-eabi/6.3.1/../../../../arm-none-eabi/lib/thumb/v7-ar/fpv3/hard\libg.a(lib_a-lock.o)
                0x2001bdfc                __retarget_lock_release_recursive
 .text.malloc   0x2001be00       0x10 c:/program files (x86)/gnu tools arm embedded/6 2017-q2-update/bin/../lib/gcc/arm-none-eabi/6.3.1/../../../../arm-none-eabi/lib/thumb/v7-ar/fpv3/hard\libg.a(lib_a-malloc.o)
                0x2001be00                malloc
 .text.free     0x2001be10       0x10 c:/program files (x86)/gnu tools arm embedded/6 2017-q2-update/bin/../lib/gcc/arm-none-eabi/6.3.1/../../../../arm-none-eabi/lib/thumb/v7-ar/fpv3/hard\libg.a(lib_a-malloc.o)
                0x2001be10                free
 .text._malloc_r
                0x2001be20      0x58c c:/program files (x86)/gnu tools arm embedded/6 2017-q2-update/bin/../lib/gcc/arm-none-eabi/6.3.1/../../../../arm-none-eabi/lib/thumb/v7-ar/fpv3/hard\libg.a(lib_a-mallocr.o)
                0x2001be20                _malloc_r
 .text.__ascii_mbtowc
                0x2001c3ac       0x2c c:/program files (x86)/gnu tools arm embedded/6 2017-q2-update/bin/../lib/gcc/arm-none-eabi/6.3.1/../../../../arm-none-eabi/lib/thumb/v7-ar/fpv3/hard\libg.a(lib_a-mbtowc_r.o)
                0x2001c3ac                __ascii_mbtowc
 .text.memchr   0x2001c3d8       0x8c c:/program files (x86)/gnu tools arm embedded/6 2017-q2-update/bin/../lib/gcc/arm-none-eabi/6.3.1/../../../../arm-none-eabi/lib/thumb/v7-ar/fpv3/hard\libg.a(lib_a-memchr-stub.o)
                0x2001c3d8                memchr
 .text.memcmp   0x2001c464       0x5c c:/program files (x86)/gnu tools arm embedded/6 2017-q2-update/bin/../lib/gcc/arm-none-eabi/6.3.1/../../../../arm-none-eabi/lib/thumb/v7-ar/fpv3/hard\libg.a(lib_a-memcmp.o)
                0x2001c464                memcmp
 .text          0x2001c4c0       0xec c:/program files (x86)/gnu tools arm embedded/6 2017-q2-update/bin/../lib/gcc/arm-none-eabi/6.3.1/../../../../arm-none-eabi/lib/thumb/v7-ar/fpv3/hard\libg.a(lib_a-memcpy.o)
                0x2001c4c0                memcpy
 .text.memmove  0x2001c5ac       0xd4 c:/program files (x86)/gnu tools arm embedded/6 2017-q2-update/bin/../lib/gcc/arm-none-eabi/6.3.1/../../../../arm-none-eabi/lib/thumb/v7-ar/fpv3/hard\libg.a(lib_a-memmove.o)
                0x2001c5ac                memmove
 .text.memset   0x2001c680       0xa4 c:/program files (x86)/gnu tools arm embedded/6 2017-q2-update/bin/../lib/gcc/arm-none-eabi/6.3.1/../../../../arm-none-eabi/lib/thumb/v7-ar/fpv3/hard\libg.a(lib_a-memset.o)
                0x2001c680                memset
 .text.__malloc_lock
                0x2001c724        0xc c:/program files (x86)/gnu tools arm embedded/6 2017-q2-update/bin/../lib/gcc/arm-none-eabi/6.3.1/../../../../arm-none-eabi/lib/thumb/v7-ar/fpv3/hard\libg.a(lib_a-mlock.o)
                0x2001c724                __malloc_lock
 .text.__malloc_unlock
                0x2001c730        0xc c:/program files (x86)/gnu tools arm embedded/6 2017-q2-update/bin/../lib/gcc/arm-none-eabi/6.3.1/../../../../arm-none-eabi/lib/thumb/v7-ar/fpv3/hard\libg.a(lib_a-mlock.o)
                0x2001c730                __malloc_unlock
 .text.printf   0x2001c73c       0x2c c:/program files (x86)/gnu tools arm embedded/6 2017-q2-update/bin/../lib/gcc/arm-none-eabi/6.3.1/../../../../arm-none-eabi/lib/thumb/v7-ar/fpv3/hard\libg.a(lib_a-printf.o)
                0x2001c73c                printf
 .text._putc_r  0x2001c768       0x70 c:/program files (x86)/gnu tools arm embedded/6 2017-q2-update/bin/../lib/gcc/arm-none-eabi/6.3.1/../../../../arm-none-eabi/lib/thumb/v7-ar/fpv3/hard\libg.a(lib_a-putc.o)
                0x2001c768                _putc_r
 .text.putchar  0x2001c7d8       0x14 c:/program files (x86)/gnu tools arm embedded/6 2017-q2-update/bin/../lib/gcc/arm-none-eabi/6.3.1/../../../../arm-none-eabi/lib/thumb/v7-ar/fpv3/hard\libg.a(lib_a-putchar.o)
                0x2001c7d8                putchar
 .text._puts_r  0x2001c7ec       0xa4 c:/program files (x86)/gnu tools arm embedded/6 2017-q2-update/bin/../lib/gcc/arm-none-eabi/6.3.1/../../../../arm-none-eabi/lib/thumb/v7-ar/fpv3/hard\libg.a(lib_a-puts.o)
                0x2001c7ec                _puts_r
 .text.puts     0x2001c890       0x10 c:/program files (x86)/gnu tools arm embedded/6 2017-q2-update/bin/../lib/gcc/arm-none-eabi/6.3.1/../../../../arm-none-eabi/lib/thumb/v7-ar/fpv3/hard\libg.a(lib_a-puts.o)
                0x2001c890                puts
 .text._realloc_r
                0x2001c8a0      0x3f0 c:/program files (x86)/gnu tools arm embedded/6 2017-q2-update/bin/../lib/gcc/arm-none-eabi/6.3.1/../../../../arm-none-eabi/lib/thumb/v7-ar/fpv3/hard\libg.a(lib_a-reallocr.o)
                0x2001c8a0                _realloc_r
 .text._sbrk_r  0x2001cc90       0x28 c:/program files (x86)/gnu tools arm embedded/6 2017-q2-update/bin/../lib/gcc/arm-none-eabi/6.3.1/../../../../arm-none-eabi/lib/thumb/v7-ar/fpv3/hard\libg.a(lib_a-sbrkr.o)
                0x2001cc90                _sbrk_r
 .text.sprintf  0x2001ccb8       0x50 c:/program files (x86)/gnu tools arm embedded/6 2017-q2-update/bin/../lib/gcc/arm-none-eabi/6.3.1/../../../../arm-none-eabi/lib/thumb/v7-ar/fpv3/hard\libg.a(lib_a-sprintf.o)
                0x2001ccb8                sprintf
 .text.__sread  0x2001cd08       0x24 c:/program files (x86)/gnu tools arm embedded/6 2017-q2-update/bin/../lib/gcc/arm-none-eabi/6.3.1/../../../../arm-none-eabi/lib/thumb/v7-ar/fpv3/hard\libg.a(lib_a-stdio.o)
                0x2001cd08                __sread
 .text.__swrite
                0x2001cd2c       0x3c c:/program files (x86)/gnu tools arm embedded/6 2017-q2-update/bin/../lib/gcc/arm-none-eabi/6.3.1/../../../../arm-none-eabi/lib/thumb/v7-ar/fpv3/hard\libg.a(lib_a-stdio.o)
                0x2001cd2c                __swrite
 .text.__sseek  0x2001cd68       0x20 c:/program files (x86)/gnu tools arm embedded/6 2017-q2-update/bin/../lib/gcc/arm-none-eabi/6.3.1/../../../../arm-none-eabi/lib/thumb/v7-ar/fpv3/hard\libg.a(lib_a-stdio.o)
                0x2001cd68                __sseek
 .text.__sclose
                0x2001cd88        0x8 c:/program files (x86)/gnu tools arm embedded/6 2017-q2-update/bin/../lib/gcc/arm-none-eabi/6.3.1/../../../../arm-none-eabi/lib/thumb/v7-ar/fpv3/hard\libg.a(lib_a-stdio.o)
                0x2001cd88                __sclose
 .text.strchr   0x2001cd90       0xe8 c:/program files (x86)/gnu tools arm embedded/6 2017-q2-update/bin/../lib/gcc/arm-none-eabi/6.3.1/../../../../arm-none-eabi/lib/thumb/v7-ar/fpv3/hard\libg.a(lib_a-strchr.o)
                0x2001cd90                strchr
 .text          0x2001ce78      0x1bc c:/program files (x86)/gnu tools arm embedded/6 2017-q2-update/bin/../lib/gcc/arm-none-eabi/6.3.1/../../../../arm-none-eabi/lib/thumb/v7-ar/fpv3/hard\libg.a(lib_a-strcmp.o)
                0x2001ce78                strcmp
 .text.strlen   0x2001d034       0x5c c:/program files (x86)/gnu tools arm embedded/6 2017-q2-update/bin/../lib/gcc/arm-none-eabi/6.3.1/../../../../arm-none-eabi/lib/thumb/v7-ar/fpv3/hard\libg.a(lib_a-strlen-stub.o)
                0x2001d034                strlen
 .text.critical_factorization
                0x2001d090       0xb8 c:/program files (x86)/gnu tools arm embedded/6 2017-q2-update/bin/../lib/gcc/arm-none-eabi/6.3.1/../../../../arm-none-eabi/lib/thumb/v7-ar/fpv3/hard\libg.a(lib_a-strstr.o)
 .text.two_way_long_needle
                0x2001d148      0x214 c:/program files (x86)/gnu tools arm embedded/6 2017-q2-update/bin/../lib/gcc/arm-none-eabi/6.3.1/../../../../arm-none-eabi/lib/thumb/v7-ar/fpv3/hard\libg.a(lib_a-strstr.o)
 .text.strstr   0x2001d35c      0x21c c:/program files (x86)/gnu tools arm embedded/6 2017-q2-update/bin/../lib/gcc/arm-none-eabi/6.3.1/../../../../arm-none-eabi/lib/thumb/v7-ar/fpv3/hard\libg.a(lib_a-strstr.o)
                0x2001d35c                strstr
 .text._svfprintf_r
                0x2001d578     0x145c c:/program files (x86)/gnu tools arm embedded/6 2017-q2-update/bin/../lib/gcc/arm-none-eabi/6.3.1/../../../../arm-none-eabi/lib/thumb/v7-ar/fpv3/hard\libg.a(lib_a-svfprintf.o)
                0x2001d578                _svfprintf_r
 .text.close    0x2001e9d4       0x10 c:/program files (x86)/gnu tools arm embedded/6 2017-q2-update/bin/../lib/gcc/arm-none-eabi/6.3.1/../../../../arm-none-eabi/lib/thumb/v7-ar/fpv3/hard\libg.a(lib_a-sysclose.o)
                0x2001e9d4                close
 .text.open     0x2001e9e4       0x2c c:/program files (x86)/gnu tools arm embedded/6 2017-q2-update/bin/../lib/gcc/arm-none-eabi/6.3.1/../../../../arm-none-eabi/lib/thumb/v7-ar/fpv3/hard\libg.a(lib_a-sysopen.o)
                0x2001e9e4                open
 .text._vfprintf_r
                0x2001ea10     0x158c c:/program files (x86)/gnu tools arm embedded/6 2017-q2-update/bin/../lib/gcc/arm-none-eabi/6.3.1/../../../../arm-none-eabi/lib/thumb/v7-ar/fpv3/hard\libg.a(lib_a-vfprintf.o)
                0x2001ea10                _vfprintf_r
 .text.__sbprintf
                0x2001ff9c       0x88 c:/program files (x86)/gnu tools arm embedded/6 2017-q2-update/bin/../lib/gcc/arm-none-eabi/6.3.1/../../../../arm-none-eabi/lib/thumb/v7-ar/fpv3/hard\libg.a(lib_a-vfprintf.o)
 .text.__swbuf_r
                0x20020024       0xac c:/program files (x86)/gnu tools arm embedded/6 2017-q2-update/bin/../lib/gcc/arm-none-eabi/6.3.1/../../../../arm-none-eabi/lib/thumb/v7-ar/fpv3/hard\libg.a(lib_a-wbuf.o)
                0x20020024                __swbuf_r
 .text.__ascii_wctomb
                0x200200d0       0x18 c:/program files (x86)/gnu tools arm embedded/6 2017-q2-update/bin/../lib/gcc/arm-none-eabi/6.3.1/../../../../arm-none-eabi/lib/thumb/v7-ar/fpv3/hard\libg.a(lib_a-wctomb_r.o)
                0x200200d0                __ascii_wctomb
 .text._write_r
                0x200200e8       0x2c c:/program files (x86)/gnu tools arm embedded/6 2017-q2-update/bin/../lib/gcc/arm-none-eabi/6.3.1/../../../../arm-none-eabi/lib/thumb/v7-ar/fpv3/hard\libg.a(lib_a-writer.o)
                0x200200e8                _write_r
 .text.__swsetup_r
                0x20020114       0xc8 c:/program files (x86)/gnu tools arm embedded/6 2017-q2-update/bin/../lib/gcc/arm-none-eabi/6.3.1/../../../../arm-none-eabi/lib/thumb/v7-ar/fpv3/hard\libg.a(lib_a-wsetup.o)
                0x20020114                __swsetup_r
 .text._close_r
                0x200201dc       0x28 c:/program files (x86)/gnu tools arm embedded/6 2017-q2-update/bin/../lib/gcc/arm-none-eabi/6.3.1/../../../../arm-none-eabi/lib/thumb/v7-ar/fpv3/hard\libg.a(lib_a-closer.o)
                0x200201dc                _close_r
 .text.quorem   0x20020204      0x140 c:/program files (x86)/gnu tools arm embedded/6 2017-q2-update/bin/../lib/gcc/arm-none-eabi/6.3.1/../../../../arm-none-eabi/lib/thumb/v7-ar/fpv3/hard\libg.a(lib_a-dtoa.o)
 *fill*         0x20020344        0x4 
 .text._dtoa_r  0x20020348      0xce4 c:/program files (x86)/gnu tools arm embedded/6 2017-q2-update/bin/../lib/gcc/arm-none-eabi/6.3.1/../../../../arm-none-eabi/lib/thumb/v7-ar/fpv3/hard\libg.a(lib_a-dtoa.o)
                0x20020348                _dtoa_r
 .text._fclose_r
                0x2002102c       0xc4 c:/program files (x86)/gnu tools arm embedded/6 2017-q2-update/bin/../lib/gcc/arm-none-eabi/6.3.1/../../../../arm-none-eabi/lib/thumb/v7-ar/fpv3/hard\libg.a(lib_a-fclose.o)
                0x2002102c                _fclose_r
 .text._localeconv_r
                0x200210f0       0x20 c:/program files (x86)/gnu tools arm embedded/6 2017-q2-update/bin/../lib/gcc/arm-none-eabi/6.3.1/../../../../arm-none-eabi/lib/thumb/v7-ar/fpv3/hard\libg.a(lib_a-localeconv.o)
                0x200210f0                _localeconv_r
 .text._lseek_r
                0x20021110       0x2c c:/program files (x86)/gnu tools arm embedded/6 2017-q2-update/bin/../lib/gcc/arm-none-eabi/6.3.1/../../../../arm-none-eabi/lib/thumb/v7-ar/fpv3/hard\libg.a(lib_a-lseekr.o)
                0x20021110                _lseek_r
 .text.__swhatbuf_r
                0x2002113c       0x5c c:/program files (x86)/gnu tools arm embedded/6 2017-q2-update/bin/../lib/gcc/arm-none-eabi/6.3.1/../../../../arm-none-eabi/lib/thumb/v7-ar/fpv3/hard\libg.a(lib_a-makebuf.o)
                0x2002113c                __swhatbuf_r
 .text.__smakebuf_r
                0x20021198       0x9c c:/program files (x86)/gnu tools arm embedded/6 2017-q2-update/bin/../lib/gcc/arm-none-eabi/6.3.1/../../../../arm-none-eabi/lib/thumb/v7-ar/fpv3/hard\libg.a(lib_a-makebuf.o)
                0x20021198                __smakebuf_r
 .text._Balloc  0x20021234       0x4c c:/program files (x86)/gnu tools arm embedded/6 2017-q2-update/bin/../lib/gcc/arm-none-eabi/6.3.1/../../../../arm-none-eabi/lib/thumb/v7-ar/fpv3/hard\libg.a(lib_a-mprec.o)
                0x20021234                _Balloc
 .text._Bfree   0x20021280       0x14 c:/program files (x86)/gnu tools arm embedded/6 2017-q2-update/bin/../lib/gcc/arm-none-eabi/6.3.1/../../../../arm-none-eabi/lib/thumb/v7-ar/fpv3/hard\libg.a(lib_a-mprec.o)
                0x20021280                _Bfree
 .text.__multadd
                0x20021294       0x88 c:/program files (x86)/gnu tools arm embedded/6 2017-q2-update/bin/../lib/gcc/arm-none-eabi/6.3.1/../../../../arm-none-eabi/lib/thumb/v7-ar/fpv3/hard\libg.a(lib_a-mprec.o)
                0x20021294                __multadd
 .text.__hi0bits
                0x2002131c       0x40 c:/program files (x86)/gnu tools arm embedded/6 2017-q2-update/bin/../lib/gcc/arm-none-eabi/6.3.1/../../../../arm-none-eabi/lib/thumb/v7-ar/fpv3/hard\libg.a(lib_a-mprec.o)
                0x2002131c                __hi0bits
 .text.__lo0bits
                0x2002135c       0x5c c:/program files (x86)/gnu tools arm embedded/6 2017-q2-update/bin/../lib/gcc/arm-none-eabi/6.3.1/../../../../arm-none-eabi/lib/thumb/v7-ar/fpv3/hard\libg.a(lib_a-mprec.o)
                0x2002135c                __lo0bits
 .text.__i2b    0x200213b8       0x14 c:/program files (x86)/gnu tools arm embedded/6 2017-q2-update/bin/../lib/gcc/arm-none-eabi/6.3.1/../../../../arm-none-eabi/lib/thumb/v7-ar/fpv3/hard\libg.a(lib_a-mprec.o)
                0x200213b8                __i2b
 .text.__multiply
                0x200213cc      0x130 c:/program files (x86)/gnu tools arm embedded/6 2017-q2-update/bin/../lib/gcc/arm-none-eabi/6.3.1/../../../../arm-none-eabi/lib/thumb/v7-ar/fpv3/hard\libg.a(lib_a-mprec.o)
                0x200213cc                __multiply
 .text.__pow5mult
                0x200214fc       0xa4 c:/program files (x86)/gnu tools arm embedded/6 2017-q2-update/bin/../lib/gcc/arm-none-eabi/6.3.1/../../../../arm-none-eabi/lib/thumb/v7-ar/fpv3/hard\libg.a(lib_a-mprec.o)
                0x200214fc                __pow5mult
 .text.__lshift
                0x200215a0       0xa4 c:/program files (x86)/gnu tools arm embedded/6 2017-q2-update/bin/../lib/gcc/arm-none-eabi/6.3.1/../../../../arm-none-eabi/lib/thumb/v7-ar/fpv3/hard\libg.a(lib_a-mprec.o)
                0x200215a0                __lshift
 .text.__mcmp   0x20021644       0x38 c:/program files (x86)/gnu tools arm embedded/6 2017-q2-update/bin/../lib/gcc/arm-none-eabi/6.3.1/../../../../arm-none-eabi/lib/thumb/v7-ar/fpv3/hard\libg.a(lib_a-mprec.o)
                0x20021644                __mcmp
 .text.__mdiff  0x2002167c      0x11c c:/program files (x86)/gnu tools arm embedded/6 2017-q2-update/bin/../lib/gcc/arm-none-eabi/6.3.1/../../../../arm-none-eabi/lib/thumb/v7-ar/fpv3/hard\libg.a(lib_a-mprec.o)
                0x2002167c                __mdiff
 .text.__d2b    0x20021798       0xbc c:/program files (x86)/gnu tools arm embedded/6 2017-q2-update/bin/../lib/gcc/arm-none-eabi/6.3.1/../../../../arm-none-eabi/lib/thumb/v7-ar/fpv3/hard\libg.a(lib_a-mprec.o)
                0x20021798                __d2b
 .text._open_r  0x20021854       0x2c c:/program files (x86)/gnu tools arm embedded/6 2017-q2-update/bin/../lib/gcc/arm-none-eabi/6.3.1/../../../../arm-none-eabi/lib/thumb/v7-ar/fpv3/hard\libg.a(lib_a-openr.o)
                0x20021854                _open_r
 .text._read_r  0x20021880       0x2c c:/program files (x86)/gnu tools arm embedded/6 2017-q2-update/bin/../lib/gcc/arm-none-eabi/6.3.1/../../../../arm-none-eabi/lib/thumb/v7-ar/fpv3/hard\libg.a(lib_a-readr.o)
                0x20021880                _read_r
 .text.__ssprint_r
                0x200218ac       0xf8 c:/program files (x86)/gnu tools arm embedded/6 2017-q2-update/bin/../lib/gcc/arm-none-eabi/6.3.1/../../../../arm-none-eabi/lib/thumb/v7-ar/fpv3/hard\libg.a(lib_a-svfiprintf.o)
                0x200218ac                __ssprint_r
 .text.__sprint_r.part.0
                0x200219a4       0x80 c:/program files (x86)/gnu tools arm embedded/6 2017-q2-update/bin/../lib/gcc/arm-none-eabi/6.3.1/../../../../arm-none-eabi/lib/thumb/v7-ar/fpv3/hard\libg.a(lib_a-vfiprintf.o)
 .text.__sprint_r
                0x20021a24       0x14 c:/program files (x86)/gnu tools arm embedded/6 2017-q2-update/bin/../lib/gcc/arm-none-eabi/6.3.1/../../../../arm-none-eabi/lib/thumb/v7-ar/fpv3/hard\libg.a(lib_a-vfiprintf.o)
                0x20021a24                __sprint_r
 .text._calloc_r
                0x20021a38       0x64 c:/program files (x86)/gnu tools arm embedded/6 2017-q2-update/bin/../lib/gcc/arm-none-eabi/6.3.1/../../../../arm-none-eabi/lib/thumb/v7-ar/fpv3/hard\libg.a(lib_a-callocr.o)
                0x20021a38                _calloc_r
 .text.__fputwc
                0x20021a9c       0xa0 c:/program files (x86)/gnu tools arm embedded/6 2017-q2-update/bin/../lib/gcc/arm-none-eabi/6.3.1/../../../../arm-none-eabi/lib/thumb/v7-ar/fpv3/hard\libg.a(lib_a-fputwc.o)
                0x20021a9c                __fputwc
 .text._fputwc_r
                0x20021b3c       0x68 c:/program files (x86)/gnu tools arm embedded/6 2017-q2-update/bin/../lib/gcc/arm-none-eabi/6.3.1/../../../../arm-none-eabi/lib/thumb/v7-ar/fpv3/hard\libg.a(lib_a-fputwc.o)
                0x20021b3c                _fputwc_r
 .text._fstat_r
                0x20021ba4       0x2c c:/program files (x86)/gnu tools arm embedded/6 2017-q2-update/bin/../lib/gcc/arm-none-eabi/6.3.1/../../../../arm-none-eabi/lib/thumb/v7-ar/fpv3/hard\libg.a(lib_a-fstatr.o)
                0x20021ba4                _fstat_r
 .text._isatty_r
                0x20021bd0       0x28 c:/program files (x86)/gnu tools arm embedded/6 2017-q2-update/bin/../lib/gcc/arm-none-eabi/6.3.1/../../../../arm-none-eabi/lib/thumb/v7-ar/fpv3/hard\libg.a(lib_a-isattyr.o)
                0x20021bd0                _isatty_r
 .text._wcrtomb_r
                0x20021bf8       0x64 c:/program files (x86)/gnu tools arm embedded/6 2017-q2-update/bin/../lib/gcc/arm-none-eabi/6.3.1/../../../../arm-none-eabi/lib/thumb/v7-ar/fpv3/hard\libg.a(lib_a-wcrtomb.o)
                0x20021bf8                _wcrtomb_r
 *fill*         0x20021c5c        0x4 
 .text          0x20021c60      0x2b0 c:/program files (x86)/gnu tools arm embedded/6 2017-q2-update/bin/../lib/gcc/arm-none-eabi/6.3.1/thumb/v7-ar/fpv3/hard\libgcc.a(_divsi3.o)
                0x20021c60                __divsi3
                0x20021c60                __aeabi_idiv
                0x20021ef4                __aeabi_idivmod
 .text          0x20021f10       0x30 c:/program files (x86)/gnu tools arm embedded/6 2017-q2-update/bin/../lib/gcc/arm-none-eabi/6.3.1/thumb/v7-ar/fpv3/hard\libgcc.a(_aeabi_uldivmod.o)
                0x20021f10                __aeabi_uldivmod
 .text          0x20021f40      0x114 c:/program files (x86)/gnu tools arm embedded/6 2017-q2-update/bin/../lib/gcc/arm-none-eabi/6.3.1/thumb/v7-ar/fpv3/hard\libgcc.a(_udivmoddi4.o)
                0x20021f40                __udivmoddi4
 *fill*         0x20022054        0x4 
 .text.__stub   0x20022058       0xa8 linker stubs
 *(.rodata .rodata.*)
 .rodata.code_signer_public_key
                0x20022100       0xaf ./src/user_prog/main.o
                0x20022100                code_signer_public_key
 *fill*         0x200221af        0x1 
 .rodata.secure_boot.str1.4
                0x200221b0      0x4b6 ./src/user_prog/main.o
 *fill*         0x20022666        0x2 
 .rodata.status_string.72052
                0x20022668       0xa0 ./src/user_prog/main.o
 .rodata.curve_secp256r1
                0x20022708       0xb0 ./src/tinycrypt/lib/source/ecc.o
 .rodata.k256   0x200227b8      0x100 ./src/tinycrypt/lib/source/sha256.o
 .rodata.base64
                0x200228b8       0x42 ./src/renesas/application/base64_decode.o
 *fill*         0x200228fa        0x2 
 .rodata.base64_decode.str1.4
                0x200228fc        0x3 ./src/renesas/application/base64_decode.o
 .rodata.dev_get_pointer.str1.4
                0x200228ff        0x3 ./generate/system/r_devlink_wrapper.o
                                  0x7 (size before relaxing)
 *fill*         0x200228ff        0x1 
 .rodata.direct_open.str1.4
                0x20022900        0xd ./generate/system/r_devlink_wrapper.o
 *fill*         0x2002290d        0x3 
 .rodata.gs_mount_table
                0x20022910       0x60 ./generate/system/r_devlink_wrapper.o
 .rodata.str1.4
                0x20022970       0x26 ./generate/system/r_devlink_wrapper.o
                                 0x4f (size before relaxing)
 *fill*         0x20022996        0x2 
 .rodata.GPIO_SC_TABLE_scifa4
                0x20022998        0xc ./generate/sc_drivers/r_scifa/src/lld/r_rza2_scifa_lld.o
 .rodata.R_SCIFA_ChannelConfigure.str1.4
                0x200229a4        0x4 ./generate/sc_drivers/r_scifa/src/lld/r_rza2_scifa_lld.o
 .rodata.R_SCIFA_GetVersion.str1.4
                0x200229a4       0x14 ./generate/sc_drivers/r_scifa/src/lld/r_rza2_scifa_lld.o
 .rodata.R_SCIFA_Open.str1.4
                0x200229b8        0x5 ./generate/sc_drivers/r_scifa/src/lld/r_rza2_scifa_lld.o
 .rodata.SCIFA_SC_TABLE
                0x200229b8       0x48 ./generate/sc_drivers/r_scifa/src/lld/r_rza2_scifa_lld.o
 .rodata.gsp_scifa
                0x20022a00       0x14 ./generate/sc_drivers/r_scifa/src/lld/r_rza2_scifa_lld.o
 .rodata.gs_scifa_async_baud
                0x20022a14       0x36 ./generate/sc_drivers/r_scifa/src/lld/r_rza2_scifa_lld_baud.o
 *fill*         0x20022a4a        0x2 
 .rodata.gs_scifa_sync_baud
                0x20022a4c       0x18 ./generate/sc_drivers/r_scifa/src/lld/r_rza2_scifa_lld_baud.o
 .rodata.sp_scifa
                0x20022a64       0x14 ./generate/sc_drivers/r_scifa/src/lld/r_rza2_scifa_lld_baud.o
 .rodata.g_scifa_driver
                0x20022a78       0x1c ./generate/sc_drivers/r_scifa/src/hld/r_scifa_drv_api.o
                0x20022a78                g_scifa_driver
 .rodata.scifa_hld_control.str1.4
                0x20022a94       0x29 ./generate/sc_drivers/r_scifa/src/hld/r_scifa_drv_api.o
 *fill*         0x20022abd        0x3 
 .rodata.scifa_hld_get_version.str1.4
                0x20022ac0        0xa ./generate/sc_drivers/r_scifa/src/hld/r_scifa_drv_api.o
 *fill*         0x20022aca        0x2 
 .rodata.str1.4
                0x20022acc       0x14 ./generate/sc_drivers/r_scifa/src/hld/r_scifa_drv_api.o
 .rodata.R_OSTM_GetVersion.str1.4
                0x20022ae0       0x13 ./generate/sc_drivers/r_ostm/src/lld/r_ostm_lld_rza2m.o
 .rodata.calc_compare.str1.4
                0x20022af3        0x4 ./generate/sc_drivers/r_ostm/src/lld/r_ostm_lld_rza2m.o
 *fill*         0x20022af3        0x1 
 .rodata.gs_intid
                0x20022af4        0x6 ./generate/sc_drivers/r_ostm/src/lld/r_ostm_lld_rza2m.o
 *fill*         0x20022afa        0x2 
 .rodata.gs_ostm_module
                0x20022afc        0x3 ./generate/sc_drivers/r_ostm/src/lld/r_ostm_lld_rza2m.o
 *fill*         0x20022aff        0x1 
 .rodata.gsp_ostm_reg
                0x20022b00        0xc ./generate/sc_drivers/r_ostm/src/lld/r_ostm_lld_rza2m.o
 .rodata.OSTM_SC_TABLE
                0x20022b0c       0x28 ./generate/sc_drivers/r_ostm/src/hld/r_ostm_drv_api.o
 .rodata.g_ostm_driver
                0x20022b34       0x1c ./generate/sc_drivers/r_ostm/src/hld/r_ostm_drv_api.o
                0x20022b34                g_ostm_driver
 .rodata.ostm_get_version.str1.4
                0x20022b50        0x9 ./generate/sc_drivers/r_ostm/src/hld/r_ostm_drv_api.o
 *fill*         0x20022b59        0x3 
 .rodata.str1.4
                0x20022b5c       0x10 ./generate/sc_drivers/r_ostm/src/hld/r_ostm_drv_api.o
 .rodata.R_OS_AbstractionLayerInit.str1.4
                0x20022b6c       0x12 ./generate/os_abstraction/src/r_os_abstraction_api.o
 *fill*         0x20022b7e        0x2 
 .rodata.get_timeout_tickcount.str1.4
                0x20022b80       0x36 ./generate/os_abstraction/src/r_os_abstraction_api.o
 *fill*         0x20022bb6        0x2 
 .rodata.gs_stbcr
                0x20022bb8      0x240 ./generate/drivers/r_stb/src/lld/r_stb_lld_rza2m.o
 .rodata.MMU_SC_TABLE
                0x20022df8      0x1f0 ./generate/drivers/r_mmu/src/lld/r_mmu_lld_rza2m.o
 .rodata.GPIO_SC_TABLE_INIT
                0x20022fe8        0x0 ./generate/drivers/r_gpio/src/lld/r_gpio_lld_rza2m.o
 .rodata.GPIO_SC_TABLE_MANUAL
                0x20022fe8        0x6 ./generate/drivers/r_gpio/src/lld/r_gpio_lld_rza2m.o
 *fill*         0x20022fee        0x2 
 .rodata.R_GPIO_GetVersion.str1.4
                0x20022ff0       0x13 ./generate/drivers/r_gpio/src/lld/r_gpio_lld_rza2m.o
 *fill*         0x20023003        0x1 
 .rodata.s_mask_1bit_register
                0x20023004       0x40 ./generate/drivers/r_gpio/src/lld/r_gpio_lld_rza2m.o
 .rodata.s_mask_2bit_register
                0x20023044       0x40 ./generate/drivers/r_gpio/src/lld/r_gpio_lld_rza2m.o
 .rodata.s_qspi_reg
                0x20023084       0xa8 ./generate/drivers/r_gpio/src/lld/r_gpio_lld_rza2m.o
 .rodata.s_r_drv_gpio_dscr_4ma_support
                0x2002312c       0x16 ./generate/drivers/r_gpio/src/lld/r_gpio_lld_rza2m.o
 *fill*         0x20023142        0x2 
 .rodata.s_r_drv_gpio_dscr_8ma_support
                0x20023144       0x16 ./generate/drivers/r_gpio/src/lld/r_gpio_lld_rza2m.o
 *fill*         0x2002315a        0x2 
 .rodata.s_r_drv_gpio_support
                0x2002315c       0x16 ./generate/drivers/r_gpio/src/lld/r_gpio_lld_rza2m.o
 *fill*         0x20023172        0x2 
 .rodata.s_sd0_reg
                0x20023174       0x84 ./generate/drivers/r_gpio/src/lld/r_gpio_lld_rza2m.o
 .rodata.s_sd1_reg
                0x200231f8       0x48 ./generate/drivers/r_gpio/src/lld/r_gpio_lld_rza2m.o
 .rodata.s_shift_1bit_register
                0x20023240       0x40 ./generate/drivers/r_gpio/src/lld/r_gpio_lld_rza2m.o
 .rodata.s_shift_2bit_register
                0x20023280       0x40 ./generate/drivers/r_gpio/src/lld/r_gpio_lld_rza2m.o
 .rodata.g_gpio_driver
                0x200232c0       0x1c ./generate/drivers/r_gpio/src/hld/r_gpio_drv_api.o
                0x200232c0                g_gpio_driver
 .rodata.gpio_get_version.str1.4
                0x200232dc        0x9 ./generate/drivers/r_gpio/src/hld/r_gpio_drv_api.o
 *fill*         0x200232e5        0x3 
 .rodata.str1.4
                0x200232e8        0xc ./generate/drivers/r_gpio/src/hld/r_gpio_drv_api.o
 .rodata.mstp_mask.69226
                0x200232f4        0x2 ./generate/compiler/init/resetprg.o
 *fill*         0x200232f6        0x2 
 .rodata.mstp_mask.69241
                0x200232f8        0x2 ./generate/compiler/init/resetprg.o
 *fill*         0x200232fa        0x2 
 .rodata.mstp_shift.69227
                0x200232fc        0x2 ./generate/compiler/init/resetprg.o
 *fill*         0x200232fe        0x2 
 .rodata.mstp_shift.69242
                0x20023300        0x2 ./generate/compiler/init/resetprg.o
 *fill*         0x20023302        0x2 
 .rodata.rtc.69225
                0x20023304        0x8 ./generate/compiler/init/resetprg.o
 .rodata.rtcxtalsel_mask.69228
                0x2002330c        0x4 ./generate/compiler/init/resetprg.o
 .rodata.rtcxtalsel_shift.69229
                0x20023310        0x2 ./generate/compiler/init/resetprg.o
 *fill*         0x20023312        0x2 
 .rodata.stback_mask.69245
                0x20023314        0x2 ./generate/compiler/init/resetprg.o
 *fill*         0x20023316        0x2 
 .rodata.stback_shift.69246
                0x20023318        0x2 ./generate/compiler/init/resetprg.o
 *fill*         0x2002331a        0x2 
 .rodata.usb00_host.69239
                0x2002331c        0x8 ./generate/compiler/init/resetprg.o
 .rodata.usb01_func.69240
                0x20023324        0x8 ./generate/compiler/init/resetprg.o
 .rodata._sbrk.str1.4
                0x2002332c       0x21 ./generate/compiler/init/syscalls.o
 *fill*         0x2002334d        0x3 
 .rodata.initialise_monitor_handles.str1.4
                0x20023350       0x23 ./generate/compiler/init/syscalls.o
 *fill*         0x20023373        0x1 
 .rodata._setlocale_r.str1.4
                0x20023374        0xa c:/program files (x86)/gnu tools arm embedded/6 2017-q2-update/bin/../lib/gcc/arm-none-eabi/6.3.1/../../../../arm-none-eabi/lib/thumb/v7-ar/fpv3/hard\libg.a(lib_a-locale.o)
                                  0xd (size before relaxing)
 .rodata.str1.4
                0x2002337e        0xa c:/program files (x86)/gnu tools arm embedded/6 2017-q2-update/bin/../lib/gcc/arm-none-eabi/6.3.1/../../../../arm-none-eabi/lib/thumb/v7-ar/fpv3/hard\libg.a(lib_a-locale.o)
                                  0x2 (size before relaxing)
 .rodata._puts_r.str1.4
                0x2002337e        0xa c:/program files (x86)/gnu tools arm embedded/6 2017-q2-update/bin/../lib/gcc/arm-none-eabi/6.3.1/../../../../arm-none-eabi/lib/thumb/v7-ar/fpv3/hard\libg.a(lib_a-puts.o)
                                  0x2 (size before relaxing)
 *fill*         0x2002337e        0x2 
 .rodata._svfprintf_r.str1.4
                0x20023380       0x3f c:/program files (x86)/gnu tools arm embedded/6 2017-q2-update/bin/../lib/gcc/arm-none-eabi/6.3.1/../../../../arm-none-eabi/lib/thumb/v7-ar/fpv3/hard\libg.a(lib_a-svfprintf.o)
                                 0x42 (size before relaxing)
 *fill*         0x200233bf        0x1 
 .rodata.blanks.8346