Archive member included to satisfy reference by file (symbol)

c:/program files (x86)/gnu tools arm embedded/6 2017-q2-update/bin/../lib/gcc/arm-none-eabi/6.3.1/thumb/v7-ar/fpv3/hard\libgcc.a(_udivsi3.o)
                              ./generate/sc_drivers/r_scifa/src/lld/r_rza2_scifa_lld_baud.o (__aeabi_uidiv)
c:/program files (x86)/gnu tools arm embedded/6 2017-q2-update/bin/../lib/gcc/arm-none-eabi/6.3.1/thumb/v7-ar/fpv3/hard\libgcc.a(_dvmd_tls.o)
                              c:/program files (x86)/gnu tools arm embedded/6 2017-q2-update/bin/../lib/gcc/arm-none-eabi/6.3.1/thumb/v7-ar/fpv3/hard\libgcc.a(_udivsi3.o) (__aeabi_idiv0)
c:/program files (x86)/gnu tools arm embedded/6 2017-q2-update/bin/../lib/gcc/arm-none-eabi/6.3.1/thumb/v7-ar/fpv3/hard\libgcc.a(_fixunsdfdi.o)
                              ./generate/sc_drivers/r_ostm/src/lld/r_ostm_lld_rza2m.o (__aeabi_d2ulz)
c:/program files (x86)/gnu tools arm embedded/6 2017-q2-update/bin/../lib/gcc/arm-none-eabi/6.3.1/../../../../arm-none-eabi/lib/thumb/v7-ar/fpv3/hard\libg.a(lib_a-errno.o)
                              ./generate/os_abstraction/src/syscalls.o (__errno)
c:/program files (x86)/gnu tools arm embedded/6 2017-q2-update/bin/../lib/gcc/arm-none-eabi/6.3.1/../../../../arm-none-eabi/lib/thumb/v7-ar/fpv3/hard\libg.a(lib_a-fflush.o)
                              ./src/renesas/application/console/command.o (fflush)
c:/program files (x86)/gnu tools arm embedded/6 2017-q2-update/bin/../lib/gcc/arm-none-eabi/6.3.1/../../../../arm-none-eabi/lib/thumb/v7-ar/fpv3/hard\libg.a(lib_a-fgetc.o)
                              ./src/renesas/application/console/console.o (fgetc)
c:/program files (x86)/gnu tools arm embedded/6 2017-q2-update/bin/../lib/gcc/arm-none-eabi/6.3.1/../../../../arm-none-eabi/lib/thumb/v7-ar/fpv3/hard\libg.a(lib_a-findfp.o)
                              ./generate/os_abstraction/src/syscalls.o (__sinit)
c:/program files (x86)/gnu tools arm embedded/6 2017-q2-update/bin/../lib/gcc/arm-none-eabi/6.3.1/../../../../arm-none-eabi/lib/thumb/v7-ar/fpv3/hard\libg.a(lib_a-fprintf.o)
                              ./src/renesas/application/console/console.o (fprintf)
c:/program files (x86)/gnu tools arm embedded/6 2017-q2-update/bin/../lib/gcc/arm-none-eabi/6.3.1/../../../../arm-none-eabi/lib/thumb/v7-ar/fpv3/hard\libg.a(lib_a-fputc.o)
                              ./src/renesas/application/console/console.o (fputc)
c:/program files (x86)/gnu tools arm embedded/6 2017-q2-update/bin/../lib/gcc/arm-none-eabi/6.3.1/../../../../arm-none-eabi/lib/thumb/v7-ar/fpv3/hard\libg.a(lib_a-fputs.o)
                              ./src/renesas/application/console/console.o (fputs)
c:/program files (x86)/gnu tools arm embedded/6 2017-q2-update/bin/../lib/gcc/arm-none-eabi/6.3.1/../../../../arm-none-eabi/lib/thumb/v7-ar/fpv3/hard\libg.a(lib_a-freer.o)
                              c:/program files (x86)/gnu tools arm embedded/6 2017-q2-update/bin/../lib/gcc/arm-none-eabi/6.3.1/../../../../arm-none-eabi/lib/thumb/v7-ar/fpv3/hard\libg.a(lib_a-fflush.o) (_free_r)
c:/program files (x86)/gnu tools arm embedded/6 2017-q2-update/bin/../lib/gcc/arm-none-eabi/6.3.1/../../../../arm-none-eabi/lib/thumb/v7-ar/fpv3/hard\libg.a(lib_a-fvwrite.o)
                              c:/program files (x86)/gnu tools arm embedded/6 2017-q2-update/bin/../lib/gcc/arm-none-eabi/6.3.1/../../../../arm-none-eabi/lib/thumb/v7-ar/fpv3/hard\libg.a(lib_a-fputs.o) (__sfvwrite_r)
c:/program files (x86)/gnu tools arm embedded/6 2017-q2-update/bin/../lib/gcc/arm-none-eabi/6.3.1/../../../../arm-none-eabi/lib/thumb/v7-ar/fpv3/hard\libg.a(lib_a-fwalk.o)
                              c:/program files (x86)/gnu tools arm embedded/6 2017-q2-update/bin/../lib/gcc/arm-none-eabi/6.3.1/../../../../arm-none-eabi/lib/thumb/v7-ar/fpv3/hard\libg.a(lib_a-findfp.o) (_fwalk)
c:/program files (x86)/gnu tools arm embedded/6 2017-q2-update/bin/../lib/gcc/arm-none-eabi/6.3.1/../../../../arm-none-eabi/lib/thumb/v7-ar/fpv3/hard\libg.a(lib_a-fwrite.o)
                              ./src/renesas/application/console/command.o (fwrite)
c:/program files (x86)/gnu tools arm embedded/6 2017-q2-update/bin/../lib/gcc/arm-none-eabi/6.3.1/../../../../arm-none-eabi/lib/thumb/v7-ar/fpv3/hard\libg.a(lib_a-impure.o)
                              c:/program files (x86)/gnu tools arm embedded/6 2017-q2-update/bin/../lib/gcc/arm-none-eabi/6.3.1/../../../../arm-none-eabi/lib/thumb/v7-ar/fpv3/hard\libg.a(lib_a-fflush.o) (_global_impure_ptr)
c:/program files (x86)/gnu tools arm embedded/6 2017-q2-update/bin/../lib/gcc/arm-none-eabi/6.3.1/../../../../arm-none-eabi/lib/thumb/v7-ar/fpv3/hard\libg.a(lib_a-locale.o)
                              ./src/renesas/application/console/console.o (__locale_ctype_ptr)
c:/program files (x86)/gnu tools arm embedded/6 2017-q2-update/bin/../lib/gcc/arm-none-eabi/6.3.1/../../../../arm-none-eabi/lib/thumb/v7-ar/fpv3/hard\libg.a(lib_a-lock.o)
[...]
Memory Configuration

Name             Origin             Length             Attributes
BOOT_LOADER      0x50000000         0x00010000         xr
ROM              0x50010000         0x001f0000         xr
CACHED_HYPER_RAM 0x60000000         0x01000000         xrw
MMU_PAGE_TABLE   0x80020000         0x00004000         rw
HARDWARE_INIT_RAM 0x80024000         0x00003e00         xrw
STACK            0x80028000         0x00010000         rw
CACHED_RAM       0x80038000         0x002c8000         xrw
UNCACHED_RAM     0x82300000         0x00100000         xrw
*default*        0x00000000         0xffffffff

Linker script and memory map

LOAD ./src/user_prog/main.o
LOAD ./src/tinycrypt/lib/source/aes_decrypt.o
LOAD ./src/tinycrypt/lib/source/aes_encrypt.o
LOAD ./src/tinycrypt/lib/source/cbc_mode.o
LOAD ./src/tinycrypt/lib/source/ccm_mode.o
LOAD ./src/tinycrypt/lib/source/cmac_mode.o
LOAD ./src/tinycrypt/lib/source/ctr_mode.o
LOAD ./src/tinycrypt/lib/source/ctr_prng.o
LOAD ./src/tinycrypt/lib/source/ecc.o
LOAD ./src/tinycrypt/lib/source/ecc_dh.o
LOAD ./src/tinycrypt/lib/source/ecc_dsa.o
LOAD ./src/tinycrypt/lib/source/ecc_platform_specific.o
LOAD ./src/tinycrypt/lib/source/hmac.o
LOAD ./src/tinycrypt/lib/source/hmac_prng.o
LOAD ./src/tinycrypt/lib/source/sha256.o
LOAD ./src/tinycrypt/lib/source/utils.o
LOAD ./src/renesas/application/hwsetup/octabus_setup/src/octabus_userconfig.o
LOAD ./src/renesas/application/hwsetup/hwsetup_userdef.o
LOAD ./src/renesas/application/console/command.o
LOAD ./src/renesas/application/console/console.o
LOAD ./src/renesas/application/console/wild_compare.o
LOAD ./src/renesas/application/base64_decode.o
LOAD ./src/renesas/application/flash_api.o
LOAD ./gr_mango_boot/mbed_sf_boot.o
LOAD ./generate/system/hwsetup.o
LOAD ./generate/system/r_devlink_wrapper.o
LOAD ./generate/system/r_memclk_setup.o
LOAD ./generate/system/rza_io_regrw.o
LOAD ./generate/sc_drivers/r_scifa/src/lld/r_rza2_scifa_lld.o
LOAD ./generate/sc_drivers/r_scifa/src/lld/r_rza2_scifa_lld_baud.o
LOAD ./generate/sc_drivers/r_scifa/src/hld/r_scifa_drv_api.o
LOAD ./generate/sc_drivers/r_scifa/src/hld/r_scifa_hld_prv.o
LOAD ./generate/sc_drivers/r_ostm/src/lld/r_ostm_lld_rza2m.o
LOAD ./generate/sc_drivers/r_ostm/src/hld/r_ostm_drv_api.o
LOAD ./generate/sc_drivers/r_octabus/src/lld/r_octabus_lld_rza2m_api.o
LOAD ./generate/sc_drivers/r_octabus/src/lld/r_octabus_memclk_setup.o
LOAD ./generate/sc_drivers/r_cbuffer/src/r_cbuffer.o
LOAD ./generate/os_abstraction/src/r_os_abstraction_api.o
LOAD ./generate/os_abstraction/src/r_os_abstraction_stdio.o
LOAD ./generate/os_abstraction/src/syscalls.o
LOAD ./generate/drivers/r_stb/src/lld/r_stb_lld_rza2m.o
LOAD ./generate/drivers/r_mmu/src/lld/r_mmu_lld_rza2m.o
LOAD ./generate/drivers/r_intc/src/lld/r_intc_lld_rza2m.o
LOAD ./generate/drivers/r_intc/src/lld/r_intc_lld_rza2m_handler.o
LOAD ./generate/drivers/r_gpio/src/lld/r_gpio_lld_rza2m.o
LOAD ./generate/drivers/r_gpio/src/hld/r_gpio_drv_api.o
LOAD ./generate/drivers/r_cpg/src/lld/r_cpg_lld_rza2m.o
LOAD ./generate/drivers/r_cpg/src/hld/r_cpg_drv_api.o
LOAD ./generate/drivers/r_cache/src/lld/r_cache_lld_rza2m.o
LOAD ./generate/configuration/r_intc_user.o
LOAD ./generate/compiler/init/dso_handle.o
LOAD ./generate/compiler/init/fini.o
LOAD ./generate/compiler/init/init.o
LOAD ./generate/compiler/init/r_compiler_abstraction.o
LOAD ./generate/compiler/init/resetprg.o
LOAD ./generate/compiler/init/sections.o
LOAD ./generate/compiler/asm/cpu.o
LOAD ./generate/compiler/asm/initsect.o
LOAD ./generate/compiler/asm/irq.o
LOAD ./generate/compiler/asm/irqfiq_handler.o
LOAD ./generate/compiler/asm/mmu_operation.o
LOAD ./generate/compiler/asm/r_cache_l1_rza2.o
LOAD ./generate/compiler/asm/reset_handler.o
LOAD ./generate/compiler/asm/vector_mirrortable.o
LOAD ./generate/compiler/asm/vector_table.o
LOAD ./generate/compiler/asm/vfp_init.o
START GROUP
END GROUP
LOAD c:/program files (x86)/gnu tools arm embedded/6 2017-q2-update/bin/../lib/gcc/arm-none-eabi/6.3.1/../../../../arm-none-eabi/lib/thumb/v7-ar/fpv3/hard\libstdc++.a
LOAD c:/program files (x86)/gnu tools arm embedded/6 2017-q2-update/bin/../lib/gcc/arm-none-eabi/6.3.1/../../../../arm-none-eabi/lib/thumb/v7-ar/fpv3/hard\libm.a
START GROUP
LOAD c:/program files (x86)/gnu tools arm embedded/6 2017-q2-update/bin/../lib/gcc/arm-none-eabi/6.3.1/thumb/v7-ar/fpv3/hard\libgcc.a
LOAD c:/program files (x86)/gnu tools arm embedded/6 2017-q2-update/bin/../lib/gcc/arm-none-eabi/6.3.1/../../../../arm-none-eabi/lib/thumb/v7-ar/fpv3/hard\libg.a
LOAD c:/program files (x86)/gnu tools arm embedded/6 2017-q2-update/bin/../lib/gcc/arm-none-eabi/6.3.1/../../../../arm-none-eabi/lib/thumb/v7-ar/fpv3/hard\libc.a
END GROUP

.boot           0x50000000     0x74c8
 *(.boot_loader)
 .boot_loader   0x50000000     0x74c8 ./gr_mango_boot/mbed_sf_boot.o
                0x50000000                boot_loader

LOAD_MODULE1    0x50010000       0x60
 *(VECTOR_TABLE)
 VECTOR_TABLE   0x50010000       0x60 ./generate/compiler/asm/vector_table.o
                0x50010000                Start
                0x50010000                vector_table
                0x50010000                __vector_table_base = ADDR (LOAD_MODULE1)

.data.memclk_setup
                0x80024000       0x64 load address 0x50010060
 */r_spibsc_setup.o(.text .text.* .rodata .rodata.* .data .data.*)
 */r_memclk_setup.o(.text .text.* .rodata .rodata.* .data .data.*)
 .text.r_memclk_setup
                0x80024000       0x44 ./generate/system/r_memclk_setup.o
                0x80024000                r_memclk_setup
 */r_*_memclk_setup.o(.text .text.* .rodata .rodata.* .data .data.*)
 .text.r_octabus_memclk_setup
                0x80024044       0x20 ./generate/sc_drivers/r_octabus/src/lld/r_octabus_memclk_setup.o
                0x80024044                r_octabus_memclk_setup
                0x80024064                . = ALIGN (0x4)
                0x50010060                __data_memclk_setup_load_start = LOADADDR (.data.memclk_setup)
                0x80024000                __data_memclk_setup_exec_start = ADDR (.data.memclk_setup)
                0x500100c4                __data_memclk_setup_load_end = (LOADADDR (.data.memclk_setup) + SIZEOF (.data.memclk_setup))

.bss.memclk_setup
                0x80024080        0x0 load address 0x500100e0
 */r_spibsc_setup.o(.bss .bss.* COMMON)
 */r_memclk_setup.o(.bss .bss.* COMMON)
 */r_*_memclk_setup.o(.bss .bss.* COMMON)
                0x80024080                . = ALIGN (0x4)
                0x80024080                __bss_memclk_setup_start = ADDR (.bss.memclk_setup)
                0x80024080                __bss_memclk_setup_end = (ADDR (.bss.memclk_setup) + SIZEOF (.bss.memclk_setup))

LOAD_MODULE2    0x80024200      0xdf0 load address 0x50010200
 */r_cpg/*.o(.text .text.* .rodata .rodata.* .data .data.*)
 .text.R_CPG_SetXtalClock
                0x80024200      0x128 ./generate/drivers/r_cpg/src/lld/r_cpg_lld_rza2m.o
                0x80024200                R_CPG_SetXtalClock
 .text.R_CPG_SetMainClock
                0x80024328       0x50 ./generate/drivers/r_cpg/src/lld/r_cpg_lld_rza2m.o
                0x80024328                R_CPG_SetMainClock
 .text.R_CPG_SetSubClockDividers
                0x80024378      0x3e0 ./generate/drivers/r_cpg/src/lld/r_cpg_lld_rza2m.o
                0x80024378                R_CPG_SetSubClockDividers
 .text.R_CPG_SetSubClockSource
                0x80024758      0x1cc ./generate/drivers/r_cpg/src/lld/r_cpg_lld_rza2m.o
                0x80024758                R_CPG_SetSubClockSource
 .text.R_CPG_ConfigExtClockPin
                0x80024924       0x98 ./generate/drivers/r_cpg/src/lld/r_cpg_lld_rza2m.o
                0x80024924                R_CPG_ConfigExtClockPin
 *fill*         0x800249bc        0x4 
 .text.R_CPG_InitialiseHwIf
                0x800249c0       0xe8 ./generate/drivers/r_cpg/src/lld/r_cpg_lld_rza2m.o
                0x800249c0                R_CPG_InitialiseHwIf
 .text.R_CPG_GetClock
                0x80024aa8       0xf8 ./generate/drivers/r_cpg/src/lld/r_cpg_lld_rza2m.o
                0x80024aa8                R_CPG_GetClock
 .text.R_CPG_GetVersion
                0x80024ba0       0x34 ./generate/drivers/r_cpg/src/lld/r_cpg_lld_rza2m.o
                0x80024ba0                R_CPG_GetVersion
 .data.gs_cpg_bclk_divisor
                0x80024bd4        0x4 ./generate/drivers/r_cpg/src/lld/r_cpg_lld_rza2m.o
 .data.gs_cpg_bclk_frequency_khz
                0x80024bd8        0x8 ./generate/drivers/r_cpg/src/lld/r_cpg_lld_rza2m.o
 .data.gs_cpg_extal_frequency_khz
                0x80024be0        0x8 ./generate/drivers/r_cpg/src/lld/r_cpg_lld_rza2m.o
 .data.gs_cpg_iclk_divisor
                0x80024be8        0x4 ./generate/drivers/r_cpg/src/lld/r_cpg_lld_rza2m.o
 *fill*         0x80024bec        0x4 
 .data.gs_cpg_iclk_frequency_khz
                0x80024bf0        0x8 ./generate/drivers/r_cpg/src/lld/r_cpg_lld_rza2m.o
 .data.gs_cpg_p1clk_divisor
                0x80024bf8        0x4 ./generate/drivers/r_cpg/src/lld/r_cpg_lld_rza2m.o
 *fill*         0x80024bfc        0x4 
 .data.gs_cpg_p1clk_frequency_khz
                0x80024c00        0x8 ./generate/drivers/r_cpg/src/lld/r_cpg_lld_rza2m.o
 .data.gs_cpg_pll_frequency_khz
                0x80024c08        0x8 ./generate/drivers/r_cpg/src/lld/r_cpg_lld_rza2m.o
 .rodata.R_CPG_GetVersion.str1.4
                0x80024c10       0x12 ./generate/drivers/r_cpg/src/lld/r_cpg_lld_rza2m.o
 *fill*         0x80024c22        0x2 
 .rodata.s_sc_cpg_ext_clk_config
                0x80024c24        0x1 ./generate/drivers/r_cpg/src/lld/r_cpg_lld_rza2m.o
 *fill*         0x80024c25        0x3 
 .rodata.s_sc_cpg_sub_clock_div_config
                0x80024c28       0x30 ./generate/drivers/r_cpg/src/lld/r_cpg_lld_rza2m.o
 .rodata.s_sc_cpg_sub_clock_src_config
                0x80024c58        0x8 ./generate/drivers/r_cpg/src/lld/r_cpg_lld_rza2m.o
 .text.cpg_close
                0x80024c60       0x28 ./generate/drivers/r_cpg/src/hld/r_cpg_drv_api.o
 .text.cpg_get_version
                0x80024c88       0x28 ./generate/drivers/r_cpg/src/hld/r_cpg_drv_api.o
 .text.cpg_control
                0x80024cb0       0xc8 ./generate/drivers/r_cpg/src/hld/r_cpg_drv_api.o
 .text.cpg_open
                0x80024d78       0x58 ./generate/drivers/r_cpg/src/hld/r_cpg_drv_api.o
 .rodata.cpg_get_version.str1.4
                0x80024dd0        0x8 ./generate/drivers/r_cpg/src/hld/r_cpg_drv_api.o
 .rodata.g_cpg_driver
                0x80024dd8       0x1c ./generate/drivers/r_cpg/src/hld/r_cpg_drv_api.o
                0x80024dd8                g_cpg_driver
 .rodata.str1.4
                0x80024df4       0x14 ./generate/drivers/r_cpg/src/hld/r_cpg_drv_api.o
                                 0x12 (size before relaxing)
 */rza_io_regrw.o(.text .text.* .rodata .rodata.* .data .data.*)
 .text.RZA_IO_RegWrite_8
                0x80024e08       0x1c ./generate/system/rza_io_regrw.o
                0x80024e08                RZA_IO_RegWrite_8
 .text.RZA_IO_RegWrite_16
                0x80024e24       0x1c ./generate/system/rza_io_regrw.o
                0x80024e24                RZA_IO_RegWrite_16
 .text.RZA_IO_RegWrite_32
                0x80024e40       0x18 ./generate/system/rza_io_regrw.o
                0x80024e40                RZA_IO_RegWrite_32
 .text.RZA_IO_RegRead_8
                0x80024e58       0x1c ./generate/system/rza_io_regrw.o
                0x80024e58                RZA_IO_RegRead_8
 .text.RZA_IO_RegRead_16
                0x80024e74       0x1c ./generate/system/rza_io_regrw.o
                0x80024e74                RZA_IO_RegRead_16
 .text.RZA_IO_RegRead_32
                0x80024e90       0x14 ./generate/system/rza_io_regrw.o
                0x80024e90                RZA_IO_RegRead_32
 */hwsetup*.o(.text .text.* .rodata .rodata.* .data .data.*)
 .text.OctaBus_UserConfig
                0x80024ea4       0x44 ./src/renesas/application/hwsetup/octabus_setup/src/octabus_userconfig.o
                0x80024ea4                OctaBus_UserConfig
 .text.Userdef_PreHardwareSetup
                0x80024ee8       0x50 ./src/renesas/application/hwsetup/hwsetup_userdef.o
                0x80024ee8                Userdef_PreHardwareSetup
 .text.Userdef_PostHardwareSetup
                0x80024f38       0x34 ./src/renesas/application/hwsetup/hwsetup_userdef.o
                0x80024f38                Userdef_PostHardwareSetup
 .text.R_SC_HardwareSetup
                0x80024f6c       0x70 ./generate/system/hwsetup.o
                0x80024f6c                R_SC_HardwareSetup
 *fill*         0x80024fdc        0x4 
 .text.R_SC_HardwareSetup.__stub
                0x80024fe0       0x10 linker stubs
                0x80024ff0                . = ALIGN (0x4)
                0x50010200                __module2_load_start = LOADADDR (LOAD_MODULE2)
                0x80024200                __module2_exec_start = ADDR (LOAD_MODULE2)
                0x50010ff0                __module2_load_end = (LOADADDR (LOAD_MODULE2) + SIZEOF (LOAD_MODULE2))

LOAD_MODULE3    0x80025000        0xc load address 0x50011000
                0x80025000                __module3_exec_start = .
 */r_cpg/*.o(.bss* COMMON*)
 .bss.gs_drv_cpg_is_initialized
                0x80025000        0x4 ./generate/drivers/r_cpg/src/lld/r_cpg_lld_rza2m.o
 .bss.gs_drv_cpg_is_initialized
                0x80025004        0x4 ./generate/drivers/r_cpg/src/hld/r_cpg_drv_api.o
 .bss.s_drv_config
                0x80025008        0x2 ./generate/drivers/r_cpg/src/hld/r_cpg_drv_api.o
 */rza_io_regrw.o(.bss .bss.* COMMON)
                0x8002500c                . = ALIGN (0x4)
 *fill*         0x8002500a        0x2 
                0x8002500c                __module3_exec_end = .

LOAD_MODULE4    0x50011000      0x4c8
 *(RESET_HANDLER)
 RESET_HANDLER  0x50011000      0x1f0 ./generate/compiler/asm/reset_handler.o
                0x50011000                reset_handler
                0x500111dc                undefined_handler
                0x500111e0                svc_handler
                0x500111e4                prefetch_handler
                0x500111e8                abort_handler
                0x500111ec                reserved_handler
                0x50011200                . = ALIGN (0x80)
 *fill*         0x500111f0       0x10 
 *(INIT_SECTION)
 INIT_SECTION   0x50011200      0x210 ./generate/compiler/asm/initsect.o
                0x50011200                INITSCT
 */sections.o(.rodata .rodata.*)
 .rodata.BTBL   0x50011410       0x20 ./generate/compiler/init/sections.o
                0x50011410                BTBL
 .rodata.BTBL_F
                0x50011430       0x10 ./generate/compiler/init/sections.o
                0x50011430                BTBL_F
 .rodata.BTBL_F2
                0x50011440       0x10 ./generate/compiler/init/sections.o
                0x50011440                BTBL_F2
 .rodata.DTBL   0x50011450       0x48 ./generate/compiler/init/sections.o
                0x50011450                DTBL
 .rodata.DTBL_F
                0x50011498       0x18 ./generate/compiler/init/sections.o
                0x50011498                DTBL_F
 .rodata.DTBL_F2
                0x500114b0       0x18 ./generate/compiler/init/sections.o
                0x500114b0                DTBL_F2

.data           0x80038000      0xa50 load address 0x500114e0
                0x80038000                __vect_exec_start = .
                0x500114e0                __vect_load_start = (LOADADDR (.data) + (. - ADDR (.data)))
                0x80038000                __vector_mirror_table_base = .
 *(VECTOR_MIRROR_TABLE)
 VECTOR_MIRROR_TABLE
                0x80038000       0x40 ./generate/compiler/asm/vector_mirrortable.o
                0x80038000                vector_table2
                0x80038040                . = ALIGN (0x4)
                0x50011520                __vect_load_end = (LOADADDR (.data) + (. - ADDR (.data)))
                0x80038100                . = ALIGN (0x100)
 *fill*         0x80038040       0xc0 
                0x80038100                __fastcode_exec_start = .
                0x500115e0                __fastcode_load_start = (LOADADDR (.data) + (. - ADDR (.data)))
 */r_intc_*.o(.text .text.* .rodata .rodata.*)
 .text.R_INTC_RegistIntFunc
                0x80038100       0x20 ./generate/drivers/r_intc/src/lld/r_intc_lld_rza2m.o
                0x80038100                R_INTC_RegistIntFunc
 .text.R_INTC_Enable
                0x80038120       0x2c ./generate/drivers/r_intc/src/lld/r_intc_lld_rza2m.o
                0x80038120                R_INTC_Enable
 .text.R_INTC_Disable
                0x8003814c       0x2c ./generate/drivers/r_intc/src/lld/r_intc_lld_rza2m.o
                0x8003814c                R_INTC_Disable
 .text.R_INTC_SetPriority
                0x80038178       0x60 ./generate/drivers/r_intc/src/lld/r_intc_lld_rza2m.o
                0x80038178                R_INTC_SetPriority
 .text.R_INTC_SetMaskLevel
                0x800381d8       0x4c ./generate/drivers/r_intc/src/lld/r_intc_lld_rza2m.o
                0x800381d8                R_INTC_SetMaskLevel
 .text.R_INTC_Init
                0x80038224      0x138 ./generate/drivers/r_intc/src/lld/r_intc_lld_rza2m.o
                0x80038224                R_INTC_Init
 .rodata.gs_gicd_icfgrn_table
                0x8003835c       0x80 ./generate/drivers/r_intc/src/lld/r_intc_lld_rza2m.o
 .text.INTC_Handler_Interrupt
                0x800383dc       0x90 ./generate/drivers/r_intc/src/lld/r_intc_lld_rza2m_handler.o
                0x800383dc                INTC_Handler_Interrupt
 .text.NMI_Handler_Interrupt
                0x8003846c       0x44 ./generate/drivers/r_intc/src/lld/r_intc_lld_rza2m_handler.o
                0x8003846c                NMI_Handler_Interrupt
 .text.Userdef_INTC_Pre_Interrupt
                0x800384b0        0x8 ./generate/configuration/r_intc_user.o
                0x800384b0                Userdef_INTC_Pre_Interrupt
 .text.Userdef_INTC_Post_Interrupt
                0x800384b8        0x8 ./generate/configuration/r_intc_user.o
                0x800384b8                Userdef_INTC_Post_Interrupt
 .text.Userdef_INTC_UndefId
                0x800384c0        0x8 ./generate/configuration/r_intc_user.o
                0x800384c0                Userdef_INTC_UndefId
 .text.Userdef_INTC_UnregisteredID
                0x800384c8       0x10 ./generate/configuration/r_intc_user.o
                0x800384c8                Userdef_INTC_UnregisteredID
 *(IRQ_FIQ_HANDLER)
 IRQ_FIQ_HANDLER
                0x800384d8       0xe4 ./generate/compiler/asm/irqfiq_handler.o
                0x800384d8                fiq_handler
                0x8003850c                irq_handler
                0x800385bc                . = ALIGN (0x4)
                0x50011a9c                __fastcode_load_end = (LOADADDR (.data) + (. - ADDR (.data)))
                0x800385bc                __data_exec_start = .
                0x50011a9c                __data_load_start = (LOADADDR (.data) + (. - ADDR (.data)))
 *(RAM_CODE)
 RAM_CODE       0x800385bc      0x44c ./src/renesas/application/flash_api.o
                0x800385e0                _octaflash_sector_erase
                0x8003880c                _octaflash_page_program
 *(RAM_CONST)
 *(.text.r_mmu_tlbiall)
 .text.r_mmu_tlbiall
                0x80038a08        0xc ./generate/compiler/asm/mmu_operation.o
                0x80038a08                r_mmu_tlbiall
 *fill*         0x80038a14        0x4 
 .text.r_mmu_tlbiall.__stub
                0x80038a18       0x38 linker stubs
                0x80038a50                . = ALIGN (0x4)
                0x50011f30                __data_load_end = (LOADADDR (.data) + (. - ADDR (.data)))

.igot.plt       0x80038a50        0x0 load address 0x50011f30
 .igot.plt      0x80038a50        0x0 ./src/user_prog/main.o

.bss            0x80038a60        0x0 load address 0x50011f40
                0x80038a60                __bss_start = .
                0x80038a60                . = ALIGN (0x4)
                0x80038a60                __bss_end = .

HVRAM           0x60000000   0x800000
 *(HYPER_RAM)
 HYPER_RAM      0x60000000   0x800000 ./src/user_prog/main.o

.uncached_RAM   0x82300000        0x0
                0x82300000                __uncached_RAM_start = .
 */r_cache_*.o(.bss .bss.* COMMON)
 *(UNCACHED_BSS)
                0x82300000                . = ALIGN (0x4)
                0x82300000                __uncached_RAM_end = .

.uncached_RAM2  0x82300000      0x2b8 load address 0x50011f40
                0x82300000                __uncached_RAM2_exec_start = .
                0x50011f40                __uncached_RAM2_load_start = (LOADADDR (.uncached_RAM2) + (. - ADDR (.uncached_RAM2)))
 */r_cache_*.o(.text .text.* .rodata .rodata.* .data .data.*)
 .text.cache_l2_sync
                0x82300000       0x40 ./generate/drivers/r_cache/src/lld/r_cache_lld_rza2m.o
 .text.R_CACHE_L1Init
                0x82300040       0x1c ./generate/drivers/r_cache/src/lld/r_cache_lld_rza2m.o
                0x82300040                R_CACHE_L1Init
 .text.R_CACHE_L1DataCleanInvalidAll
                0x8230005c        0x8 ./generate/drivers/r_cache/src/lld/r_cache_lld_rza2m.o
                0x8230005c                R_CACHE_L1DataCleanInvalidAll
 .text.R_CACHE_L2CacheEnable
                0x82300064       0x24 ./generate/drivers/r_cache/src/lld/r_cache_lld_rza2m.o
                0x82300064                R_CACHE_L2CacheEnable
 .text.R_CACHE_L2CacheDisable
                0x82300088       0x24 ./generate/drivers/r_cache/src/lld/r_cache_lld_rza2m.o
                0x82300088                R_CACHE_L2CacheDisable
 .text.R_CACHE_L2PrefetchDisable
                0x823000ac       0x38 ./generate/drivers/r_cache/src/lld/r_cache_lld_rza2m.o
                0x823000ac                R_CACHE_L2PrefetchDisable
 .text.R_CACHE_L2InvalidAll
                0x823000e4       0x44 ./generate/drivers/r_cache/src/lld/r_cache_lld_rza2m.o
                0x823000e4                R_CACHE_L2InvalidAll
 .text.R_CACHE_L2Init
                0x82300128       0x30 ./generate/drivers/r_cache/src/lld/r_cache_lld_rza2m.o
                0x82300128                R_CACHE_L2Init
 .text.R_CACHE_L2CleanInvalidAll
                0x82300158       0x44 ./generate/drivers/r_cache/src/lld/r_cache_lld_rza2m.o
                0x82300158                R_CACHE_L2CleanInvalidAll
 .text.r_cache_l1_cache_init
                0x8230019c        0x4 ./generate/compiler/asm/r_cache_l1_rza2.o
                0x8230019c                r_cache_l1_cache_init
 .text.r_cache_l1_i_inv_all
                0x823001a0       0x14 ./generate/compiler/asm/r_cache_l1_rza2.o
                0x823001a0                r_cache_l1_i_inv_all
 .text.r_cache_l1_d_cache_operation
                0x823001b4       0xb4 ./generate/compiler/asm/r_cache_l1_rza2.o
                0x823001b4                r_cache_l1_d_cache_operation
 .text.r_cache_l1_i_enable
                0x82300268       0x10 ./generate/compiler/asm/r_cache_l1_rza2.o
                0x82300268                r_cache_l1_i_enable
 .text.r_cache_l1_d_enable
                0x82300278       0x10 ./generate/compiler/asm/r_cache_l1_rza2.o
                0x82300278                r_cache_l1_d_enable
 .text.r_cache_l1_btac_enable
                0x82300288       0x10 ./generate/compiler/asm/r_cache_l1_rza2.o
                0x82300288                r_cache_l1_btac_enable
 .text.r_cache_l1_prefetch_enable
                0x82300298       0x10 ./generate/compiler/asm/r_cache_l1_rza2.o
                0x82300298                r_cache_l1_prefetch_enable
 .text.r_cache_l1_prefetch_enable.__stub
                0x823002a8       0x10 linker stubs
 *(UNCACHED_DATA)
                0x823002b8                . = ALIGN (0x4)
                0x500121f8                __uncached_RAM2_load_end = (LOADADDR (.uncached_RAM2) + (. - ADDR (.uncached_RAM2)))

.mmu_page_table
                0x80020000     0x4000
                0x80020000                __mmu_page_table_base = .
                0x80024000                . = (. + 0x4000)
 *fill*         0x80020000     0x4000 
                0x80024000                __mmu_page_table_end = .

.stack          0x80028000    0x10000
                0x80028000                __sys_stack_start = .
                0x80030000                . = (. + 0x8000)
 *fill*         0x80028000     0x8000 
                0x80030000                . = ALIGN (0x10)
                0x80030000                __sys_stack_end = .
                0x80030000                __irq_stack_start = .
                0x80032000                . = (. + 0x2000)
 *fill*         0x80030000     0x2000 
                0x80032000                . = ALIGN (0x10)
                0x80032000                __irq_stack_end = .
                0x80032000                __fiq_stack_start = .
                0x80034000                . = (. + 0x2000)
 *fill*         0x80032000     0x2000 
                0x80034000                . = ALIGN (0x10)
                0x80034000                __fiq_stack_end = .
                0x80034000                __svc_stack_start = .
                0x80036000                . = (. + 0x2000)
 *fill*         0x80034000     0x2000 
                0x80036000                . = ALIGN (0x10)
                0x80036000                __svc_stack_end = .
                0x80036000                __abt_stack_start = .
                0x80038000                . = (. + 0x2000)
 *fill*         0x80036000     0x2000 
                0x80038000                . = ALIGN (0x10)
                0x80038000                __abt_stack_end = .

.text2          0x500121f8    0x118cc
 *(.text .text.*)
 .text.software_reset
                0x500121f8       0x48 ./src/user_prog/main.o
 .text.firmware_verification_sha256_ecdsa.isra.1
                0x50012240       0xe4 ./src/user_prog/main.o
 .text.secure_boot
                0x50012324      0xb2c ./src/user_prog/main.o
 .text.startup.main
                0x50012e50       0x84 ./src/user_prog/main.o
                0x50012e50                main
 .text.Sample_LED_Blink
                0x50012ed4       0x40 ./src/user_prog/main.o
                0x50012ed4                Sample_LED_Blink
 .text.uECC_vli_mult
                0x50012f14      0x1b0 ./src/tinycrypt/lib/source/ecc.o
 .text.vli_modInv_update
                0x500130c4       0xcc ./src/tinycrypt/lib/source/ecc.o
 .text.vli_mmod_fast_secp256r1
                0x50013190      0x5d8 ./src/tinycrypt/lib/source/ecc.o
                0x50013190                vli_mmod_fast_secp256r1
 .text.uECC_vli_clear
                0x50013768       0x2c ./src/tinycrypt/lib/source/ecc.o
                0x50013768                uECC_vli_clear
 .text.uECC_vli_isZero
                0x50013794       0x40 ./src/tinycrypt/lib/source/ecc.o
                0x50013794                uECC_vli_isZero
 .text.uECC_vli_testBit
                0x500137d4       0x18 ./src/tinycrypt/lib/source/ecc.o
                0x500137d4                uECC_vli_testBit
 .text.uECC_vli_numBits
                0x500137ec       0x84 ./src/tinycrypt/lib/source/ecc.o
                0x500137ec                uECC_vli_numBits
 .text.uECC_vli_set
                0x50013870       0x30 ./src/tinycrypt/lib/source/ecc.o
                0x50013870                uECC_vli_set
 .text.uECC_vli_cmp_unsafe
                0x500138a0       0x64 ./src/tinycrypt/lib/source/ecc.o
                0x500138a0                uECC_vli_cmp_unsafe
 .text.uECC_vli_equal
                0x50013904       0x50 ./src/tinycrypt/lib/source/ecc.o
                0x50013904                uECC_vli_equal
 .text.uECC_vli_sub
                0x50013954       0x70 ./src/tinycrypt/lib/source/ecc.o
                0x50013954                uECC_vli_sub
 .text.uECC_vli_modAdd
                0x500139c4      0x134 ./src/tinycrypt/lib/source/ecc.o
                0x500139c4                uECC_vli_modAdd
 .text.uECC_vli_modSub
                0x50013af8       0xc4 ./src/tinycrypt/lib/source/ecc.o
                0x50013af8                uECC_vli_modSub
 .text.double_jacobian_default
                0x50013bbc      0x388 ./src/tinycrypt/lib/source/ecc.o
                0x50013bbc                double_jacobian_default
 .text.x_side_default
                0x50013f44       0xb4 ./src/tinycrypt/lib/source/ecc.o
                0x50013f44                x_side_default
 .text.uECC_vli_mmod
                0x50013ff8      0x2c4 ./src/tinycrypt/lib/source/ecc.o
                0x50013ff8                uECC_vli_mmod
 .text.uECC_vli_modMult
                0x500142bc       0x3c ./src/tinycrypt/lib/source/ecc.o
                0x500142bc                uECC_vli_modMult
 .text.uECC_vli_modMult_fast
                0x500142f8       0x34 ./src/tinycrypt/lib/source/ecc.o
                0x500142f8                uECC_vli_modMult_fast
 .text.uECC_vli_modInv
                0x5001432c      0x594 ./src/tinycrypt/lib/source/ecc.o
                0x5001432c                uECC_vli_modInv
 .text.uECC_secp256r1
                0x500148c0        0xc ./src/tinycrypt/lib/source/ecc.o
                0x500148c0                uECC_secp256r1
 .text.apply_z  0x500148cc       0xac ./src/tinycrypt/lib/source/ecc.o
                0x500148cc                apply_z
 .text.XYcZ_add
                0x50014978      0x1d8 ./src/tinycrypt/lib/source/ecc.o
                0x50014978                XYcZ_add
 .text.uECC_vli_bytesToNative
                0x50014b50       0x8c ./src/tinycrypt/lib/source/ecc.o
                0x50014b50                uECC_vli_bytesToNative
 .text.bits2int
                0x50014bdc       0xc8 ./src/tinycrypt/lib/source/ecc_dsa.o
 .text.uECC_verify
                0x50014ca4      0x424 ./src/tinycrypt/lib/source/ecc_dsa.o
                0x50014ca4                uECC_verify
 .text.compress
                0x500150c8      0x2f4 ./src/tinycrypt/lib/source/sha256.o
 .text.tc_sha256_init
                0x500153bc       0x88 ./src/tinycrypt/lib/source/sha256.o
                0x500153bc                tc_sha256_init
 .text.tc_sha256_update
                0x50015444       0x94 ./src/tinycrypt/lib/source/sha256.o
                0x50015444                tc_sha256_update
 .text.tc_sha256_final
                0x500154d8      0x144 ./src/tinycrypt/lib/source/sha256.o
                0x500154d8                tc_sha256_final
 .text._set     0x5001561c        0x4 ./src/tinycrypt/lib/source/utils.o
                0x5001561c                _set
 .text.base64_decode
                0x50015620      0x1b0 ./src/renesas/application/base64_decode.o
                0x50015620                base64_decode
 .text.flash_erase_sector
                0x500157d0       0x18 ./src/renesas/application/flash_api.o
                0x500157d0                flash_erase_sector
 .text.flash_program_page
                0x500157e8       0x20 ./src/renesas/application/flash_api.o
                0x500157e8                flash_program_page
 .text.no_dev_open
                0x50015808        0x8 ./generate/system/r_devlink_wrapper.o
                0x50015808                no_dev_open
 .text.no_dev_close
                0x50015810        0x4 ./generate/system/r_devlink_wrapper.o
                0x50015810                no_dev_close
 .text.no_dev_write
                0x50015814        0x8 ./generate/system/r_devlink_wrapper.o
                0x50015814                no_dev_write
 .text.no_dev_control
                0x5001581c        0x8 ./generate/system/r_devlink_wrapper.o
                0x5001581c                no_dev_control
 .text.no_dev_get_version
                0x50015824        0x8 ./generate/system/r_devlink_wrapper.o
                0x50015824                no_dev_get_version
 .text.dev_get_pointer
                0x5001582c       0x74 ./generate/system/r_devlink_wrapper.o
 .text.no_dev_read
                0x500158a0        0x8 ./generate/system/r_devlink_wrapper.o
                0x500158a0                no_dev_read
 .text.direct_open
                0x500158a8      0x140 ./generate/system/r_devlink_wrapper.o
                0x500158a8                direct_open
 .text.direct_close
                0x500159e8       0x50 ./generate/system/r_devlink_wrapper.o
                0x500159e8                direct_close
 .text.direct_read
                0x50015a38       0x3c ./generate/system/r_devlink_wrapper.o
                0x50015a38                direct_read
 .text.direct_write
                0x50015a74       0x44 ./generate/system/r_devlink_wrapper.o
                0x50015a74                direct_write
 .text.low_open
                0x50015ab8      0x14c ./generate/system/r_devlink_wrapper.o
                0x50015ab8                low_open
 .text.low_close
                0x50015c04        0x4 ./generate/system/r_devlink_wrapper.o
                0x50015c04                low_close
 .text.low_read
                0x50015c08        0x4 ./generate/system/r_devlink_wrapper.o
                0x50015c08                low_read
 .text.low_write
                0x50015c0c        0x4 ./generate/system/r_devlink_wrapper.o
                0x50015c0c                low_write
 .text.control  0x50015c10       0x3c ./generate/system/r_devlink_wrapper.o
                0x50015c10                control
 .text.direct_control
                0x50015c4c        0x4 ./generate/system/r_devlink_wrapper.o
                0x50015c4c                direct_control
 .text.R_DEVLINK_Init
                0x50015c50       0x14 ./generate/system/r_devlink_wrapper.o
                0x50015c50                R_DEVLINK_Init
 .text.R_SCIFA_Start
                0x50015c64       0xa8 ./generate/sc_drivers/r_scifa/src/lld/r_rza2_scifa_lld.o
                0x50015c64                R_SCIFA_Start
 .text.R_SCIFA_Stop
                0x50015d0c       0x80 ./generate/sc_drivers/r_scifa/src/lld/r_rza2_scifa_lld.o
                0x50015d0c                R_SCIFA_Stop
 .text.R_SCIFA_GetChannel
                0x50015d8c       0x10 ./generate/sc_drivers/r_scifa/src/lld/r_rza2_scifa_lld.o
                0x50015d8c                R_SCIFA_GetChannel
 .text.R_SCIFA_Init
                0x50015d9c       0xd0 ./generate/sc_drivers/r_scifa/src/lld/r_rza2_scifa_lld.o
                0x50015d9c                R_SCIFA_Init
 .text.R_SCIFA_SetParity
                0x50015e6c       0xcc ./generate/sc_drivers/r_scifa/src/lld/r_rza2_scifa_lld.o
                0x50015e6c                R_SCIFA_SetParity
 .text.R_SICFA_SetTransmissionMode
                0x50015f38       0x54 ./generate/sc_drivers/r_scifa/src/lld/r_rza2_scifa_lld.o
                0x50015f38                R_SICFA_SetTransmissionMode
 .text.R_SCIFA_SetStopBits
                0x50015f8c       0x54 ./generate/sc_drivers/r_scifa/src/lld/r_rza2_scifa_lld.o
                0x50015f8c                R_SCIFA_SetStopBits
 .text.R_SCIFA_SetDataBits
                0x50015fe0       0x54 ./generate/sc_drivers/r_scifa/src/lld/r_rza2_scifa_lld.o
                0x50015fe0                R_SCIFA_SetDataBits
 .text.R_SCIFA_SetLoopBack
                0x50016034       0x64 ./generate/sc_drivers/r_scifa/src/lld/r_rza2_scifa_lld.o
                0x50016034                R_SCIFA_SetLoopBack
 .text.R_SCIFA_SetDataOrder
                0x50016098       0x58 ./generate/sc_drivers/r_scifa/src/lld/r_rza2_scifa_lld.o
                0x50016098                R_SCIFA_SetDataOrder
 .text.R_SCIFA_StopTransmit
                0x500160f0       0x84 ./generate/sc_drivers/r_scifa/src/lld/r_rza2_scifa_lld.o
                0x500160f0                R_SCIFA_StopTransmit
 .text.R_SCIFA_GetTXEIState
                0x50016174       0x24 ./generate/sc_drivers/r_scifa/src/lld/r_rza2_scifa_lld.o
                0x50016174                R_SCIFA_GetTXEIState
 .text.R_SCIFA_GetTXIState
                0x50016198       0x5c ./generate/sc_drivers/r_scifa/src/lld/r_rza2_scifa_lld.o
                0x50016198                R_SCIFA_GetTXIState
 .text.R_SCIFA_ClearTXIFlags
                0x500161f4       0x64 ./generate/sc_drivers/r_scifa/src/lld/r_rza2_scifa_lld.o
                0x500161f4                R_SCIFA_ClearTXIFlags
 .text.R_SCIFA_CheckRXIError
                0x50016258      0x154 ./generate/sc_drivers/r_scifa/src/lld/r_rza2_scifa_lld.o
                0x50016258                R_SCIFA_CheckRXIError
 .text.R_SCIFA_GetRXIState
                0x500163ac       0x80 ./generate/sc_drivers/r_scifa/src/lld/r_rza2_scifa_lld.o
                0x500163ac                R_SCIFA_GetRXIState
 .text.R_SCIFA_ClearRXIFlags
                0x5001642c       0x64 ./generate/sc_drivers/r_scifa/src/lld/r_rza2_scifa_lld.o
                0x5001642c                R_SCIFA_ClearRXIFlags
 .text.R_SCIFA_IsRxFifoEmpty
                0x50016490       0x50 ./generate/sc_drivers/r_scifa/src/lld/r_rza2_scifa_lld.o
                0x50016490                R_SCIFA_IsRxFifoEmpty
 .text.R_SCIFA_StopTXI
                0x500164e0       0x58 ./generate/sc_drivers/r_scifa/src/lld/r_rza2_scifa_lld.o
                0x500164e0                R_SCIFA_StopTXI
 .text.R_SCIFA_StartTXI
                0x50016538       0x40 ./generate/sc_drivers/r_scifa/src/lld/r_rza2_scifa_lld.o
                0x50016538                R_SCIFA_StartTXI
 .text.R_SCIFA_PutByte
                0x50016578       0x3c ./generate/sc_drivers/r_scifa/src/lld/r_rza2_scifa_lld.o
                0x50016578                R_SCIFA_PutByte
 .text.R_SCIFA_GetByte
                0x500165b4       0x4c ./generate/sc_drivers/r_scifa/src/lld/r_rza2_scifa_lld.o
                0x500165b4                R_SCIFA_GetByte
 .text.R_SCIFA_IsTxFifoFull
                0x50016600       0x54 ./generate/sc_drivers/r_scifa/src/lld/r_rza2_scifa_lld.o
                0x50016600                R_SCIFA_IsTxFifoFull
 .text.R_SCIFA_SetFIFOThreshold
                0x50016654       0xc4 ./generate/sc_drivers/r_scifa/src/lld/r_rza2_scifa_lld.o
                0x50016654                R_SCIFA_SetFIFOThreshold
 .text.R_SCIFA_SetExtendedCfg
                0x50016718       0x7c ./generate/sc_drivers/r_scifa/src/lld/r_rza2_scifa_lld.o
                0x50016718                R_SCIFA_SetExtendedCfg
 .text.R_SCIFA_SetTXDOutput
                0x50016794       0x5c ./generate/sc_drivers/r_scifa/src/lld/r_rza2_scifa_lld.o
                0x50016794                R_SCIFA_SetTXDOutput
 .text.R_SCIFA_SetSCKOutput
                0x500167f0       0x5c ./generate/sc_drivers/r_scifa/src/lld/r_rza2_scifa_lld.o
                0x500167f0                R_SCIFA_SetSCKOutput
 .text.R_SCIFA_SetCTSOutput
                0x5001684c       0x74 ./generate/sc_drivers/r_scifa/src/lld/r_rza2_scifa_lld.o
                0x5001684c                R_SCIFA_SetCTSOutput
 .text.R_SCIFA_SetRTSOutput
                0x500168c0       0x74 ./generate/sc_drivers/r_scifa/src/lld/r_rza2_scifa_lld.o
                0x500168c0                R_SCIFA_SetRTSOutput
 .text.R_SCIFA_GetVersion
                0x50016934       0x2c ./generate/sc_drivers/r_scifa/src/lld/r_rza2_scifa_lld.o
                0x50016934                R_SCIFA_GetVersion
 .text.R_SCIFA_SetupInterrupts
                0x50016960      0x2f4 ./generate/sc_drivers/r_scifa/src/lld/r_rza2_scifa_lld.o
                0x50016960                R_SCIFA_SetupInterrupts
 .text.R_SCIFA_StartModule
                0x50016c54       0x7c ./generate/sc_drivers/r_scifa/src/lld/r_rza2_scifa_lld.o
                0x50016c54                R_SCIFA_StartModule
 .text.R_SCIFA_ChannelConfigure
                0x50016cd0      0x1b4 ./generate/sc_drivers/r_scifa/src/lld/r_rza2_scifa_lld.o
                0x50016cd0                R_SCIFA_ChannelConfigure
 .text.R_SCIFA_Open
                0x50016e84       0x94 ./generate/sc_drivers/r_scifa/src/lld/r_rza2_scifa_lld.o
                0x50016e84                R_SCIFA_Open
 .text.R_SCIFA_DisableTxInterrupt
                0x50016f18       0x20 ./generate/sc_drivers/r_scifa/src/lld/r_rza2_scifa_lld.o
                0x50016f18                R_SCIFA_DisableTxInterrupt
 .text.R_SCIFA_EnableTxInterrupt
                0x50016f38       0x20 ./generate/sc_drivers/r_scifa/src/lld/r_rza2_scifa_lld.o
                0x50016f38                R_SCIFA_EnableTxInterrupt
 .text.R_SCIFA_DisableRxInterrupt
                0x50016f58       0x20 ./generate/sc_drivers/r_scifa/src/lld/r_rza2_scifa_lld.o
                0x50016f58                R_SCIFA_DisableRxInterrupt
 .text.R_SCIFA_EnableRxInterrupt
                0x50016f78       0x20 ./generate/sc_drivers/r_scifa/src/lld/r_rza2_scifa_lld.o
                0x50016f78                R_SCIFA_EnableRxInterrupt
 .text.R_SCIFA_SetBaud
                0x50016f98      0x3f8 ./generate/sc_drivers/r_scifa/src/lld/r_rza2_scifa_lld_baud.o
                0x50016f98                R_SCIFA_SetBaud
 .text.scifa_hld_get_version
                0x50017390       0x34 ./generate/sc_drivers/r_scifa/src/hld/r_scifa_drv_api.o
 .text.scifa_get_config_index
                0x500173c4       0x4c ./generate/sc_drivers/r_scifa/src/hld/r_scifa_drv_api.o
 .text.scifa_hld_control
                0x50017410       0xc4 ./generate/sc_drivers/r_scifa/src/hld/r_scifa_drv_api.o
 .text.scifa_hld_write
                0x500174d4       0x20 ./generate/sc_drivers/r_scifa/src/hld/r_scifa_drv_api.o
 .text.scifa_hld_read
                0x500174f4       0x20 ./generate/sc_drivers/r_scifa/src/hld/r_scifa_drv_api.o
 .text.scifa_hld_close
                0x50017514       0x10 ./generate/sc_drivers/r_scifa/src/hld/r_scifa_drv_api.o
 .text.scifa_hld_open
                0x50017524       0x18 ./generate/sc_drivers/r_scifa/src/hld/r_scifa_drv_api.o
 .text.RXI_handler
                0x5001753c       0xdc ./generate/sc_drivers/r_scifa/src/hld/r_scifa_hld_prv.o
 .text.TXI_handler
                0x50017618       0xec ./generate/sc_drivers/r_scifa/src/hld/r_scifa_hld_prv.o
 .text.TXEI_handler
                0x50017704       0x38 ./generate/sc_drivers/r_scifa/src/hld/r_scifa_hld_prv.o
 .text.r_scifa_hld_prv_destroy_buffers
                0x5001773c       0x58 ./generate/sc_drivers/r_scifa/src/hld/r_scifa_hld_prv.o
 .text.start_tx
                0x50017794      0x120 ./generate/sc_drivers/r_scifa/src/hld/r_scifa_hld_prv.o
 .text.r_scifa_hld_prv_create_buffers
                0x500178b4       0xe4 ./generate/sc_drivers/r_scifa/src/hld/r_scifa_hld_prv.o
 .text.r_scifa_hld_prv_open
                0x50017998      0x190 ./generate/sc_drivers/r_scifa/src/hld/r_scifa_hld_prv.o
                0x50017998                r_scifa_hld_prv_open
 .text.r_scifa_hld_prv_close
                0x50017b28      0x12c ./generate/sc_drivers/r_scifa/src/hld/r_scifa_hld_prv.o
                0x50017b28                r_scifa_hld_prv_close
 .text.r_scifa_hld_dma_read_next
                0x50017c54        0x8 ./generate/sc_drivers/r_scifa/src/hld/r_scifa_hld_prv.o
                0x50017c54                r_scifa_hld_dma_read_next
 .text.r_scifa_hld_prv_read
                0x50017c5c      0x18c ./generate/sc_drivers/r_scifa/src/hld/r_scifa_hld_prv.o
                0x50017c5c                r_scifa_hld_prv_read
 .text.r_scifa_hld_dma_write_next
                0x50017de8        0x8 ./generate/sc_drivers/r_scifa/src/hld/r_scifa_hld_prv.o
                0x50017de8                r_scifa_hld_dma_write_next
 .text.r_scifa_hld_prv_write
                0x50017df0      0x128 ./generate/sc_drivers/r_scifa/src/hld/r_scifa_hld_prv.o
                0x50017df0                r_scifa_hld_prv_write
 .text.r_scifa_hld_prv_set_config
                0x50017f18      0x124 ./generate/sc_drivers/r_scifa/src/hld/r_scifa_hld_prv.o
                0x50017f18                r_scifa_hld_prv_set_config
 .text.r_scifa_hld_prv_get_config
                0x5001803c       0x5c ./generate/sc_drivers/r_scifa/src/hld/r_scifa_hld_prv.o
                0x5001803c                r_scifa_hld_prv_get_config
 .text.r_scifa_hld_dma_read_abort
                0x50018098        0x8 ./generate/sc_drivers/r_scifa/src/hld/r_scifa_hld_prv.o
                0x50018098                r_scifa_hld_dma_read_abort
 .text.r_scifa_hld_dma_write_abort
                0x500180a0        0x8 ./generate/sc_drivers/r_scifa/src/hld/r_scifa_hld_prv.o
                0x500180a0                r_scifa_hld_dma_write_abort
 .text.r_scifa_hld_tx_flush
                0x500180a8       0x64 ./generate/sc_drivers/r_scifa/src/hld/r_scifa_hld_prv.o
                0x500180a8                r_scifa_hld_tx_flush
 .text.calc_compare
                0x5001810c       0xa0 ./generate/sc_drivers/r_ostm/src/lld/r_ostm_lld_rza2m.o
 .text.R_OSTM_Init
                0x500181ac      0x1d0 ./generate/sc_drivers/r_ostm/src/lld/r_ostm_lld_rza2m.o
                0x500181ac                R_OSTM_Init
 .text.R_OSTM_GetVersion
                0x5001837c       0x34 ./generate/sc_drivers/r_ostm/src/lld/r_ostm_lld_rza2m.o
                0x5001837c                R_OSTM_GetVersion
 .text.R_OSTM_GetCount
                0x500183b0       0x48 ./generate/sc_drivers/r_ostm/src/lld/r_ostm_lld_rza2m.o
                0x500183b0                R_OSTM_GetCount
 .text.R_OSTM_Start
                0x500183f8       0x90 ./generate/sc_drivers/r_ostm/src/lld/r_ostm_lld_rza2m.o
                0x500183f8                R_OSTM_Start
 .text.R_OSTM_Stop
                0x50018488       0x5c ./generate/sc_drivers/r_ostm/src/lld/r_ostm_lld_rza2m.o
                0x50018488                R_OSTM_Stop
 .text.R_OSTM_Close
                0x500184e4       0x6c ./generate/sc_drivers/r_ostm/src/lld/r_ostm_lld_rza2m.o
                0x500184e4                R_OSTM_Close
 .text.ostm_get_version
                0x50018550       0x28 ./generate/sc_drivers/r_ostm/src/hld/r_ostm_drv_api.o
 .text.ostm_read
                0x50018578       0x28 ./generate/sc_drivers/r_ostm/src/hld/r_ostm_drv_api.o
 .text.ostm_close
                0x500185a0       0x38 ./generate/sc_drivers/r_ostm/src/hld/r_ostm_drv_api.o
 .text.ostm_control
                0x500185d8       0xa8 ./generate/sc_drivers/r_ostm/src/hld/r_ostm_drv_api.o
 .text.ostm_open
                0x50018680       0x58 ./generate/sc_drivers/r_ostm/src/hld/r_ostm_drv_api.o
 .text.octaram_init
                0x500186d8      0x130 ./generate/sc_drivers/r_octabus/src/lld/r_octabus_lld_rza2m_api.o
 .text.octaram_autocalib
                0x50018808       0x98 ./generate/sc_drivers/r_octabus/src/lld/r_octabus_lld_rza2m_api.o
 .text.octaram_manualcalib.isra.0
                0x500188a0      0x150 ./generate/sc_drivers/r_octabus/src/lld/r_octabus_lld_rza2m_api.o
 .text.R_OCTABUS_Setup
                0x500189f0       0x74 ./generate/sc_drivers/r_octabus/src/lld/r_octabus_lld_rza2m_api.o
                0x500189f0                R_OCTABUS_Setup
 .text.R_OCTABUS_WriteConfigMode
                0x50018a64       0x3c ./generate/sc_drivers/r_octabus/src/lld/r_octabus_lld_rza2m_api.o
                0x50018a64                R_OCTABUS_WriteConfigMode
 .text.cbCreate
                0x50018aa0       0x44 ./generate/sc_drivers/r_cbuffer/src/r_cbuffer.o
                0x50018aa0                cbCreate
 .text.cbDestroy
                0x50018ae4       0x30 ./generate/sc_drivers/r_cbuffer/src/r_cbuffer.o
                0x50018ae4                cbDestroy
 .text.cbPut    0x50018b14       0x50 ./generate/sc_drivers/r_cbuffer/src/r_cbuffer.o
                0x50018b14                cbPut
 .text.cbGet    0x50018b64       0x50 ./generate/sc_drivers/r_cbuffer/src/r_cbuffer.o
                0x50018b64                cbGet
 .text.cbUsed   0x50018bb4       0x28 ./generate/sc_drivers/r_cbuffer/src/r_cbuffer.o
                0x50018bb4                cbUsed
 .text.cbFree   0x50018bdc       0x30 ./generate/sc_drivers/r_cbuffer/src/r_cbuffer.o
                0x50018bdc                cbFree
 .text.get_timeout_tickcount
                0x50018c0c       0xa4 ./generate/os_abstraction/src/r_os_abstraction_api.o
 .text.R_OS_AbstractionLayerInit
                0x50018cb0       0x7c ./generate/os_abstraction/src/r_os_abstraction_api.o
                0x50018cb0                R_OS_AbstractionLayerInit
 .text.R_OS_Running
                0x50018d2c        0x8 ./generate/os_abstraction/src/r_os_abstraction_api.o
                0x50018d2c                R_OS_Running
 .text.R_OS_TaskSleep
                0x50018d34       0x24 ./generate/os_abstraction/src/r_os_abstraction_api.o
                0x50018d34                R_OS_TaskSleep
 .text.R_OS_SysLock
                0x50018d58       0x10 ./generate/os_abstraction/src/r_os_abstraction_api.o
                0x50018d58                R_OS_SysLock
 .text.R_OS_SysUnlock
                0x50018d68        0x4 ./generate/os_abstraction/src/r_os_abstraction_api.o
                0x50018d68                R_OS_SysUnlock
 .text.R_OS_Malloc
                0x50018d6c        0x4 ./generate/os_abstraction/src/r_os_abstraction_api.o
                0x50018d6c                R_OS_Malloc
 .text.R_OS_Free
                0x50018d70       0x28 ./generate/os_abstraction/src/r_os_abstraction_api.o
                0x50018d70                R_OS_Free
 .text.R_OS_MutexCreate
                0x50018d98       0x1c ./generate/os_abstraction/src/r_os_abstraction_api.o
                0x50018d98                R_OS_MutexCreate
 .text.R_OS_MutexRelease
                0x50018db4       0x20 ./generate/os_abstraction/src/r_os_abstraction_api.o
                0x50018db4                R_OS_MutexRelease
 .text.R_OS_MutexWait
                0x50018dd4       0x88 ./generate/os_abstraction/src/r_os_abstraction_api.o
                0x50018dd4                R_OS_MutexWait
 .text.R_OS_MutexAcquire
                0x50018e5c       0x24 ./generate/os_abstraction/src/r_os_abstraction_api.o
                0x50018e5c                R_OS_MutexAcquire
 .text.R_OS_EnterCritical
                0x50018e80        0x4 ./generate/os_abstraction/src/r_os_abstraction_api.o
                0x50018e80                R_OS_EnterCritical
 .text.R_OS_ExitCritical
                0x50018e84        0x4 ./generate/os_abstraction/src/r_os_abstraction_api.o
                0x50018e84                R_OS_ExitCritical
 .text.R_OS_EventDelete
                0x50018e88       0x3c ./generate/os_abstraction/src/r_os_abstraction_api.o
                0x50018e88                R_OS_EventDelete
 .text.R_OS_MutexDelete
                0x50018ec4        0x4 ./generate/os_abstraction/src/r_os_abstraction_api.o
                0x50018ec4                R_OS_MutexDelete
 .text.os_abstraction_isr
                0x50018ec8       0x18 ./generate/os_abstraction/src/r_os_abstraction_api.o
                0x50018ec8                os_abstraction_isr
 .text.initialise_monitor_handles
                0x50018ee0       0x90 ./generate/os_abstraction/src/syscalls.o
                0x50018ee0                initialise_monitor_handles
 .text._read    0x50018f70       0x2c ./generate/os_abstraction/src/syscalls.o
                0x50018f70                _read
 .text._swilseek
                0x50018f9c       0xc8 ./generate/os_abstraction/src/syscalls.o
                0x50018f9c                _swilseek
 .text._lseek   0x50019064       0x2c ./generate/os_abstraction/src/syscalls.o
                0x50019064                _lseek
 .text._write   0x50019090       0x2c ./generate/os_abstraction/src/syscalls.o
                0x50019090                _write
 .text._swiopen
                0x500190bc       0x70 ./generate/os_abstraction/src/syscalls.o
                0x500190bc                _swiopen
 .text._open    0x5001912c       0x3c ./generate/os_abstraction/src/syscalls.o
                0x5001912c                _open
 .text._swiclose
                0x50019168       0x34 ./generate/os_abstraction/src/syscalls.o
                0x50019168                _swiclose
 .text._close   0x5001919c       0x2c ./generate/os_abstraction/src/syscalls.o
                0x5001919c                _close
 .text._sbrk    0x500191c8       0x2c ./generate/os_abstraction/src/syscalls.o
                0x500191c8                _sbrk
 .text._fstat   0x500191f4       0x30 ./generate/os_abstraction/src/syscalls.o
                0x500191f4                _fstat
 .text._isatty  0x50019224       0x10 ./generate/os_abstraction/src/syscalls.o
                0x50019224                _isatty
 .text.R_STB_StopModule
                0x50019234       0x7c ./generate/drivers/r_stb/src/lld/r_stb_lld_rza2m.o
                0x50019234                R_STB_StopModule
 .text.R_STB_StartModule
                0x500192b0       0x7c ./generate/drivers/r_stb/src/lld/r_stb_lld_rza2m.o
                0x500192b0                R_STB_StartModule
 .text.mmu_get_ttb_entry
                0x5001932c       0x34 ./generate/drivers/r_mmu/src/lld/r_mmu_lld_rza2m.o
 .text.R_MMU_WriteTbl
                0x50019360       0x64 ./generate/drivers/r_mmu/src/lld/r_mmu_lld_rza2m.o
                0x50019360                R_MMU_WriteTbl
 .text.R_MMU_Init
                0x500193c4       0x8c ./generate/drivers/r_mmu/src/lld/r_mmu_lld_rza2m.o
                0x500193c4                R_MMU_Init
 .text.unprotect_pin_mux
                0x50019450       0x38 ./generate/drivers/r_gpio/src/lld/r_gpio_lld_rza2m.o
 .text.protect_pin_mux
                0x50019488       0x38 ./generate/drivers/r_gpio/src/lld/r_gpio_lld_rza2m.o
 .text.get_pin_allocation.part.0
                0x500194c0       0x58 ./generate/drivers/r_gpio/src/lld/r_gpio_lld_rza2m.o
 .text.R_GPIO_PortWrite
                0x50019518       0x34 ./generate/drivers/r_gpio/src/lld/r_gpio_lld_rza2m.o
                0x50019518                R_GPIO_PortWrite
 .text.R_GPIO_PortRead
                0x5001954c       0x48 ./generate/drivers/r_gpio/src/lld/r_gpio_lld_rza2m.o
                0x5001954c                R_GPIO_PortRead
 .text.R_GPIO_PinWrite
                0x50019594      0x14c ./generate/drivers/r_gpio/src/lld/r_gpio_lld_rza2m.o
                0x50019594                R_GPIO_PinWrite
 .text.R_GPIO_PinRead
                0x500196e0       0x84 ./generate/drivers/r_gpio/src/lld/r_gpio_lld_rza2m.o
                0x500196e0                R_GPIO_PinRead
 .text.R_GPIO_PinDirectionSet
                0x50019764      0x1d0 ./generate/drivers/r_gpio/src/lld/r_gpio_lld_rza2m.o
                0x50019764                R_GPIO_PinDirectionSet
 .text.R_GPIO_PinDirectionGet
                0x50019934       0xc8 ./generate/drivers/r_gpio/src/lld/r_gpio_lld_rza2m.o
                0x50019934                R_GPIO_PinDirectionGet
 .text.R_GPIO_PinAssignmentSet
                0x500199fc       0x80 ./generate/drivers/r_gpio/src/lld/r_gpio_lld_rza2m.o
                0x500199fc                R_GPIO_PinAssignmentSet
 .text.R_GPIO_PinAssignmentGet
                0x50019a7c       0x84 ./generate/drivers/r_gpio/src/lld/r_gpio_lld_rza2m.o
                0x50019a7c                R_GPIO_PinAssignmentGet
 .text.R_GPIO_PinTintSet
                0x50019b00      0x17c ./generate/drivers/r_gpio/src/lld/r_gpio_lld_rza2m.o
                0x50019b00                R_GPIO_PinTintSet
 .text.R_GPIO_PinTintGet
                0x50019c7c       0x7c ./generate/drivers/r_gpio/src/lld/r_gpio_lld_rza2m.o
                0x50019c7c                R_GPIO_PinTintGet
 .text.R_GPIO_PinDscrSet
                0x50019cf8      0x3bc ./generate/drivers/r_gpio/src/lld/r_gpio_lld_rza2m.o
                0x50019cf8                R_GPIO_PinDscrSet
 .text.R_GPIO_PinDscrGet
                0x5001a0b4      0x1ac ./generate/drivers/r_gpio/src/lld/r_gpio_lld_rza2m.o
                0x5001a0b4                R_GPIO_PinDscrGet
 .text.R_GPIO_PeripheralFunctionWrite
                0x5001a260       0x70 ./generate/drivers/r_gpio/src/lld/r_gpio_lld_rza2m.o
                0x5001a260                R_GPIO_PeripheralFunctionWrite
 .text.R_GPIO_PeripheralFunctionRead
                0x5001a2d0       0x6c ./generate/drivers/r_gpio/src/lld/r_gpio_lld_rza2m.o
                0x5001a2d0                R_GPIO_PeripheralFunctionRead
 .text.R_GPIO_PinSetFunction
                0x5001a33c      0x204 ./generate/drivers/r_gpio/src/lld/r_gpio_lld_rza2m.o
                0x5001a33c                R_GPIO_PinSetFunction
 .text.pin_configuration
                0x5001a540       0x80 ./generate/drivers/r_gpio/src/lld/r_gpio_lld_rza2m.o
 .text.R_GPIO_PinSetConfiguration
                0x5001a5c0       0xd8 ./generate/drivers/r_gpio/src/lld/r_gpio_lld_rza2m.o
                0x5001a5c0                R_GPIO_PinSetConfiguration
 .text.R_GPIO_InitByPinList
                0x5001a698      0x2c8 ./generate/drivers/r_gpio/src/lld/r_gpio_lld_rza2m.o
                0x5001a698                R_GPIO_InitByPinList
 .text.R_GPIO_ClearByPinList
                0x5001a960      0x1cc ./generate/drivers/r_gpio/src/lld/r_gpio_lld_rza2m.o
                0x5001a960                R_GPIO_ClearByPinList
 .text.R_GPIO_InitByTable
                0x5001ab2c      0x178 ./generate/drivers/r_gpio/src/lld/r_gpio_lld_rza2m.o
                0x5001ab2c                R_GPIO_InitByTable
 .text.R_GPIO_HWInitialise
                0x5001aca4       0x84 ./generate/drivers/r_gpio/src/lld/r_gpio_lld_rza2m.o
                0x5001aca4                R_GPIO_HWInitialise
 .text.R_GPIO_ClearByTable
                0x5001ad28      0x1ac ./generate/drivers/r_gpio/src/lld/r_gpio_lld_rza2m.o
                0x5001ad28                R_GPIO_ClearByTable
 .text.R_GPIO_PinGetFunction
                0x5001aed4       0xf8 ./generate/drivers/r_gpio/src/lld/r_gpio_lld_rza2m.o
                0x5001aed4                R_GPIO_PinGetFunction
 .text.R_GPIO_PinGetConfiguration
                0x5001afcc       0xa4 ./generate/drivers/r_gpio/src/lld/r_gpio_lld_rza2m.o
                0x5001afcc                R_GPIO_PinGetConfiguration
 .text.R_GPIO_DeallocateAllPins
                0x5001b070       0x2c ./generate/drivers/r_gpio/src/lld/r_gpio_lld_rza2m.o
                0x5001b070                R_GPIO_DeallocateAllPins
 .text.R_GPIO_GetVersion
                0x5001b09c       0x34 ./generate/drivers/r_gpio/src/lld/r_gpio_lld_rza2m.o
                0x5001b09c                R_GPIO_GetVersion
 .text.gpio_get_version
                0x5001b0d0       0x28 ./generate/drivers/r_gpio/src/hld/r_gpio_drv_api.o
 .text.gpio_control
                0x5001b0f8      0x17c ./generate/drivers/r_gpio/src/hld/r_gpio_drv_api.o
 .text.gpio_close
                0x5001b274        0x8 ./generate/drivers/r_gpio/src/hld/r_gpio_drv_api.o
 .text.gpio_open
                0x5001b27c        0x8 ./generate/drivers/r_gpio/src/hld/r_gpio_drv_api.o
 .text.__libc_init_array
                0x5001b284       0x74 ./generate/compiler/init/init.o
                0x5001b284                __libc_init_array
 .text.disable_rtc.part.0
                0x5001b2f8       0xec ./generate/compiler/init/resetprg.o
 .text.disable_usb.part.1
                0x5001b3e4      0x204 ./generate/compiler/init/resetprg.o
 .text.resetprg
                0x5001b5e8       0x60 ./generate/compiler/init/resetprg.o
                0x5001b5e8                resetprg
 .text.__set_vbar
                0x5001b648        0x8 ./generate/compiler/asm/cpu.o
                0x5001b648                __set_vbar
 .text.R_SoftwareDelay
                0x5001b650       0x10 ./generate/compiler/asm/cpu.o
                0x5001b650                R_SoftwareDelay
 .text.__disable_irq
                0x5001b660       0x10 ./generate/compiler/asm/irq.o
                0x5001b660                __disable_irq
 .text.__enable_irq
                0x5001b670        0x8 ./generate/compiler/asm/irq.o
                0x5001b670                __enable_irq
 .text.__enable_fiq
                0x5001b678        0x8 ./generate/compiler/asm/irq.o
                0x5001b678                __enable_fiq
 .text.r_mmu_get_ttbcr
                0x5001b680        0x8 ./generate/compiler/asm/mmu_operation.o
                0x5001b680                r_mmu_get_ttbcr
 .text.r_mmu_set_ttbcr
                0x5001b688        0x8 ./generate/compiler/asm/mmu_operation.o
                0x5001b688                r_mmu_set_ttbcr
 .text.r_mmu_get_ttbr0
                0x5001b690        0x8 ./generate/compiler/asm/mmu_operation.o
                0x5001b690                r_mmu_get_ttbr0
 .text.r_mmu_set_ttbr0
                0x5001b698        0x8 ./generate/compiler/asm/mmu_operation.o
                0x5001b698                r_mmu_set_ttbr0
 .text.r_mmu_set_dacr
                0x5001b6a0        0x8 ./generate/compiler/asm/mmu_operation.o
                0x5001b6a0                r_mmu_set_dacr
 .text.r_mmu_get_sctlr
                0x5001b6a8        0x8 ./generate/compiler/asm/mmu_operation.o
                0x5001b6a8                r_mmu_get_sctlr
 .text.r_mmu_set_sctlr
                0x5001b6b0        0xc ./generate/compiler/asm/mmu_operation.o
                0x5001b6b0                r_mmu_set_sctlr
 .text.Enable_VFP
                0x5001b6bc       0x24 ./generate/compiler/asm/vfp_init.o
                0x5001b6bc                Enable_VFP
 .text          0x5001b6e0      0x278 c:/program files (x86)/gnu tools arm embedded/6 2017-q2-update/bin/../lib/gcc/arm-none-eabi/6.3.1/thumb/v7-ar/fpv3/hard\libgcc.a(_udivsi3.o)
                0x5001b6e0                __aeabi_uidiv
                0x5001b6e0                __udivsi3
                0x5001b93c                __aeabi_uidivmod
 .text          0x5001b958        0x4 c:/program files (x86)/gnu tools arm embedded/6 2017-q2-update/bin/../lib/gcc/arm-none-eabi/6.3.1/thumb/v7-ar/fpv3/hard\libgcc.a(_dvmd_tls.o)
                0x5001b958                __aeabi_idiv0
                0x5001b958                __aeabi_ldiv0
 *fill*         0x5001b95c        0x4 
 .text          0x5001b960       0x48 c:/program files (x86)/gnu tools arm embedded/6 2017-q2-update/bin/../lib/gcc/arm-none-eabi/6.3.1/thumb/v7-ar/fpv3/hard\libgcc.a(_fixunsdfdi.o)
                0x5001b960                __fixunsdfdi
                0x5001b960                __aeabi_d2ulz
 .text.__errno  0x5001b9a8        0xc c:/program files (x86)/gnu tools arm embedded/6 2017-q2-update/bin/../lib/gcc/arm-none-eabi/6.3.1/../../../../arm-none-eabi/lib/thumb/v7-ar/fpv3/hard\libg.a(lib_a-errno.o)
                0x5001b9a8                __errno
 .text.__sflush_r
                0x5001b9b4      0x140 c:/program files (x86)/gnu tools arm embedded/6 2017-q2-update/bin/../lib/gcc/arm-none-eabi/6.3.1/../../../../arm-none-eabi/lib/thumb/v7-ar/fpv3/hard\libg.a(lib_a-fflush.o)
                0x5001b9b4                __sflush_r
 .text._fflush_r
                0x5001baf4       0x54 c:/program files (x86)/gnu tools arm embedded/6 2017-q2-update/bin/../lib/gcc/arm-none-eabi/6.3.1/../../../../arm-none-eabi/lib/thumb/v7-ar/fpv3/hard\libg.a(lib_a-fflush.o)
                0x5001baf4                _fflush_r
 .text._cleanup_r
                0x5001bb48        0xc c:/program files (x86)/gnu tools arm embedded/6 2017-q2-update/bin/../lib/gcc/arm-none-eabi/6.3.1/../../../../arm-none-eabi/lib/thumb/v7-ar/fpv3/hard\libg.a(lib_a-findfp.o)
                0x5001bb48                _cleanup_r
 .text.std.isra.0
                0x5001bb54       0x58 c:/program files (x86)/gnu tools arm embedded/6 2017-q2-update/bin/../lib/gcc/arm-none-eabi/6.3.1/../../../../arm-none-eabi/lib/thumb/v7-ar/fpv3/hard\libg.a(lib_a-findfp.o)
 .text.__sinit  0x5001bbac       0x70 c:/program files (x86)/gnu tools arm embedded/6 2017-q2-update/bin/../lib/gcc/arm-none-eabi/6.3.1/../../../../arm-none-eabi/lib/thumb/v7-ar/fpv3/hard\libg.a(lib_a-findfp.o)
                0x5001bbac                __sinit
 .text.__sfp_lock_acquire
                0x5001bc1c        0xc c:/program files (x86)/gnu tools arm embedded/6 2017-q2-update/bin/../lib/gcc/arm-none-eabi/6.3.1/../../../../arm-none-eabi/lib/thumb/v7-ar/fpv3/hard\libg.a(lib_a-findfp.o)
                0x5001bc1c                __sfp_lock_acquire
 .text.__sfp_lock_release
                0x5001bc28        0xc c:/program files (x86)/gnu tools arm embedded/6 2017-q2-update/bin/../lib/gcc/arm-none-eabi/6.3.1/../../../../arm-none-eabi/lib/thumb/v7-ar/fpv3/hard\libg.a(lib_a-findfp.o)
                0x5001bc28                __sfp_lock_release
 .text._malloc_trim_r
                0x5001bc34       0xac c:/program files (x86)/gnu tools arm embedded/6 2017-q2-update/bin/../lib/gcc/arm-none-eabi/6.3.1/../../../../arm-none-eabi/lib/thumb/v7-ar/fpv3/hard\libg.a(lib_a-freer.o)
                0x5001bc34                _malloc_trim_r
 .text._free_r  0x5001bce0      0x1e0 c:/program files (x86)/gnu tools arm embedded/6 2017-q2-update/bin/../lib/gcc/arm-none-eabi/6.3.1/../../../../arm-none-eabi/lib/thumb/v7-ar/fpv3/hard\libg.a(lib_a-freer.o)
                0x5001bce0                _free_r
 .text.__sfvwrite_r
                0x5001bec0      0x31c c:/program files (x86)/gnu tools arm embedded/6 2017-q2-update/bin/../lib/gcc/arm-none-eabi/6.3.1/../../../../arm-none-eabi/lib/thumb/v7-ar/fpv3/hard\libg.a(lib_a-fvwrite.o)
                0x5001bec0                __sfvwrite_r
 .text._fwalk_reent
                0x5001c1dc       0x50 c:/program files (x86)/gnu tools arm embedded/6 2017-q2-update/bin/../lib/gcc/arm-none-eabi/6.3.1/../../../../arm-none-eabi/lib/thumb/v7-ar/fpv3/hard\libg.a(lib_a-fwalk.o)
                0x5001c1dc                _fwalk_reent
 .text.__locale_mb_cur_max
                0x5001c22c       0x20 c:/program files (x86)/gnu tools arm embedded/6 2017-q2-update/bin/../lib/gcc/arm-none-eabi/6.3.1/../../../../arm-none-eabi/lib/thumb/v7-ar/fpv3/hard\libg.a(lib_a-locale.o)
                0x5001c22c                __locale_mb_cur_max
 .text.__retarget_lock_init_recursive
                0x5001c24c        0x4 c:/program files (x86)/gnu tools arm embedded/6 2017-q2-update/bin/../lib/gcc/arm-none-eabi/6.3.1/../../../../arm-none-eabi/lib/thumb/v7-ar/fpv3/hard\libg.a(lib_a-lock.o)
                0x5001c24c                __retarget_lock_init_recursive
 .text.__retarget_lock_close_recursive
                0x5001c250        0x4 c:/program files (x86)/gnu tools arm embedded/6 2017-q2-update/bin/../lib/gcc/arm-none-eabi/6.3.1/../../../../arm-none-eabi/lib/thumb/v7-ar/fpv3/hard\libg.a(lib_a-lock.o)
                0x5001c250                __retarget_lock_close_recursive
 .text.__retarget_lock_acquire_recursive
                0x5001c254        0x4 c:/program files (x86)/gnu tools arm embedded/6 2017-q2-update/bin/../lib/gcc/arm-none-eabi/6.3.1/../../../../arm-none-eabi/lib/thumb/v7-ar/fpv3/hard\libg.a(lib_a-lock.o)
                0x5001c254                __retarget_lock_acquire_recursive
 .text.__retarget_lock_release_recursive
                0x5001c258        0x4 c:/program files (x86)/gnu tools arm embedded/6 2017-q2-update/bin/../lib/gcc/arm-none-eabi/6.3.1/../../../../arm-none-eabi/lib/thumb/v7-ar/fpv3/hard\libg.a(lib_a-lock.o)
                0x5001c258                __retarget_lock_release_recursive
 .text.malloc   0x5001c25c       0x10 c:/program files (x86)/gnu tools arm embedded/6 2017-q2-update/bin/../lib/gcc/arm-none-eabi/6.3.1/../../../../arm-none-eabi/lib/thumb/v7-ar/fpv3/hard\libg.a(lib_a-malloc.o)
                0x5001c25c                malloc
 .text.free     0x5001c26c       0x10 c:/program files (x86)/gnu tools arm embedded/6 2017-q2-update/bin/../lib/gcc/arm-none-eabi/6.3.1/../../../../arm-none-eabi/lib/thumb/v7-ar/fpv3/hard\libg.a(lib_a-malloc.o)
                0x5001c26c                free
 .text._malloc_r
                0x5001c27c      0x58c c:/program files (x86)/gnu tools arm embedded/6 2017-q2-update/bin/../lib/gcc/arm-none-eabi/6.3.1/../../../../arm-none-eabi/lib/thumb/v7-ar/fpv3/hard\libg.a(lib_a-mallocr.o)
                0x5001c27c                _malloc_r
 .text.__ascii_mbtowc
                0x5001c808       0x2c c:/program files (x86)/gnu tools arm embedded/6 2017-q2-update/bin/../lib/gcc/arm-none-eabi/6.3.1/../../../../arm-none-eabi/lib/thumb/v7-ar/fpv3/hard\libg.a(lib_a-mbtowc_r.o)
                0x5001c808                __ascii_mbtowc
 .text.memchr   0x5001c834       0x8c c:/program files (x86)/gnu tools arm embedded/6 2017-q2-update/bin/../lib/gcc/arm-none-eabi/6.3.1/../../../../arm-none-eabi/lib/thumb/v7-ar/fpv3/hard\libg.a(lib_a-memchr-stub.o)
                0x5001c834                memchr
 .text.memcmp   0x5001c8c0       0x5c c:/program files (x86)/gnu tools arm embedded/6 2017-q2-update/bin/../lib/gcc/arm-none-eabi/6.3.1/../../../../arm-none-eabi/lib/thumb/v7-ar/fpv3/hard\libg.a(lib_a-memcmp.o)
                0x5001c8c0                memcmp
 .text          0x5001c91c       0xec c:/program files (x86)/gnu tools arm embedded/6 2017-q2-update/bin/../lib/gcc/arm-none-eabi/6.3.1/../../../../arm-none-eabi/lib/thumb/v7-ar/fpv3/hard\libg.a(lib_a-memcpy.o)
                0x5001c91c                memcpy
 .text.memmove  0x5001ca08       0xd4 c:/program files (x86)/gnu tools arm embedded/6 2017-q2-update/bin/../lib/gcc/arm-none-eabi/6.3.1/../../../../arm-none-eabi/lib/thumb/v7-ar/fpv3/hard\libg.a(lib_a-memmove.o)
                0x5001ca08                memmove
 .text.memset   0x5001cadc       0xa4 c:/program files (x86)/gnu tools arm embedded/6 2017-q2-update/bin/../lib/gcc/arm-none-eabi/6.3.1/../../../../arm-none-eabi/lib/thumb/v7-ar/fpv3/hard\libg.a(lib_a-memset.o)
                0x5001cadc                memset
 .text.__malloc_lock
                0x5001cb80        0xc c:/program files (x86)/gnu tools arm embedded/6 2017-q2-update/bin/../lib/gcc/arm-none-eabi/6.3.1/../../../../arm-none-eabi/lib/thumb/v7-ar/fpv3/hard\libg.a(lib_a-mlock.o)
                0x5001cb80                __malloc_lock
 .text.__malloc_unlock
                0x5001cb8c        0xc c:/program files (x86)/gnu tools arm embedded/6 2017-q2-update/bin/../lib/gcc/arm-none-eabi/6.3.1/../../../../arm-none-eabi/lib/thumb/v7-ar/fpv3/hard\libg.a(lib_a-mlock.o)
                0x5001cb8c                __malloc_unlock
 .text.printf   0x5001cb98       0x2c c:/program files (x86)/gnu tools arm embedded/6 2017-q2-update/bin/../lib/gcc/arm-none-eabi/6.3.1/../../../../arm-none-eabi/lib/thumb/v7-ar/fpv3/hard\libg.a(lib_a-printf.o)
                0x5001cb98                printf
 .text._putc_r  0x5001cbc4       0x70 c:/program files (x86)/gnu tools arm embedded/6 2017-q2-update/bin/../lib/gcc/arm-none-eabi/6.3.1/../../../../arm-none-eabi/lib/thumb/v7-ar/fpv3/hard\libg.a(lib_a-putc.o)
                0x5001cbc4                _putc_r
 .text.putchar  0x5001cc34       0x14 c:/program files (x86)/gnu tools arm embedded/6 2017-q2-update/bin/../lib/gcc/arm-none-eabi/6.3.1/../../../../arm-none-eabi/lib/thumb/v7-ar/fpv3/hard\libg.a(lib_a-putchar.o)
                0x5001cc34                putchar
 .text._puts_r  0x5001cc48       0xa4 c:/program files (x86)/gnu tools arm embedded/6 2017-q2-update/bin/../lib/gcc/arm-none-eabi/6.3.1/../../../../arm-none-eabi/lib/thumb/v7-ar/fpv3/hard\libg.a(lib_a-puts.o)
                0x5001cc48                _puts_r
 .text.puts     0x5001ccec       0x10 c:/program files (x86)/gnu tools arm embedded/6 2017-q2-update/bin/../lib/gcc/arm-none-eabi/6.3.1/../../../../arm-none-eabi/lib/thumb/v7-ar/fpv3/hard\libg.a(lib_a-puts.o)
                0x5001ccec                puts
 .text._realloc_r
                0x5001ccfc      0x3f0 c:/program files (x86)/gnu tools arm embedded/6 2017-q2-update/bin/../lib/gcc/arm-none-eabi/6.3.1/../../../../arm-none-eabi/lib/thumb/v7-ar/fpv3/hard\libg.a(lib_a-reallocr.o)
                0x5001ccfc                _realloc_r
 .text._sbrk_r  0x5001d0ec       0x28 c:/program files (x86)/gnu tools arm embedded/6 2017-q2-update/bin/../lib/gcc/arm-none-eabi/6.3.1/../../../../arm-none-eabi/lib/thumb/v7-ar/fpv3/hard\libg.a(lib_a-sbrkr.o)
                0x5001d0ec                _sbrk_r
 .text.sprintf  0x5001d114       0x50 c:/program files (x86)/gnu tools arm embedded/6 2017-q2-update/bin/../lib/gcc/arm-none-eabi/6.3.1/../../../../arm-none-eabi/lib/thumb/v7-ar/fpv3/hard\libg.a(lib_a-sprintf.o)
                0x5001d114                sprintf
 .text.__sread  0x5001d164       0x24 c:/program files (x86)/gnu tools arm embedded/6 2017-q2-update/bin/../lib/gcc/arm-none-eabi/6.3.1/../../../../arm-none-eabi/lib/thumb/v7-ar/fpv3/hard\libg.a(lib_a-stdio.o)
                0x5001d164                __sread
 .text.__swrite
                0x5001d188       0x3c c:/program files (x86)/gnu tools arm embedded/6 2017-q2-update/bin/../lib/gcc/arm-none-eabi/6.3.1/../../../../arm-none-eabi/lib/thumb/v7-ar/fpv3/hard\libg.a(lib_a-stdio.o)
                0x5001d188                __swrite
 .text.__sseek  0x5001d1c4       0x20 c:/program files (x86)/gnu tools arm embedded/6 2017-q2-update/bin/../lib/gcc/arm-none-eabi/6.3.1/../../../../arm-none-eabi/lib/thumb/v7-ar/fpv3/hard\libg.a(lib_a-stdio.o)
                0x5001d1c4                __sseek
 .text.__sclose
                0x5001d1e4        0x8 c:/program files (x86)/gnu tools arm embedded/6 2017-q2-update/bin/../lib/gcc/arm-none-eabi/6.3.1/../../../../arm-none-eabi/lib/thumb/v7-ar/fpv3/hard\libg.a(lib_a-stdio.o)
                0x5001d1e4                __sclose
 .text.strchr   0x5001d1ec       0xe8 c:/program files (x86)/gnu tools arm embedded/6 2017-q2-update/bin/../lib/gcc/arm-none-eabi/6.3.1/../../../../arm-none-eabi/lib/thumb/v7-ar/fpv3/hard\libg.a(lib_a-strchr.o)
                0x5001d1ec                strchr
 .text          0x5001d2d4      0x1bc c:/program files (x86)/gnu tools arm embedded/6 2017-q2-update/bin/../lib/gcc/arm-none-eabi/6.3.1/../../../../arm-none-eabi/lib/thumb/v7-ar/fpv3/hard\libg.a(lib_a-strcmp.o)
                0x5001d2d4                strcmp
 .text.strlen   0x5001d490       0x5c c:/program files (x86)/gnu tools arm embedded/6 2017-q2-update/bin/../lib/gcc/arm-none-eabi/6.3.1/../../../../arm-none-eabi/lib/thumb/v7-ar/fpv3/hard\libg.a(lib_a-strlen-stub.o)
                0x5001d490                strlen
 .text.critical_factorization
                0x5001d4ec       0xb8 c:/program files (x86)/gnu tools arm embedded/6 2017-q2-update/bin/../lib/gcc/arm-none-eabi/6.3.1/../../../../arm-none-eabi/lib/thumb/v7-ar/fpv3/hard\libg.a(lib_a-strstr.o)
 .text.two_way_long_needle
                0x5001d5a4      0x214 c:/program files (x86)/gnu tools arm embedded/6 2017-q2-update/bin/../lib/gcc/arm-none-eabi/6.3.1/../../../../arm-none-eabi/lib/thumb/v7-ar/fpv3/hard\libg.a(lib_a-strstr.o)
 .text.strstr   0x5001d7b8      0x21c c:/program files (x86)/gnu tools arm embedded/6 2017-q2-update/bin/../lib/gcc/arm-none-eabi/6.3.1/../../../../arm-none-eabi/lib/thumb/v7-ar/fpv3/hard\libg.a(lib_a-strstr.o)
                0x5001d7b8                strstr
 *fill*         0x5001d9d4        0x4 
 .text._svfprintf_r
                0x5001d9d8     0x145c c:/program files (x86)/gnu tools arm embedded/6 2017-q2-update/bin/../lib/gcc/arm-none-eabi/6.3.1/../../../../arm-none-eabi/lib/thumb/v7-ar/fpv3/hard\libg.a(lib_a-svfprintf.o)
                0x5001d9d8                _svfprintf_r
 .text.close    0x5001ee34       0x10 c:/program files (x86)/gnu tools arm embedded/6 2017-q2-update/bin/../lib/gcc/arm-none-eabi/6.3.1/../../../../arm-none-eabi/lib/thumb/v7-ar/fpv3/hard\libg.a(lib_a-sysclose.o)
                0x5001ee34                close
 .text.open     0x5001ee44       0x2c c:/program files (x86)/gnu tools arm embedded/6 2017-q2-update/bin/../lib/gcc/arm-none-eabi/6.3.1/../../../../arm-none-eabi/lib/thumb/v7-ar/fpv3/hard\libg.a(lib_a-sysopen.o)
                0x5001ee44                open
 .text._vfprintf_r
                0x5001ee70     0x158c c:/program files (x86)/gnu tools arm embedded/6 2017-q2-update/bin/../lib/gcc/arm-none-eabi/6.3.1/../../../../arm-none-eabi/lib/thumb/v7-ar/fpv3/hard\libg.a(lib_a-vfprintf.o)
                0x5001ee70                _vfprintf_r
 .text.__sbprintf
                0x500203fc       0x88 c:/program files (x86)/gnu tools arm embedded/6 2017-q2-update/bin/../lib/gcc/arm-none-eabi/6.3.1/../../../../arm-none-eabi/lib/thumb/v7-ar/fpv3/hard\libg.a(lib_a-vfprintf.o)
 .text.__swbuf_r
                0x50020484       0xac c:/program files (x86)/gnu tools arm embedded/6 2017-q2-update/bin/../lib/gcc/arm-none-eabi/6.3.1/../../../../arm-none-eabi/lib/thumb/v7-ar/fpv3/hard\libg.a(lib_a-wbuf.o)
                0x50020484                __swbuf_r
 .text.__ascii_wctomb
                0x50020530       0x18 c:/program files (x86)/gnu tools arm embedded/6 2017-q2-update/bin/../lib/gcc/arm-none-eabi/6.3.1/../../../../arm-none-eabi/lib/thumb/v7-ar/fpv3/hard\libg.a(lib_a-wctomb_r.o)
                0x50020530                __ascii_wctomb
 .text._write_r
                0x50020548       0x2c c:/program files (x86)/gnu tools arm embedded/6 2017-q2-update/bin/../lib/gcc/arm-none-eabi/6.3.1/../../../../arm-none-eabi/lib/thumb/v7-ar/fpv3/hard\libg.a(lib_a-writer.o)
                0x50020548                _write_r
 .text.__swsetup_r
                0x50020574       0xc8 c:/program files (x86)/gnu tools arm embedded/6 2017-q2-update/bin/../lib/gcc/arm-none-eabi/6.3.1/../../../../arm-none-eabi/lib/thumb/v7-ar/fpv3/hard\libg.a(lib_a-wsetup.o)
                0x50020574                __swsetup_r
 .text._close_r
                0x5002063c       0x28 c:/program files (x86)/gnu tools arm embedded/6 2017-q2-update/bin/../lib/gcc/arm-none-eabi/6.3.1/../../../../arm-none-eabi/lib/thumb/v7-ar/fpv3/hard\libg.a(lib_a-closer.o)
                0x5002063c                _close_r
 .text.quorem   0x50020664      0x140 c:/program files (x86)/gnu tools arm embedded/6 2017-q2-update/bin/../lib/gcc/arm-none-eabi/6.3.1/../../../../arm-none-eabi/lib/thumb/v7-ar/fpv3/hard\libg.a(lib_a-dtoa.o)
 *fill*         0x500207a4        0x4 
 .text._dtoa_r  0x500207a8      0xce4 c:/program files (x86)/gnu tools arm embedded/6 2017-q2-update/bin/../lib/gcc/arm-none-eabi/6.3.1/../../../../arm-none-eabi/lib/thumb/v7-ar/fpv3/hard\libg.a(lib_a-dtoa.o)
                0x500207a8                _dtoa_r
 .text._fclose_r
                0x5002148c       0xc4 c:/program files (x86)/gnu tools arm embedded/6 2017-q2-update/bin/../lib/gcc/arm-none-eabi/6.3.1/../../../../arm-none-eabi/lib/thumb/v7-ar/fpv3/hard\libg.a(lib_a-fclose.o)
                0x5002148c                _fclose_r
 .text._localeconv_r
                0x50021550       0x20 c:/program files (x86)/gnu tools arm embedded/6 2017-q2-update/bin/../lib/gcc/arm-none-eabi/6.3.1/../../../../arm-none-eabi/lib/thumb/v7-ar/fpv3/hard\libg.a(lib_a-localeconv.o)
                0x50021550                _localeconv_r
 .text._lseek_r
                0x50021570       0x2c c:/program files (x86)/gnu tools arm embedded/6 2017-q2-update/bin/../lib/gcc/arm-none-eabi/6.3.1/../../../../arm-none-eabi/lib/thumb/v7-ar/fpv3/hard\libg.a(lib_a-lseekr.o)
                0x50021570                _lseek_r
 .text.__swhatbuf_r
                0x5002159c       0x5c c:/program files (x86)/gnu tools arm embedded/6 2017-q2-update/bin/../lib/gcc/arm-none-eabi/6.3.1/../../../../arm-none-eabi/lib/thumb/v7-ar/fpv3/hard\libg.a(lib_a-makebuf.o)
                0x5002159c                __swhatbuf_r
 .text.__smakebuf_r
                0x500215f8       0x9c c:/program files (x86)/gnu tools arm embedded/6 2017-q2-update/bin/../lib/gcc/arm-none-eabi/6.3.1/../../../../arm-none-eabi/lib/thumb/v7-ar/fpv3/hard\libg.a(lib_a-makebuf.o)
                0x500215f8                __smakebuf_r
 .text._Balloc  0x50021694       0x4c c:/program files (x86)/gnu tools arm embedded/6 2017-q2-update/bin/../lib/gcc/arm-none-eabi/6.3.1/../../../../arm-none-eabi/lib/thumb/v7-ar/fpv3/hard\libg.a(lib_a-mprec.o)
                0x50021694                _Balloc
 .text._Bfree   0x500216e0       0x14 c:/program files (x86)/gnu tools arm embedded/6 2017-q2-update/bin/../lib/gcc/arm-none-eabi/6.3.1/../../../../arm-none-eabi/lib/thumb/v7-ar/fpv3/hard\libg.a(lib_a-mprec.o)
                0x500216e0                _Bfree
 .text.__multadd
                0x500216f4       0x88 c:/program files (x86)/gnu tools arm embedded/6 2017-q2-update/bin/../lib/gcc/arm-none-eabi/6.3.1/../../../../arm-none-eabi/lib/thumb/v7-ar/fpv3/hard\libg.a(lib_a-mprec.o)
                0x500216f4                __multadd
 .text.__hi0bits
                0x5002177c       0x40 c:/program files (x86)/gnu tools arm embedded/6 2017-q2-update/bin/../lib/gcc/arm-none-eabi/6.3.1/../../../../arm-none-eabi/lib/thumb/v7-ar/fpv3/hard\libg.a(lib_a-mprec.o)
                0x5002177c                __hi0bits
 .text.__lo0bits
                0x500217bc       0x5c c:/program files (x86)/gnu tools arm embedded/6 2017-q2-update/bin/../lib/gcc/arm-none-eabi/6.3.1/../../../../arm-none-eabi/lib/thumb/v7-ar/fpv3/hard\libg.a(lib_a-mprec.o)
                0x500217bc                __lo0bits
 .text.__i2b    0x50021818       0x14 c:/program files (x86)/gnu tools arm embedded/6 2017-q2-update/bin/../lib/gcc/arm-none-eabi/6.3.1/../../../../arm-none-eabi/lib/thumb/v7-ar/fpv3/hard\libg.a(lib_a-mprec.o)
                0x50021818                __i2b
 .text.__multiply
                0x5002182c      0x130 c:/program files (x86)/gnu tools arm embedded/6 2017-q2-update/bin/../lib/gcc/arm-none-eabi/6.3.1/../../../../arm-none-eabi/lib/thumb/v7-ar/fpv3/hard\libg.a(lib_a-mprec.o)
                0x5002182c                __multiply
 .text.__pow5mult
                0x5002195c       0xa4 c:/program files (x86)/gnu tools arm embedded/6 2017-q2-update/bin/../lib/gcc/arm-none-eabi/6.3.1/../../../../arm-none-eabi/lib/thumb/v7-ar/fpv3/hard\libg.a(lib_a-mprec.o)
                0x5002195c                __pow5mult
 .text.__lshift
                0x50021a00       0xa4 c:/program files (x86)/gnu tools arm embedded/6 2017-q2-update/bin/../lib/gcc/arm-none-eabi/6.3.1/../../../../arm-none-eabi/lib/thumb/v7-ar/fpv3/hard\libg.a(lib_a-mprec.o)
                0x50021a00                __lshift
 .text.__mcmp   0x50021aa4       0x38 c:/program files (x86)/gnu tools arm embedded/6 2017-q2-update/bin/../lib/gcc/arm-none-eabi/6.3.1/../../../../arm-none-eabi/lib/thumb/v7-ar/fpv3/hard\libg.a(lib_a-mprec.o)
                0x50021aa4                __mcmp
 .text.__mdiff  0x50021adc      0x11c c:/program files (x86)/gnu tools arm embedded/6 2017-q2-update/bin/../lib/gcc/arm-none-eabi/6.3.1/../../../../arm-none-eabi/lib/thumb/v7-ar/fpv3/hard\libg.a(lib_a-mprec.o)
                0x50021adc                __mdiff
 .text.__d2b    0x50021bf8       0xbc c:/program files (x86)/gnu tools arm embedded/6 2017-q2-update/bin/../lib/gcc/arm-none-eabi/6.3.1/../../../../arm-none-eabi/lib/thumb/v7-ar/fpv3/hard\libg.a(lib_a-mprec.o)
                0x50021bf8                __d2b
 .text._open_r  0x50021cb4       0x2c c:/program files (x86)/gnu tools arm embedded/6 2017-q2-update/bin/../lib/gcc/arm-none-eabi/6.3.1/../../../../arm-none-eabi/lib/thumb/v7-ar/fpv3/hard\libg.a(lib_a-openr.o)
                0x50021cb4                _open_r
 .text._read_r  0x50021ce0       0x2c c:/program files (x86)/gnu tools arm embedded/6 2017-q2-update/bin/../lib/gcc/arm-none-eabi/6.3.1/../../../../arm-none-eabi/lib/thumb/v7-ar/fpv3/hard\libg.a(lib_a-readr.o)
                0x50021ce0                _read_r
 .text.__ssprint_r
                0x50021d0c       0xf8 c:/program files (x86)/gnu tools arm embedded/6 2017-q2-update/bin/../lib/gcc/arm-none-eabi/6.3.1/../../../../arm-none-eabi/lib/thumb/v7-ar/fpv3/hard\libg.a(lib_a-svfiprintf.o)
                0x50021d0c                __ssprint_r
 .text.__sprint_r.part.0
                0x50021e04       0x80 c:/program files (x86)/gnu tools arm embedded/6 2017-q2-update/bin/../lib/gcc/arm-none-eabi/6.3.1/../../../../arm-none-eabi/lib/thumb/v7-ar/fpv3/hard\libg.a(lib_a-vfiprintf.o)
 .text.__sprint_r
                0x50021e84       0x14 c:/program files (x86)/gnu tools arm embedded/6 2017-q2-update/bin/../lib/gcc/arm-none-eabi/6.3.1/../../../../arm-none-eabi/lib/thumb/v7-ar/fpv3/hard\libg.a(lib_a-vfiprintf.o)
                0x50021e84                __sprint_r
 .text._calloc_r
                0x50021e98       0x64 c:/program files (x86)/gnu tools arm embedded/6 2017-q2-update/bin/../lib/gcc/arm-none-eabi/6.3.1/../../../../arm-none-eabi/lib/thumb/v7-ar/fpv3/hard\libg.a(lib_a-callocr.o)
                0x50021e98                _calloc_r
 .text.__fputwc
                0x50021efc       0xa0 c:/program files (x86)/gnu tools arm embedded/6 2017-q2-update/bin/../lib/gcc/arm-none-eabi/6.3.1/../../../../arm-none-eabi/lib/thumb/v7-ar/fpv3/hard\libg.a(lib_a-fputwc.o)
                0x50021efc                __fputwc
 .text._fputwc_r
                0x50021f9c       0x68 c:/program files (x86)/gnu tools arm embedded/6 2017-q2-update/bin/../lib/gcc/arm-none-eabi/6.3.1/../../../../arm-none-eabi/lib/thumb/v7-ar/fpv3/hard\libg.a(lib_a-fputwc.o)
                0x50021f9c                _fputwc_r
 .text._fstat_r
                0x50022004       0x2c c:/program files (x86)/gnu tools arm embedded/6 2017-q2-update/bin/../lib/gcc/arm-none-eabi/6.3.1/../../../../arm-none-eabi/lib/thumb/v7-ar/fpv3/hard\libg.a(lib_a-fstatr.o)
                0x50022004                _fstat_r
 .text._isatty_r
                0x50022030       0x28 c:/program files (x86)/gnu tools arm embedded/6 2017-q2-update/bin/../lib/gcc/arm-none-eabi/6.3.1/../../../../arm-none-eabi/lib/thumb/v7-ar/fpv3/hard\libg.a(lib_a-isattyr.o)
                0x50022030                _isatty_r
 .text._wcrtomb_r
                0x50022058       0x64 c:/program files (x86)/gnu tools arm embedded/6 2017-q2-update/bin/../lib/gcc/arm-none-eabi/6.3.1/../../../../arm-none-eabi/lib/thumb/v7-ar/fpv3/hard\libg.a(lib_a-wcrtomb.o)
                0x50022058                _wcrtomb_r
 *fill*         0x500220bc        0x4 
 .text          0x500220c0      0x2b0 c:/program files (x86)/gnu tools arm embedded/6 2017-q2-update/bin/../lib/gcc/arm-none-eabi/6.3.1/thumb/v7-ar/fpv3/hard\libgcc.a(_divsi3.o)
                0x500220c0                __divsi3
                0x500220c0                __aeabi_idiv
                0x50022354                __aeabi_idivmod
 .text          0x50022370       0x30 c:/program files (x86)/gnu tools arm embedded/6 2017-q2-update/bin/../lib/gcc/arm-none-eabi/6.3.1/thumb/v7-ar/fpv3/hard\libgcc.a(_aeabi_uldivmod.o)
                0x50022370                __aeabi_uldivmod
 .text          0x500223a0      0x114 c:/program files (x86)/gnu tools arm embedded/6 2017-q2-update/bin/../lib/gcc/arm-none-eabi/6.3.1/thumb/v7-ar/fpv3/hard\libgcc.a(_udivmoddi4.o)
                0x500223a0                __udivmoddi4
 *fill*         0x500224b4        0x4 
 .text.__stub   0x500224b8       0xb0 linker stubs
 *(.rodata .rodata.*)
 .rodata.code_signer_public_key
                0x50022568       0xaf ./src/user_prog/main.o
                0x50022568                code_signer_public_key
 *fill*         0x50022617        0x1 
 .rodata.secure_boot.str1.4
                0x50022618      0x4b6 ./src/user_prog/main.o
 *fill*         0x50022ace        0x2 
 .rodata.status_string.72042
                0x50022ad0       0xa0 ./src/user_prog/main.o
 .rodata.curve_secp256r1
                0x50022b70       0xb0 ./src/tinycrypt/lib/source/ecc.o
 .rodata.k256   0x50022c20      0x100 ./src/tinycrypt/lib/source/sha256.o
 .rodata.base64
                0x50022d20       0x42 ./src/renesas/application/base64_decode.o
 *fill*         0x50022d62        0x2 
 .rodata.base64_decode.str1.4
                0x50022d64        0x3 ./src/renesas/application/base64_decode.o
 .rodata.dev_get_pointer.str1.4
                0x50022d67        0x3 ./generate/system/r_devlink_wrapper.o
                                  0x7 (size before relaxing)
 *fill*         0x50022d67        0x1 
 .rodata.direct_open.str1.4
                0x50022d68        0xd ./generate/system/r_devlink_wrapper.o
 *fill*         0x50022d75        0x3 
 .rodata.gs_mount_table
                0x50022d78       0x60 ./generate/system/r_devlink_wrapper.o
 .rodata.str1.4
                0x50022dd8       0x34 ./generate/system/r_devlink_wrapper.o
                                 0x5b (size before relaxing)
 .rodata.GPIO_SC_TABLE_scifa4
                0x50022e0c        0xc ./generate/sc_drivers/r_scifa/src/lld/r_rza2_scifa_lld.o
 .rodata.R_SCIFA_ChannelConfigure.str1.4
                0x50022e18        0x4 ./generate/sc_drivers/r_scifa/src/lld/r_rza2_scifa_lld.o
 .rodata.R_SCIFA_GetVersion.str1.4
                0x50022e18       0x14 ./generate/sc_drivers/r_scifa/src/lld/r_rza2_scifa_lld.o
 .rodata.R_SCIFA_Open.str1.4
                0x50022e2c        0x5 ./generate/sc_drivers/r_scifa/src/lld/r_rza2_scifa_lld.o
 .rodata.SCIFA_SC_TABLE
                0x50022e2c       0x48 ./generate/sc_drivers/r_scifa/src/lld/r_rza2_scifa_lld.o
 .rodata.gsp_scifa
                0x50022e74       0x14 ./generate/sc_drivers/r_scifa/src/lld/r_rza2_scifa_lld.o
 .rodata.gs_scifa_async_baud
                0x50022e88       0x36 ./generate/sc_drivers/r_scifa/src/lld/r_rza2_scifa_lld_baud.o
 *fill*         0x50022ebe        0x2 
 .rodata.gs_scifa_sync_baud
                0x50022ec0       0x18 ./generate/sc_drivers/r_scifa/src/lld/r_rza2_scifa_lld_baud.o
 .rodata.sp_scifa
                0x50022ed8       0x14 ./generate/sc_drivers/r_scifa/src/lld/r_rza2_scifa_lld_baud.o
 .rodata.g_scifa_driver
                0x50022eec       0x1c ./generate/sc_drivers/r_scifa/src/hld/r_scifa_drv_api.o
                0x50022eec                g_scifa_driver
 .rodata.scifa_hld_control.str1.4
                0x50022f08       0x29 ./generate/sc_drivers/r_scifa/src/hld/r_scifa_drv_api.o
 *fill*         0x50022f31        0x3 
 .rodata.scifa_hld_get_version.str1.4
                0x50022f34        0xa ./generate/sc_drivers/r_scifa/src/hld/r_scifa_drv_api.o
 *fill*         0x50022f3e        0x2 
 .rodata.str1.4
                0x50022f40       0x14 ./generate/sc_drivers/r_scifa/src/hld/r_scifa_drv_api.o
 .rodata.R_OSTM_GetVersion.str1.4
                0x50022f54       0x13 ./generate/sc_drivers/r_ostm/src/lld/r_ostm_lld_rza2m.o
 .rodata.calc_compare.str1.4
                0x50022f67        0x4 ./generate/sc_drivers/r_ostm/src/lld/r_ostm_lld_rza2m.o
 *fill*         0x50022f67        0x1 
 .rodata.gs_intid
                0x50022f68        0x6 ./generate/sc_drivers/r_ostm/src/lld/r_ostm_lld_rza2m.o
 *fill*         0x50022f6e        0x2 
 .rodata.gs_ostm_module
                0x50022f70        0x3 ./generate/sc_drivers/r_ostm/src/lld/r_ostm_lld_rza2m.o
 *fill*         0x50022f73        0x1 
 .rodata.gsp_ostm_reg
                0x50022f74        0xc ./generate/sc_drivers/r_ostm/src/lld/r_ostm_lld_rza2m.o
 .rodata.OSTM_SC_TABLE
                0x50022f80       0x28 ./generate/sc_drivers/r_ostm/src/hld/r_ostm_drv_api.o
 .rodata.g_ostm_driver
                0x50022fa8       0x1c ./generate/sc_drivers/r_ostm/src/hld/r_ostm_drv_api.o
                0x50022fa8                g_ostm_driver
 .rodata.ostm_get_version.str1.4
                0x50022fc4        0x9 ./generate/sc_drivers/r_ostm/src/hld/r_ostm_drv_api.o
 *fill*         0x50022fcd        0x3 
 .rodata.str1.4
                0x50022fd0       0x10 ./generate/sc_drivers/r_ostm/src/hld/r_ostm_drv_api.o
 .rodata.OCTABUS_SC_TABLE
                0x50022fe0       0x28 ./generate/sc_drivers/r_octabus/src/lld/r_octabus_lld_rza2m_api.o
 .rodata.s_preamble_data
                0x50023008       0x10 ./generate/sc_drivers/r_octabus/src/lld/r_octabus_lld_rza2m_api.o
 .rodata.R_OS_AbstractionLayerInit.str1.4
                0x50023018       0x12 ./generate/os_abstraction/src/r_os_abstraction_api.o
 *fill*         0x5002302a        0x2 
 .rodata.get_timeout_tickcount.str1.4
                0x5002302c       0x36 ./generate/os_abstraction/src/r_os_abstraction_api.o
 *fill*         0x50023062        0x2 
 .rodata.initialise_monitor_handles.str1.4
                0x50023064       0x23 ./generate/os_abstraction/src/syscalls.o
 *fill*         0x50023087        0x1 
 .rodata.gs_stbcr
                0x50023088      0x240 ./generate/drivers/r_stb/src/lld/r_stb_lld_rza2m.o
 .rodata.MMU_SC_TABLE
                0x500232c8      0x1f0 ./generate/drivers/r_mmu/src/lld/r_mmu_lld_rza2m.o
 .rodata.GPIO_SC_TABLE_INIT
                0x500234b8       0x1e ./generate/drivers/r_gpio/src/lld/r_gpio_lld_rza2m.o
 *fill*         0x500234d6        0x2 
 .rodata.GPIO_SC_TABLE_MANUAL
                0x500234d8        0xc ./generate/drivers/r_gpio/src/lld/r_gpio_lld_rza2m.o
 .rodata.R_GPIO_GetVersion.str1.4
                0x500234e4       0x13 ./generate/drivers/r_gpio/src/lld/r_gpio_lld_rza2m.o
 *fill*         0x500234f7        0x1 
 .rodata.s_mask_1bit_register
                0x500234f8       0x40 ./generate/drivers/r_gpio/src/lld/r_gpio_lld_rza2m.o
 .rodata.s_mask_2bit_register
                0x50023538       0x40 ./generate/drivers/r_gpio/src/lld/r_gpio_lld_rza2m.o
 .rodata.s_qspi_reg
                0x50023578       0xa8 ./generate/drivers/r_gpio/src/lld/r_gpio_lld_rza2m.o
 .rodata.s_r_drv_gpio_dscr_4ma_support
                0x50023620       0x16 ./generate/drivers/r_gpio/src/lld/r_gpio_lld_rza2m.o
 *fill*         0x50023636        0x2 
 .rodata.s_r_drv_gpio_dscr_8ma_support
                0x50023638       0x16 ./generate/drivers/r_gpio/src/lld/r_gpio_lld_rza2m.o
 *fill*         0x5002364e        0x2 
 .rodata.s_r_drv_gpio_support
                0x50023650       0x16 ./generate/drivers/r_gpio/src/lld/r_gpio_lld_rza2m.o
 *fill*         0x50023666        0x2 
 .rodata.s_sd0_reg
                0x50023668       0x84 ./generate/drivers/r_gpio/src/lld/r_gpio_lld_rza2m.o
 .rodata.s_sd1_reg
                0x500236ec       0x48 ./generate/drivers/r_gpio/src/lld/r_gpio_lld_rza2m.o
 .rodata.s_shift_1bit_register
                0x50023734       0x40 ./generate/drivers/r_gpio/src/lld/r_gpio_lld_rza2m.o
 .rodata.s_shift_2bit_register
                0x50023774       0x40 ./generate/drivers/r_gpio/src/lld/r_gpio_lld_rza2m.o
 .rodata.g_gpio_driver
                0x500237b4       0x1c ./generate/drivers/r_gpio/src/hld/r_gpio_drv_api.o
                0x500237b4                g_gpio_driver
 .rodata.gpio_get_version.str1.4
                0x500237d0        0x9 ./generate/drivers/r_gpio/src/hld/r_gpio_drv_api.o
 *fill*         0x500237d9        0x3 
 .rodata.str1.4
                0x500237dc        0xc ./generate/drivers/r_gpio/src/hld/r_gpio_drv_api.o
 .rodata.mstp_mask.69227
                0x500237e8        0x2 ./generate/compiler/init/resetprg.o
 *fill*         0x500237ea        0x2 
 .rodata.mstp_mask.69242
                0x500237ec        0x2 ./generate/compiler/init/resetprg.o
 *fill*         0x500237ee        0x2 
 .rodata.mstp_shift.69228
                0x500237f0        0x2 ./generate/compiler/init/resetprg.o
 *fill*         0x500237f2        0x2 
 .rodata.mstp_shift.69243
                0x500237f4        0x2 ./generate/compiler/init/resetprg.o
 *fill*         0x500237f6        0x2 
 .rodata.rtc.69226
                0x500237f8        0x8 ./generate/compiler/init/resetprg.o
 .rodata.rtcxtalsel_mask.69229