   1              		.cpu cortex-a9
   2              		.eabi_attribute 28, 1
   3              		.eabi_attribute 20, 1
   4              		.eabi_attribute 21, 1
   5              		.eabi_attribute 23, 3
   6              		.eabi_attribute 24, 1
   7              		.eabi_attribute 25, 1
   8              		.eabi_attribute 26, 1
   9              		.eabi_attribute 30, 4
  10              		.eabi_attribute 34, 0
  11              		.eabi_attribute 18, 4
  12              		.file	"r_octabus_memclk_setup.c"
  13              		.text
  14              	.Ltext0:
  15              		.cfi_sections	.debug_frame
  16              		.section	.text.r_octabus_memclk_setup,"ax",%progbits
  17              		.align	2
  18              		.weak	r_octabus_memclk_setup
  19              		.syntax unified
  20              		.arm
  21              		.fpu neon
  23              	r_octabus_memclk_setup:
  24              	.LFB4:
  25              		.file 1 "D:/Work/DeviceTester/amazon-freertos/lib/third_party/mcu_vendor/renesas/rz_mcu_boards/cor
   1:D:/Work/DeviceTester/amazon-freertos/lib/third_party/mcu_vendor/renesas/rz_mcu_boards/core_package/generate/sc_drivers/r_octabus/src/lld\r_octabus_memclk_setup.c **** /**************************************************************************************************
   2:D:/Work/DeviceTester/amazon-freertos/lib/third_party/mcu_vendor/renesas/rz_mcu_boards/core_package/generate/sc_drivers/r_octabus/src/lld\r_octabus_memclk_setup.c ****  * DISCLAIMER
   3:D:/Work/DeviceTester/amazon-freertos/lib/third_party/mcu_vendor/renesas/rz_mcu_boards/core_package/generate/sc_drivers/r_octabus/src/lld\r_octabus_memclk_setup.c ****  * This software is supplied by Renesas Electronics Corporation and is only intended for use with R
   4:D:/Work/DeviceTester/amazon-freertos/lib/third_party/mcu_vendor/renesas/rz_mcu_boards/core_package/generate/sc_drivers/r_octabus/src/lld\r_octabus_memclk_setup.c ****  * other uses are authorized. This software is owned by Renesas Electronics Corporation and is prot
   5:D:/Work/DeviceTester/amazon-freertos/lib/third_party/mcu_vendor/renesas/rz_mcu_boards/core_package/generate/sc_drivers/r_octabus/src/lld\r_octabus_memclk_setup.c ****  * applicable laws, including copyright laws.
   6:D:/Work/DeviceTester/amazon-freertos/lib/third_party/mcu_vendor/renesas/rz_mcu_boards/core_package/generate/sc_drivers/r_octabus/src/lld\r_octabus_memclk_setup.c ****  * THIS SOFTWARE IS PROVIDED "AS IS" AND RENESAS MAKES NO WARRANTIES REGARDING
   7:D:/Work/DeviceTester/amazon-freertos/lib/third_party/mcu_vendor/renesas/rz_mcu_boards/core_package/generate/sc_drivers/r_octabus/src/lld\r_octabus_memclk_setup.c ****  * THIS SOFTWARE, WHETHER EXPRESS, IMPLIED OR STATUTORY, INCLUDING BUT NOT LIMITED TO WARRANTIES OF
   8:D:/Work/DeviceTester/amazon-freertos/lib/third_party/mcu_vendor/renesas/rz_mcu_boards/core_package/generate/sc_drivers/r_octabus/src/lld\r_octabus_memclk_setup.c ****  * FITNESS FOR A PARTICULAR PURPOSE AND NON-INFRINGEMENT. ALL SUCH WARRANTIES ARE EXPRESSLY DISCLAI
   9:D:/Work/DeviceTester/amazon-freertos/lib/third_party/mcu_vendor/renesas/rz_mcu_boards/core_package/generate/sc_drivers/r_octabus/src/lld\r_octabus_memclk_setup.c ****  * EXTENT PERMITTED NOT PROHIBITED BY LAW, NEITHER RENESAS ELECTRONICS CORPORATION NOR ANY OF ITS A
  10:D:/Work/DeviceTester/amazon-freertos/lib/third_party/mcu_vendor/renesas/rz_mcu_boards/core_package/generate/sc_drivers/r_octabus/src/lld\r_octabus_memclk_setup.c ****  * SHALL BE LIABLE FOR ANY DIRECT, INDIRECT, SPECIAL, INCIDENTAL OR CONSEQUENTIAL DAMAGES FOR ANY R
  11:D:/Work/DeviceTester/amazon-freertos/lib/third_party/mcu_vendor/renesas/rz_mcu_boards/core_package/generate/sc_drivers/r_octabus/src/lld\r_octabus_memclk_setup.c ****  * THIS SOFTWARE, EVEN IF RENESAS OR ITS AFFILIATES HAVE BEEN ADVISED OF THE POSSIBILITY OF SUCH DA
  12:D:/Work/DeviceTester/amazon-freertos/lib/third_party/mcu_vendor/renesas/rz_mcu_boards/core_package/generate/sc_drivers/r_octabus/src/lld\r_octabus_memclk_setup.c ****  * Renesas reserves the right, without notice, to make changes to this software and to discontinue 
  13:D:/Work/DeviceTester/amazon-freertos/lib/third_party/mcu_vendor/renesas/rz_mcu_boards/core_package/generate/sc_drivers/r_octabus/src/lld\r_octabus_memclk_setup.c ****  * this software. By using this software, you agree to the additional terms and conditions found by
  14:D:/Work/DeviceTester/amazon-freertos/lib/third_party/mcu_vendor/renesas/rz_mcu_boards/core_package/generate/sc_drivers/r_octabus/src/lld\r_octabus_memclk_setup.c ****  * following link:
  15:D:/Work/DeviceTester/amazon-freertos/lib/third_party/mcu_vendor/renesas/rz_mcu_boards/core_package/generate/sc_drivers/r_octabus/src/lld\r_octabus_memclk_setup.c ****  * http://www.renesas.com/disclaimer
  16:D:/Work/DeviceTester/amazon-freertos/lib/third_party/mcu_vendor/renesas/rz_mcu_boards/core_package/generate/sc_drivers/r_octabus/src/lld\r_octabus_memclk_setup.c ****  *
  17:D:/Work/DeviceTester/amazon-freertos/lib/third_party/mcu_vendor/renesas/rz_mcu_boards/core_package/generate/sc_drivers/r_octabus/src/lld\r_octabus_memclk_setup.c ****  * Copyright (C) 2020 Renesas Electronics Corporation. All rights reserved.
  18:D:/Work/DeviceTester/amazon-freertos/lib/third_party/mcu_vendor/renesas/rz_mcu_boards/core_package/generate/sc_drivers/r_octabus/src/lld\r_octabus_memclk_setup.c ****  **************************************************************************************************
  19:D:/Work/DeviceTester/amazon-freertos/lib/third_party/mcu_vendor/renesas/rz_mcu_boards/core_package/generate/sc_drivers/r_octabus/src/lld\r_octabus_memclk_setup.c **** /**************************************************************************************************
  20:D:/Work/DeviceTester/amazon-freertos/lib/third_party/mcu_vendor/renesas/rz_mcu_boards/core_package/generate/sc_drivers/r_octabus/src/lld\r_octabus_memclk_setup.c ****  * File Name   : r_octabus_memclk_setup.c
  21:D:/Work/DeviceTester/amazon-freertos/lib/third_party/mcu_vendor/renesas/rz_mcu_boards/core_package/generate/sc_drivers/r_octabus/src/lld\r_octabus_memclk_setup.c ****  **************************************************************************************************
  22:D:/Work/DeviceTester/amazon-freertos/lib/third_party/mcu_vendor/renesas/rz_mcu_boards/core_package/generate/sc_drivers/r_octabus/src/lld\r_octabus_memclk_setup.c **** 
  23:D:/Work/DeviceTester/amazon-freertos/lib/third_party/mcu_vendor/renesas/rz_mcu_boards/core_package/generate/sc_drivers/r_octabus/src/lld\r_octabus_memclk_setup.c **** /**************************************************************************************************
  24:D:/Work/DeviceTester/amazon-freertos/lib/third_party/mcu_vendor/renesas/rz_mcu_boards/core_package/generate/sc_drivers/r_octabus/src/lld\r_octabus_memclk_setup.c ****  Includes   <System Includes> , "Project Includes"
  25:D:/Work/DeviceTester/amazon-freertos/lib/third_party/mcu_vendor/renesas/rz_mcu_boards/core_package/generate/sc_drivers/r_octabus/src/lld\r_octabus_memclk_setup.c ****  **************************************************************************************************
  26:D:/Work/DeviceTester/amazon-freertos/lib/third_party/mcu_vendor/renesas/rz_mcu_boards/core_package/generate/sc_drivers/r_octabus/src/lld\r_octabus_memclk_setup.c **** #include "r_typedefs.h"
  27:D:/Work/DeviceTester/amazon-freertos/lib/third_party/mcu_vendor/renesas/rz_mcu_boards/core_package/generate/sc_drivers/r_octabus/src/lld\r_octabus_memclk_setup.c **** #include "iodefine.h"
  28:D:/Work/DeviceTester/amazon-freertos/lib/third_party/mcu_vendor/renesas/rz_mcu_boards/core_package/generate/sc_drivers/r_octabus/src/lld\r_octabus_memclk_setup.c **** #include "iobitmask.h"
  29:D:/Work/DeviceTester/amazon-freertos/lib/third_party/mcu_vendor/renesas/rz_mcu_boards/core_package/generate/sc_drivers/r_octabus/src/lld\r_octabus_memclk_setup.c **** #include "rza_io_regrw.h"
  30:D:/Work/DeviceTester/amazon-freertos/lib/third_party/mcu_vendor/renesas/rz_mcu_boards/core_package/generate/sc_drivers/r_octabus/src/lld\r_octabus_memclk_setup.c **** #include "driver.h"
  31:D:/Work/DeviceTester/amazon-freertos/lib/third_party/mcu_vendor/renesas/rz_mcu_boards/core_package/generate/sc_drivers/r_octabus/src/lld\r_octabus_memclk_setup.c **** #include "r_memclk_setup.h"
  32:D:/Work/DeviceTester/amazon-freertos/lib/third_party/mcu_vendor/renesas/rz_mcu_boards/core_package/generate/sc_drivers/r_octabus/src/lld\r_octabus_memclk_setup.c **** 
  33:D:/Work/DeviceTester/amazon-freertos/lib/third_party/mcu_vendor/renesas/rz_mcu_boards/core_package/generate/sc_drivers/r_octabus/src/lld\r_octabus_memclk_setup.c **** /**************************************************************************************************
  34:D:/Work/DeviceTester/amazon-freertos/lib/third_party/mcu_vendor/renesas/rz_mcu_boards/core_package/generate/sc_drivers/r_octabus/src/lld\r_octabus_memclk_setup.c ****  Typedef definitions
  35:D:/Work/DeviceTester/amazon-freertos/lib/third_party/mcu_vendor/renesas/rz_mcu_boards/core_package/generate/sc_drivers/r_octabus/src/lld\r_octabus_memclk_setup.c ****  **************************************************************************************************
  36:D:/Work/DeviceTester/amazon-freertos/lib/third_party/mcu_vendor/renesas/rz_mcu_boards/core_package/generate/sc_drivers/r_octabus/src/lld\r_octabus_memclk_setup.c **** 
  37:D:/Work/DeviceTester/amazon-freertos/lib/third_party/mcu_vendor/renesas/rz_mcu_boards/core_package/generate/sc_drivers/r_octabus/src/lld\r_octabus_memclk_setup.c **** 
  38:D:/Work/DeviceTester/amazon-freertos/lib/third_party/mcu_vendor/renesas/rz_mcu_boards/core_package/generate/sc_drivers/r_octabus/src/lld\r_octabus_memclk_setup.c **** /**************************************************************************************************
  39:D:/Work/DeviceTester/amazon-freertos/lib/third_party/mcu_vendor/renesas/rz_mcu_boards/core_package/generate/sc_drivers/r_octabus/src/lld\r_octabus_memclk_setup.c ****  Macro definitions
  40:D:/Work/DeviceTester/amazon-freertos/lib/third_party/mcu_vendor/renesas/rz_mcu_boards/core_package/generate/sc_drivers/r_octabus/src/lld\r_octabus_memclk_setup.c ****  **************************************************************************************************
  41:D:/Work/DeviceTester/amazon-freertos/lib/third_party/mcu_vendor/renesas/rz_mcu_boards/core_package/generate/sc_drivers/r_octabus/src/lld\r_octabus_memclk_setup.c **** 
  42:D:/Work/DeviceTester/amazon-freertos/lib/third_party/mcu_vendor/renesas/rz_mcu_boards/core_package/generate/sc_drivers/r_octabus/src/lld\r_octabus_memclk_setup.c **** /**************************************************************************************************
  43:D:/Work/DeviceTester/amazon-freertos/lib/third_party/mcu_vendor/renesas/rz_mcu_boards/core_package/generate/sc_drivers/r_octabus/src/lld\r_octabus_memclk_setup.c ****  Imported global variables and functions (from other files)
  44:D:/Work/DeviceTester/amazon-freertos/lib/third_party/mcu_vendor/renesas/rz_mcu_boards/core_package/generate/sc_drivers/r_octabus/src/lld\r_octabus_memclk_setup.c ****  **************************************************************************************************
  45:D:/Work/DeviceTester/amazon-freertos/lib/third_party/mcu_vendor/renesas/rz_mcu_boards/core_package/generate/sc_drivers/r_octabus/src/lld\r_octabus_memclk_setup.c **** 
  46:D:/Work/DeviceTester/amazon-freertos/lib/third_party/mcu_vendor/renesas/rz_mcu_boards/core_package/generate/sc_drivers/r_octabus/src/lld\r_octabus_memclk_setup.c **** 
  47:D:/Work/DeviceTester/amazon-freertos/lib/third_party/mcu_vendor/renesas/rz_mcu_boards/core_package/generate/sc_drivers/r_octabus/src/lld\r_octabus_memclk_setup.c **** /**************************************************************************************************
  48:D:/Work/DeviceTester/amazon-freertos/lib/third_party/mcu_vendor/renesas/rz_mcu_boards/core_package/generate/sc_drivers/r_octabus/src/lld\r_octabus_memclk_setup.c ****  Exported global variables and functions (to be accessed by other files)
  49:D:/Work/DeviceTester/amazon-freertos/lib/third_party/mcu_vendor/renesas/rz_mcu_boards/core_package/generate/sc_drivers/r_octabus/src/lld\r_octabus_memclk_setup.c ****  **************************************************************************************************
  50:D:/Work/DeviceTester/amazon-freertos/lib/third_party/mcu_vendor/renesas/rz_mcu_boards/core_package/generate/sc_drivers/r_octabus/src/lld\r_octabus_memclk_setup.c **** 
  51:D:/Work/DeviceTester/amazon-freertos/lib/third_party/mcu_vendor/renesas/rz_mcu_boards/core_package/generate/sc_drivers/r_octabus/src/lld\r_octabus_memclk_setup.c **** 
  52:D:/Work/DeviceTester/amazon-freertos/lib/third_party/mcu_vendor/renesas/rz_mcu_boards/core_package/generate/sc_drivers/r_octabus/src/lld\r_octabus_memclk_setup.c **** /**************************************************************************************************
  53:D:/Work/DeviceTester/amazon-freertos/lib/third_party/mcu_vendor/renesas/rz_mcu_boards/core_package/generate/sc_drivers/r_octabus/src/lld\r_octabus_memclk_setup.c ****  Private global variables and functions
  54:D:/Work/DeviceTester/amazon-freertos/lib/third_party/mcu_vendor/renesas/rz_mcu_boards/core_package/generate/sc_drivers/r_octabus/src/lld\r_octabus_memclk_setup.c ****  **************************************************************************************************
  55:D:/Work/DeviceTester/amazon-freertos/lib/third_party/mcu_vendor/renesas/rz_mcu_boards/core_package/generate/sc_drivers/r_octabus/src/lld\r_octabus_memclk_setup.c **** static void octabus_io_regwrite_16(volatile uint16_t * ioreg, uint16_t write_value, uint16_t shift,
  56:D:/Work/DeviceTester/amazon-freertos/lib/third_party/mcu_vendor/renesas/rz_mcu_boards/core_package/generate/sc_drivers/r_octabus/src/lld\r_octabus_memclk_setup.c **** 
  57:D:/Work/DeviceTester/amazon-freertos/lib/third_party/mcu_vendor/renesas/rz_mcu_boards/core_package/generate/sc_drivers/r_octabus/src/lld\r_octabus_memclk_setup.c **** /**************************************************************************************************
  58:D:/Work/DeviceTester/amazon-freertos/lib/third_party/mcu_vendor/renesas/rz_mcu_boards/core_package/generate/sc_drivers/r_octabus/src/lld\r_octabus_memclk_setup.c ****  * Function Name: octabus_io_regwrite_16
  59:D:/Work/DeviceTester/amazon-freertos/lib/third_party/mcu_vendor/renesas/rz_mcu_boards/core_package/generate/sc_drivers/r_octabus/src/lld\r_octabus_memclk_setup.c ****  * Description  : IO register 16-bit write
  60:D:/Work/DeviceTester/amazon-freertos/lib/third_party/mcu_vendor/renesas/rz_mcu_boards/core_package/generate/sc_drivers/r_octabus/src/lld\r_octabus_memclk_setup.c ****  * Arguments    : volatile uint16_t * ioreg : IO register for writing
  61:D:/Work/DeviceTester/amazon-freertos/lib/third_party/mcu_vendor/renesas/rz_mcu_boards/core_package/generate/sc_drivers/r_octabus/src/lld\r_octabus_memclk_setup.c ****  *              :                           : Use register definition name of the
  62:D:/Work/DeviceTester/amazon-freertos/lib/third_party/mcu_vendor/renesas/rz_mcu_boards/core_package/generate/sc_drivers/r_octabus/src/lld\r_octabus_memclk_setup.c ****  *              :                           : iodefine.h
  63:D:/Work/DeviceTester/amazon-freertos/lib/third_party/mcu_vendor/renesas/rz_mcu_boards/core_package/generate/sc_drivers/r_octabus/src/lld\r_octabus_memclk_setup.c ****  *              : uint16_t write_value      : Write value for the IO register
  64:D:/Work/DeviceTester/amazon-freertos/lib/third_party/mcu_vendor/renesas/rz_mcu_boards/core_package/generate/sc_drivers/r_octabus/src/lld\r_octabus_memclk_setup.c ****  *              : uint16_t shift            : The number of left shifts to the
  65:D:/Work/DeviceTester/amazon-freertos/lib/third_party/mcu_vendor/renesas/rz_mcu_boards/core_package/generate/sc_drivers/r_octabus/src/lld\r_octabus_memclk_setup.c ****  *              :                          : target bit
  66:D:/Work/DeviceTester/amazon-freertos/lib/third_party/mcu_vendor/renesas/rz_mcu_boards/core_package/generate/sc_drivers/r_octabus/src/lld\r_octabus_memclk_setup.c ****  *              : uint32_t mask             : Mask value for the IO register
  67:D:/Work/DeviceTester/amazon-freertos/lib/third_party/mcu_vendor/renesas/rz_mcu_boards/core_package/generate/sc_drivers/r_octabus/src/lld\r_octabus_memclk_setup.c ****  *              :                          : (Target bit : "1")
  68:D:/Work/DeviceTester/amazon-freertos/lib/third_party/mcu_vendor/renesas/rz_mcu_boards/core_package/generate/sc_drivers/r_octabus/src/lld\r_octabus_memclk_setup.c ****  * Return Value : None
  69:D:/Work/DeviceTester/amazon-freertos/lib/third_party/mcu_vendor/renesas/rz_mcu_boards/core_package/generate/sc_drivers/r_octabus/src/lld\r_octabus_memclk_setup.c ****  * Precautions  : This function cannot be assigned to execute from OctaFlash or OctaRAM.
  70:D:/Work/DeviceTester/amazon-freertos/lib/third_party/mcu_vendor/renesas/rz_mcu_boards/core_package/generate/sc_drivers/r_octabus/src/lld\r_octabus_memclk_setup.c ****  *              : This function must be assigned to an area other than OctaFlash or OctaRAM.
  71:D:/Work/DeviceTester/amazon-freertos/lib/third_party/mcu_vendor/renesas/rz_mcu_boards/core_package/generate/sc_drivers/r_octabus/src/lld\r_octabus_memclk_setup.c ****  **************************************************************************************************
  72:D:/Work/DeviceTester/amazon-freertos/lib/third_party/mcu_vendor/renesas/rz_mcu_boards/core_package/generate/sc_drivers/r_octabus/src/lld\r_octabus_memclk_setup.c **** static void octabus_io_regwrite_16(volatile uint16_t * ioreg, uint16_t write_value, uint16_t shift,
  73:D:/Work/DeviceTester/amazon-freertos/lib/third_party/mcu_vendor/renesas/rz_mcu_boards/core_package/generate/sc_drivers/r_octabus/src/lld\r_octabus_memclk_setup.c **** {
  74:D:/Work/DeviceTester/amazon-freertos/lib/third_party/mcu_vendor/renesas/rz_mcu_boards/core_package/generate/sc_drivers/r_octabus/src/lld\r_octabus_memclk_setup.c ****     uint16_t reg_value;
  75:D:/Work/DeviceTester/amazon-freertos/lib/third_party/mcu_vendor/renesas/rz_mcu_boards/core_package/generate/sc_drivers/r_octabus/src/lld\r_octabus_memclk_setup.c **** 
  76:D:/Work/DeviceTester/amazon-freertos/lib/third_party/mcu_vendor/renesas/rz_mcu_boards/core_package/generate/sc_drivers/r_octabus/src/lld\r_octabus_memclk_setup.c ****     if (IOREG_NONMASK_ACCESS != mask)
  77:D:/Work/DeviceTester/amazon-freertos/lib/third_party/mcu_vendor/renesas/rz_mcu_boards/core_package/generate/sc_drivers/r_octabus/src/lld\r_octabus_memclk_setup.c ****     {
  78:D:/Work/DeviceTester/amazon-freertos/lib/third_party/mcu_vendor/renesas/rz_mcu_boards/core_package/generate/sc_drivers/r_octabus/src/lld\r_octabus_memclk_setup.c ****         reg_value = *ioreg;                                         /* Read from register */
  79:D:/Work/DeviceTester/amazon-freertos/lib/third_party/mcu_vendor/renesas/rz_mcu_boards/core_package/generate/sc_drivers/r_octabus/src/lld\r_octabus_memclk_setup.c ****         reg_value = (uint16_t)((reg_value & (~mask)) | (unsigned)(write_value << shift)); /* Modify
  80:D:/Work/DeviceTester/amazon-freertos/lib/third_party/mcu_vendor/renesas/rz_mcu_boards/core_package/generate/sc_drivers/r_octabus/src/lld\r_octabus_memclk_setup.c ****     }
  81:D:/Work/DeviceTester/amazon-freertos/lib/third_party/mcu_vendor/renesas/rz_mcu_boards/core_package/generate/sc_drivers/r_octabus/src/lld\r_octabus_memclk_setup.c ****     else
  82:D:/Work/DeviceTester/amazon-freertos/lib/third_party/mcu_vendor/renesas/rz_mcu_boards/core_package/generate/sc_drivers/r_octabus/src/lld\r_octabus_memclk_setup.c ****     {
  83:D:/Work/DeviceTester/amazon-freertos/lib/third_party/mcu_vendor/renesas/rz_mcu_boards/core_package/generate/sc_drivers/r_octabus/src/lld\r_octabus_memclk_setup.c ****         reg_value = write_value;
  84:D:/Work/DeviceTester/amazon-freertos/lib/third_party/mcu_vendor/renesas/rz_mcu_boards/core_package/generate/sc_drivers/r_octabus/src/lld\r_octabus_memclk_setup.c ****     }
  85:D:/Work/DeviceTester/amazon-freertos/lib/third_party/mcu_vendor/renesas/rz_mcu_boards/core_package/generate/sc_drivers/r_octabus/src/lld\r_octabus_memclk_setup.c ****     *ioreg    = reg_value;                                      /* Write to register  */
  86:D:/Work/DeviceTester/amazon-freertos/lib/third_party/mcu_vendor/renesas/rz_mcu_boards/core_package/generate/sc_drivers/r_octabus/src/lld\r_octabus_memclk_setup.c **** }
  87:D:/Work/DeviceTester/amazon-freertos/lib/third_party/mcu_vendor/renesas/rz_mcu_boards/core_package/generate/sc_drivers/r_octabus/src/lld\r_octabus_memclk_setup.c **** /**************************************************************************************************
  88:D:/Work/DeviceTester/amazon-freertos/lib/third_party/mcu_vendor/renesas/rz_mcu_boards/core_package/generate/sc_drivers/r_octabus/src/lld\r_octabus_memclk_setup.c ****  * End of function octabus_io_regwrite_16
  89:D:/Work/DeviceTester/amazon-freertos/lib/third_party/mcu_vendor/renesas/rz_mcu_boards/core_package/generate/sc_drivers/r_octabus/src/lld\r_octabus_memclk_setup.c ****  **************************************************************************************************
  90:D:/Work/DeviceTester/amazon-freertos/lib/third_party/mcu_vendor/renesas/rz_mcu_boards/core_package/generate/sc_drivers/r_octabus/src/lld\r_octabus_memclk_setup.c **** 
  91:D:/Work/DeviceTester/amazon-freertos/lib/third_party/mcu_vendor/renesas/rz_mcu_boards/core_package/generate/sc_drivers/r_octabus/src/lld\r_octabus_memclk_setup.c **** /**************************************************************************************************
  92:D:/Work/DeviceTester/amazon-freertos/lib/third_party/mcu_vendor/renesas/rz_mcu_boards/core_package/generate/sc_drivers/r_octabus/src/lld\r_octabus_memclk_setup.c ****  * Function Name: r_octabus_memclk_setup
  93:D:/Work/DeviceTester/amazon-freertos/lib/third_party/mcu_vendor/renesas/rz_mcu_boards/core_package/generate/sc_drivers/r_octabus/src/lld\r_octabus_memclk_setup.c ****  * Description  : Initialize OctaBus controller of RZ/A2M
  94:D:/Work/DeviceTester/amazon-freertos/lib/third_party/mcu_vendor/renesas/rz_mcu_boards/core_package/generate/sc_drivers/r_octabus/src/lld\r_octabus_memclk_setup.c ****  * Arguments    : p_cfg       : Pointer to the configuration table
  95:D:/Work/DeviceTester/amazon-freertos/lib/third_party/mcu_vendor/renesas/rz_mcu_boards/core_package/generate/sc_drivers/r_octabus/src/lld\r_octabus_memclk_setup.c ****  * Return Value : DRV_SUCCESS  Successful operation (always)
  96:D:/Work/DeviceTester/amazon-freertos/lib/third_party/mcu_vendor/renesas/rz_mcu_boards/core_package/generate/sc_drivers/r_octabus/src/lld\r_octabus_memclk_setup.c ****  * Precautions  : This function cannot be assigned to execute from OctaFlash or OctaRAM.
  97:D:/Work/DeviceTester/amazon-freertos/lib/third_party/mcu_vendor/renesas/rz_mcu_boards/core_package/generate/sc_drivers/r_octabus/src/lld\r_octabus_memclk_setup.c ****  *              : This function must be assigned to an area other than OctaFlash or OctaRAM.
  98:D:/Work/DeviceTester/amazon-freertos/lib/third_party/mcu_vendor/renesas/rz_mcu_boards/core_package/generate/sc_drivers/r_octabus/src/lld\r_octabus_memclk_setup.c ****  **************************************************************************************************
  99:D:/Work/DeviceTester/amazon-freertos/lib/third_party/mcu_vendor/renesas/rz_mcu_boards/core_package/generate/sc_drivers/r_octabus/src/lld\r_octabus_memclk_setup.c **** void r_octabus_memclk_setup(void)
 100:D:/Work/DeviceTester/amazon-freertos/lib/third_party/mcu_vendor/renesas/rz_mcu_boards/core_package/generate/sc_drivers/r_octabus/src/lld\r_octabus_memclk_setup.c **** {
  26              		.loc 1 100 0
  27              		.cfi_startproc
  28              		@ args = 0, pretend = 0, frame = 0
  29              		@ frame_needed = 0, uses_anonymous_args = 0
  30              		@ link register save eliminated.
  31              	.LVL0:
  32              	.LBB4:
  33              	.LBB5:
  78:D:/Work/DeviceTester/amazon-freertos/lib/third_party/mcu_vendor/renesas/rz_mcu_boards/core_package/generate/sc_drivers/r_octabus/src/lld\r_octabus_memclk_setup.c ****         reg_value = (uint16_t)((reg_value & (~mask)) | (unsigned)(write_value << shift)); /* Modify
  34              		.loc 1 78 0
  35 0000 14209FE5 		ldr	r2, .L2
  79:D:/Work/DeviceTester/amazon-freertos/lib/third_party/mcu_vendor/renesas/rz_mcu_boards/core_package/generate/sc_drivers/r_octabus/src/lld\r_octabus_memclk_setup.c ****     }
  36              		.loc 1 79 0
  37 0004 FF3C0FE3 		movw	r3, #64767
  78:D:/Work/DeviceTester/amazon-freertos/lib/third_party/mcu_vendor/renesas/rz_mcu_boards/core_package/generate/sc_drivers/r_octabus/src/lld\r_octabus_memclk_setup.c ****         reg_value = (uint16_t)((reg_value & (~mask)) | (unsigned)(write_value << shift)); /* Modify
  38              		.loc 1 78 0
  39 0008 BB1F52E1 		ldrh	r1, [r2, #-251]
  40              	.LVL1:
  79:D:/Work/DeviceTester/amazon-freertos/lib/third_party/mcu_vendor/renesas/rz_mcu_boards/core_package/generate/sc_drivers/r_octabus/src/lld\r_octabus_memclk_setup.c ****     }
  41              		.loc 1 79 0
  42 000c 013003E0 		and	r3, r3, r1
  43 0010 033C83E3 		orr	r3, r3, #768
  44              	.LVL2:
  85:D:/Work/DeviceTester/amazon-freertos/lib/third_party/mcu_vendor/renesas/rz_mcu_boards/core_package/generate/sc_drivers/r_octabus/src/lld\r_octabus_memclk_setup.c **** }
  45              		.loc 1 85 0
  46 0014 BB3F42E1 		strh	r3, [r2, #-251]	@ movhi
  47              	.LVL3:
  48 0018 1EFF2FE1 		bx	lr
  49              	.L3:
  50              		.align	2
  51              	.L2:
  52 001c FF01FEFC 		.word	-50462209
  53              	.LBE5:
  54              	.LBE4:
  55              		.cfi_endproc
  56              	.LFE4:
  58              		.text
  59              	.Letext0:
  60              		.file 2 "c:\\program files (x86)\\gnu tools arm embedded\\6 2017-q2-update\\arm-none-eabi\\include
  61              		.file 3 "c:\\program files (x86)\\gnu tools arm embedded\\6 2017-q2-update\\arm-none-eabi\\include
  62              		.file 4 "c:\\program files (x86)\\gnu tools arm embedded\\6 2017-q2-update\\arm-none-eabi\\include
  63              		.file 5 "c:\\program files (x86)\\gnu tools arm embedded\\6 2017-q2-update\\arm-none-eabi\\include
  64              		.file 6 "c:\\program files (x86)\\gnu tools arm embedded\\6 2017-q2-update\\lib\\gcc\\arm-none-eab
  65              		.file 7 "c:\\program files (x86)\\gnu tools arm embedded\\6 2017-q2-update\\arm-none-eabi\\include
  66              		.file 8 "c:\\program files (x86)\\gnu tools arm embedded\\6 2017-q2-update\\arm-none-eabi\\include
  67              		.file 9 "D:\\Work\\DeviceTester\\amazon-freertos\\lib\\third_party\\mcu_vendor\\renesas\\rz_mcu_bo
DEFINED SYMBOLS
                            *ABS*:00000000 r_octabus_memclk_setup.c
C:\Users\a5089698\AppData\Local\Temp\ccdSZroQ.s:17     .text.r_octabus_memclk_setup:00000000 $a
C:\Users\a5089698\AppData\Local\Temp\ccdSZroQ.s:23     .text.r_octabus_memclk_setup:00000000 r_octabus_memclk_setup
C:\Users\a5089698\AppData\Local\Temp\ccdSZroQ.s:52     .text.r_octabus_memclk_setup:0000001c $d
                     .debug_frame:00000010 $d

NO UNDEFINED SYMBOLS
