Archive member included to satisfy reference by file (symbol)

c:/program files (x86)/gnu tools arm embedded/6 2017-q2-update/bin/../lib/gcc/arm-none-eabi/6.3.1/../../../../arm-none-eabi/lib/thumb/v7-ar/fpv3/hard\libm.a(lib_a-s_ldexp.o)
                              ./lib/third_party/tinycbor/cborpretty.o (ldexp)
c:/program files (x86)/gnu tools arm embedded/6 2017-q2-update/bin/../lib/gcc/arm-none-eabi/6.3.1/../../../../arm-none-eabi/lib/thumb/v7-ar/fpv3/hard\libm.a(lib_a-s_scalbn.o)
                              c:/program files (x86)/gnu tools arm embedded/6 2017-q2-update/bin/../lib/gcc/arm-none-eabi/6.3.1/../../../../arm-none-eabi/lib/thumb/v7-ar/fpv3/hard\libm.a(lib_a-s_ldexp.o) (scalbn)
c:/program files (x86)/gnu tools arm embedded/6 2017-q2-update/bin/../lib/gcc/arm-none-eabi/6.3.1/../../../../arm-none-eabi/lib/thumb/v7-ar/fpv3/hard\libm.a(lib_a-s_copysign.o)
                              c:/program files (x86)/gnu tools arm embedded/6 2017-q2-update/bin/../lib/gcc/arm-none-eabi/6.3.1/../../../../arm-none-eabi/lib/thumb/v7-ar/fpv3/hard\libm.a(lib_a-s_scalbn.o) (copysign)
c:/program files (x86)/gnu tools arm embedded/6 2017-q2-update/bin/../lib/gcc/arm-none-eabi/6.3.1/../../../../arm-none-eabi/lib/thumb/v7-ar/fpv3/hard\libm.a(lib_a-s_finite.o)
                              c:/program files (x86)/gnu tools arm embedded/6 2017-q2-update/bin/../lib/gcc/arm-none-eabi/6.3.1/../../../../arm-none-eabi/lib/thumb/v7-ar/fpv3/hard\libm.a(lib_a-s_ldexp.o) (finite)
c:/program files (x86)/gnu tools arm embedded/6 2017-q2-update/bin/../lib/gcc/arm-none-eabi/6.3.1/thumb/v7-ar/fpv3/hard\libgcc.a(_udivsi3.o)
                              ./lib/third_party/unity/src/unity.o (__aeabi_uidiv)
c:/program files (x86)/gnu tools arm embedded/6 2017-q2-update/bin/../lib/gcc/arm-none-eabi/6.3.1/thumb/v7-ar/fpv3/hard\libgcc.a(_divsi3.o)
                              ./lib/third_party/unity/src/unity.o (__aeabi_idiv)
c:/program files (x86)/gnu tools arm embedded/6 2017-q2-update/bin/../lib/gcc/arm-none-eabi/6.3.1/thumb/v7-ar/fpv3/hard\libgcc.a(_dvmd_tls.o)
                              c:/program files (x86)/gnu tools arm embedded/6 2017-q2-update/bin/../lib/gcc/arm-none-eabi/6.3.1/thumb/v7-ar/fpv3/hard\libgcc.a(_udivsi3.o) (__aeabi_idiv0)
c:/program files (x86)/gnu tools arm embedded/6 2017-q2-update/bin/../lib/gcc/arm-none-eabi/6.3.1/thumb/v7-ar/fpv3/hard\libgcc.a(_arm_addsubdf3.o)
                              ./lib/third_party/tinycbor/cborpretty.o (__aeabi_ul2d)
c:/program files (x86)/gnu tools arm embedded/6 2017-q2-update/bin/../lib/gcc/arm-none-eabi/6.3.1/thumb/v7-ar/fpv3/hard\libgcc.a(_aeabi_uldivmod.o)
                              ./lib/third_party/mbed_tls/library/bignum.o (__aeabi_uldivmod)
c:/program files (x86)/gnu tools arm embedded/6 2017-q2-update/bin/../lib/gcc/arm-none-eabi/6.3.1/thumb/v7-ar/fpv3/hard\libgcc.a(_fixunsdfdi.o)
                              ./lib/third_party/tinycbor/cborpretty.o (__aeabi_d2ulz)
c:/program files (x86)/gnu tools arm embedded/6 2017-q2-update/bin/../lib/gcc/arm-none-eabi/6.3.1/thumb/v7-ar/fpv3/hard\libgcc.a(_udivmoddi4.o)
                              c:/program files (x86)/gnu tools arm embedded/6 2017-q2-update/bin/../lib/gcc/arm-none-eabi/6.3.1/thumb/v7-ar/fpv3/hard\libgcc.a(_aeabi_uldivmod.o) (__udivmoddi4)
c:/program files (x86)/gnu tools arm embedded/6 2017-q2-update/bin/../lib/gcc/arm-none-eabi/6.3.1/../../../../arm-none-eabi/lib/thumb/v7-ar/fpv3/hard\libg.a(lib_a-assert.o)
                              ./lib/third_party/tinycbor/cborencoder.o (__assert_func)
c:/program files (x86)/gnu tools arm embedded/6 2017-q2-update/bin/../lib/gcc/arm-none-eabi/6.3.1/../../../../arm-none-eabi/lib/thumb/v7-ar/fpv3/hard\libg.a(lib_a-calloc.o)
                              ./lib/third_party/mbed_tls/library/platform.o (calloc)
c:/program files (x86)/gnu tools arm embedded/6 2017-q2-update/bin/../lib/gcc/arm-none-eabi/6.3.1/../../../../arm-none-eabi/lib/thumb/v7-ar/fpv3/hard\libg.a(lib_a-callocr.o)
                              c:/program files (x86)/gnu tools arm embedded/6 2017-q2-update/bin/../lib/gcc/arm-none-eabi/6.3.1/../../../../arm-none-eabi/lib/thumb/v7-ar/fpv3/hard\libg.a(lib_a-calloc.o) (_calloc_r)
c:/program files (x86)/gnu tools arm embedded/6 2017-q2-update/bin/../lib/gcc/arm-none-eabi/6.3.1/../../../../arm-none-eabi/lib/thumb/v7-ar/fpv3/hard\libg.a(lib_a-errno.o)
                              ./generate/os_abstraction/src/syscalls.o (__errno)
c:/program files (x86)/gnu tools arm embedded/6 2017-q2-update/bin/../lib/gcc/arm-none-eabi/6.3.1/../../../../arm-none-eabi/lib/thumb/v7-ar/fpv3/hard\libg.a(lib_a-fflush.o)
                              ./generate/os_abstraction/src/r_os_abstraction_api.o (fflush)
c:/program files (x86)/gnu tools arm embedded/6 2017-q2-update/bin/../lib/gcc/arm-none-eabi/6.3.1/../../../../arm-none-eabi/lib/thumb/v7-ar/fpv3/hard\libg.a(lib_a-findfp.o)
                              ./generate/os_abstraction/src/syscalls.o (__sinit)
[...]
Memory Configuration

Name             Origin             Length             Attributes
ROM              0x50200300         0x00dffd00         xr
CACHED_HYPER_RAM 0x60000000         0x01000000         xrw
MMU_PAGE_TABLE   0x80020000         0x00004000         rw
HARDWARE_INIT_RAM 0x80024000         0x00004000         xrw
STACK            0x80028000         0x00010000         rw
CACHED_RAM       0x80038000         0x00148000         xrw
UNCACHED_RAM     0x82180000         0x00280000         xrw
*default*        0x00000000         0xffffffff

Linker script and memory map

LOAD ./lib/third_party/unity/src/unity.o
LOAD ./lib/third_party/unity/extras/fixture/src/unity_fixture.o
LOAD ./lib/third_party/tinycbor/cborencoder.o
LOAD ./lib/third_party/tinycbor/cborencoder_close_container_checked.o
LOAD ./lib/third_party/tinycbor/cborerrorstrings.o
LOAD ./lib/third_party/tinycbor/cborparser.o
LOAD ./lib/third_party/tinycbor/cborparser_dup_string.o
LOAD ./lib/third_party/tinycbor/cborpretty.o
LOAD ./lib/third_party/mbed_tls/library/aes.o
LOAD ./lib/third_party/mbed_tls/library/aesni.o
LOAD ./lib/third_party/mbed_tls/library/arc4.o
LOAD ./lib/third_party/mbed_tls/library/asn1parse.o
LOAD ./lib/third_party/mbed_tls/library/asn1write.o
LOAD ./lib/third_party/mbed_tls/library/base64.o
LOAD ./lib/third_party/mbed_tls/library/bignum.o
LOAD ./lib/third_party/mbed_tls/library/blowfish.o
LOAD ./lib/third_party/mbed_tls/library/camellia.o
LOAD ./lib/third_party/mbed_tls/library/ccm.o
LOAD ./lib/third_party/mbed_tls/library/certs.o
LOAD ./lib/third_party/mbed_tls/library/cipher.o
LOAD ./lib/third_party/mbed_tls/library/cipher_wrap.o
LOAD ./lib/third_party/mbed_tls/library/cmac.o
LOAD ./lib/third_party/mbed_tls/library/ctr_drbg.o
LOAD ./lib/third_party/mbed_tls/library/debug.o
LOAD ./lib/third_party/mbed_tls/library/des.o
LOAD ./lib/third_party/mbed_tls/library/dhm.o
LOAD ./lib/third_party/mbed_tls/library/ecdh.o
LOAD ./lib/third_party/mbed_tls/library/ecdsa.o
LOAD ./lib/third_party/mbed_tls/library/ecjpake.o
LOAD ./lib/third_party/mbed_tls/library/ecp.o
LOAD ./lib/third_party/mbed_tls/library/ecp_curves.o
LOAD ./lib/third_party/mbed_tls/library/entropy.o
LOAD ./lib/third_party/mbed_tls/library/entropy_poll.o
LOAD ./lib/third_party/mbed_tls/library/error.o
LOAD ./lib/third_party/mbed_tls/library/gcm.o
LOAD ./lib/third_party/mbed_tls/library/havege.o
LOAD ./lib/third_party/mbed_tls/library/hmac_drbg.o
LOAD ./lib/third_party/mbed_tls/library/md.o
LOAD ./lib/third_party/mbed_tls/library/md2.o
LOAD ./lib/third_party/mbed_tls/library/md4.o
LOAD ./lib/third_party/mbed_tls/library/md5.o
LOAD ./lib/third_party/mbed_tls/library/md_wrap.o
LOAD ./lib/third_party/mbed_tls/library/memory_buffer_alloc.o
LOAD ./lib/third_party/mbed_tls/library/net_sockets.o
LOAD ./lib/third_party/mbed_tls/library/oid.o
LOAD ./lib/third_party/mbed_tls/library/padlock.o
LOAD ./lib/third_party/mbed_tls/library/pem.o
LOAD ./lib/third_party/mbed_tls/library/pk.o
LOAD ./lib/third_party/mbed_tls/library/pk_wrap.o
LOAD ./lib/third_party/mbed_tls/library/pkcs12.o
LOAD ./lib/third_party/mbed_tls/library/pkcs5.o
LOAD ./lib/third_party/mbed_tls/library/pkparse.o
LOAD ./lib/third_party/mbed_tls/library/pkwrite.o
LOAD ./lib/third_party/mbed_tls/library/platform.o
LOAD ./lib/third_party/mbed_tls/library/platform_util.o
LOAD ./lib/third_party/mbed_tls/library/ripemd160.o
LOAD ./lib/third_party/mbed_tls/library/rsa.o
LOAD ./lib/third_party/mbed_tls/library/rsa_internal.o
LOAD ./lib/third_party/mbed_tls/library/sha1.o
LOAD ./lib/third_party/mbed_tls/library/sha256.o
LOAD ./lib/third_party/mbed_tls/library/sha512.o
LOAD ./lib/third_party/mbed_tls/library/ssl_cache.o
LOAD ./lib/third_party/mbed_tls/library/ssl_ciphersuites.o
LOAD ./lib/third_party/mbed_tls/library/ssl_cli.o
LOAD ./lib/third_party/mbed_tls/library/ssl_cookie.o
LOAD ./lib/third_party/mbed_tls/library/ssl_srv.o
LOAD ./lib/third_party/mbed_tls/library/ssl_ticket.o
LOAD ./lib/third_party/mbed_tls/library/ssl_tls.o
LOAD ./lib/third_party/mbed_tls/library/threading.o
LOAD ./lib/third_party/mbed_tls/library/timing.o
LOAD ./lib/third_party/mbed_tls/library/version.o
LOAD ./lib/third_party/mbed_tls/library/version_features.o
LOAD ./lib/third_party/mbed_tls/library/x509.o
LOAD ./lib/third_party/mbed_tls/library/x509_create.o
LOAD ./lib/third_party/mbed_tls/library/x509_crl.o
LOAD ./lib/third_party/mbed_tls/library/x509_crt.o
LOAD ./lib/third_party/mbed_tls/library/x509_csr.o
LOAD ./lib/third_party/mbed_tls/library/x509write_crt.o
LOAD ./lib/third_party/mbed_tls/library/x509write_csr.o
LOAD ./lib/third_party/mbed_tls/library/xtea.o
LOAD ./lib/third_party/jsmn/jsmn.o
LOAD ./lib/aws/utils/aws_system_init.o
LOAD ./lib/aws/tls/aws_tls.o
LOAD ./lib/aws/shadow/aws_shadow.o
LOAD ./lib/aws/shadow/aws_shadow_json.o
LOAD ./lib/aws/secure_sockets/aws_secure_sockets.o
LOAD ./lib/aws/pkcs11/aws_pkcs11_mbedtls.o
LOAD ./lib/aws/pkcs11/aws_pkcs11_pal.o
LOAD ./lib/aws/ota/portable/renesas/rza2m-gr-mango/aws_ota_pal.o
LOAD ./lib/aws/ota/aws_ota_agent.o
LOAD ./lib/aws/ota/aws_ota_cbor.o
LOAD ./lib/aws/mqtt/aws_mqtt_agent.o
LOAD ./lib/aws/mqtt/aws_mqtt_lib.o
LOAD ./lib/aws/greengrass/aws_greengrass_discovery.o
LOAD ./lib/aws/greengrass/aws_helper_secure_connect.o
LOAD ./lib/aws/crypto/aws_crypto.o
LOAD ./lib/aws/bufferpool/aws_bufferpool_static_thread_safe.o
LOAD ./lib/aws/FreeRTOS/portable/MemMang/heap_5.o
LOAD ./lib/aws/FreeRTOS/portable/GCC/ARM_CA9_RZA2M/3rt_access.o
LOAD ./lib/aws/FreeRTOS/portable/GCC/ARM_CA9_RZA2M/port.o
LOAD ./lib/aws/FreeRTOS/portable/GCC/ARM_CA9_RZA2M/portasm.o
LOAD ./lib/aws/FreeRTOS-Plus-TCP/source/portable/NetworkInterface/RZ/NetworkInterface.o
LOAD ./lib/aws/FreeRTOS-Plus-TCP/source/portable/NetworkInterface/RZ/ether_callback.o
LOAD ./lib/aws/FreeRTOS-Plus-TCP/source/portable/BufferManagement/BufferAllocation_2.o
LOAD ./lib/aws/FreeRTOS-Plus-TCP/source/FreeRTOS_ARP.o
LOAD ./lib/aws/FreeRTOS-Plus-TCP/source/FreeRTOS_DHCP.o
LOAD ./lib/aws/FreeRTOS-Plus-TCP/source/FreeRTOS_DNS.o
LOAD ./lib/aws/FreeRTOS-Plus-TCP/source/FreeRTOS_IP.o
LOAD ./lib/aws/FreeRTOS-Plus-TCP/source/FreeRTOS_Sockets.o
LOAD ./lib/aws/FreeRTOS-Plus-TCP/source/FreeRTOS_Stream_Buffer.o
LOAD ./lib/aws/FreeRTOS-Plus-TCP/source/FreeRTOS_TCP_IP.o
LOAD ./lib/aws/FreeRTOS-Plus-TCP/source/FreeRTOS_TCP_WIN.o
LOAD ./lib/aws/FreeRTOS-Plus-TCP/source/FreeRTOS_UDP_IP.o
LOAD ./lib/aws/FreeRTOS/event_groups.o
LOAD ./lib/aws/FreeRTOS/list.o
LOAD ./lib/aws/FreeRTOS/queue.o
LOAD ./lib/aws/FreeRTOS/stream_buffer.o
LOAD ./lib/aws/FreeRTOS/tasks.o
LOAD ./lib/aws/FreeRTOS/timers.o
LOAD ./generate/system/hwsetup.o
LOAD ./generate/system/r_devlink_wrapper.o
LOAD ./generate/system/r_memclk_setup.o
LOAD ./generate/system/rza_io_regrw.o
LOAD ./generate/sc_drivers/r_scifa/src/lld/r_rza2_scifa_lld.o
LOAD ./generate/sc_drivers/r_scifa/src/lld/r_rza2_scifa_lld_baud.o
LOAD ./generate/sc_drivers/r_scifa/src/hld/r_scifa_drv_api.o
LOAD ./generate/sc_drivers/r_scifa/src/hld/r_scifa_hld_prv.o
LOAD ./generate/sc_drivers/r_riic/src/lld/r_rza2_riic_lld.o
LOAD ./generate/sc_drivers/r_riic/src/lld/r_rza2_riic_lld_int.o
LOAD ./generate/sc_drivers/r_riic/src/hld/r_riic_drv_api.o
LOAD ./generate/sc_drivers/r_riic/src/hld/r_riic_hld_prv.o
LOAD ./generate/sc_drivers/r_ostm/src/lld/r_ostm_lld_rza2m.o
LOAD ./generate/sc_drivers/r_ostm/src/hld/r_ostm_drv_api.o
LOAD ./generate/sc_drivers/r_octabus/src/lld/r_octabus_lld_rza2m_api.o
LOAD ./generate/sc_drivers/r_octabus/src/lld/r_octabus_memclk_setup.o
LOAD ./generate/sc_drivers/r_ether_gr_mango/src/targets/rza2m-gr-mango/r_ether_setting_rza2m.o
LOAD ./generate/sc_drivers/r_ether_gr_mango/src/targets/rza2m-gr-mango/r_pinset.o
LOAD ./generate/sc_drivers/r_ether_gr_mango/src/phy/phy.o
LOAD ./generate/sc_drivers/r_ether_gr_mango/src/r_ether_rza2.o
LOAD ./generate/sc_drivers/r_cbuffer/src/r_cbuffer.o
LOAD ./generate/sc_drivers/r_adc/src/lld/r_adc_lld_rza2m.o
LOAD ./generate/sc_drivers/r_adc/src/hld/r_adc_drv_api.o
LOAD ./generate/os_abstraction/src/heap_renesas.o
LOAD ./generate/os_abstraction/src/r_os_abstraction_api.o
LOAD ./generate/os_abstraction/src/r_os_abstraction_stdio.o
LOAD ./generate/os_abstraction/src/syscalls.o
LOAD ./generate/drivers/r_stb/src/lld/r_stb_lld_rza2m.o
LOAD ./generate/drivers/r_mmu/src/lld/r_mmu_lld_rza2m.o
LOAD ./generate/drivers/r_intc/src/lld/r_intc_lld_rza2m.o
LOAD ./generate/drivers/r_intc/src/lld/r_intc_lld_rza2m_handler.o
LOAD ./generate/drivers/r_gpio/src/lld/r_gpio_lld_rza2m.o
LOAD ./generate/drivers/r_gpio/src/hld/r_gpio_drv_api.o
LOAD ./generate/drivers/r_cpg/src/lld/r_cpg_lld_rza2m.o
LOAD ./generate/drivers/r_cpg/src/hld/r_cpg_drv_api.o
LOAD ./generate/drivers/r_cache/src/lld/r_cache_lld_rza2m.o
LOAD ./generate/configuration/r_intc_user.o
LOAD ./generate/compiler/init/dso_handle.o
LOAD ./generate/compiler/init/fini.o
LOAD ./generate/compiler/init/init.o
LOAD ./generate/compiler/init/r_compiler_abstraction.o
LOAD ./generate/compiler/init/resetprg.o
LOAD ./generate/compiler/init/sections.o
LOAD ./generate/compiler/asm/cpu.o
LOAD ./generate/compiler/asm/initsect.o
LOAD ./generate/compiler/asm/irq.o
LOAD ./generate/compiler/asm/irqfiq_handler.o
LOAD ./generate/compiler/asm/mmu_operation.o
LOAD ./generate/compiler/asm/r_cache_l1_rza2.o
LOAD ./generate/compiler/asm/reset_handler.o
LOAD ./generate/compiler/asm/vector_mirrortable.o
LOAD ./generate/compiler/asm/vector_table.o
LOAD ./generate/compiler/asm/vfp_init.o
LOAD ./application_code/renesas_code/application/Flash/rza2m-gr-mango/flash_api.o
LOAD ./application_code/renesas_code/application/PRND.o
LOAD ./application_code/renesas_code/application/cryptogram_sample.o
LOAD ./application_code/renesas_code/application/entropy_hardware_poll.o
LOAD ./application_code/renesas_code/application/freertos_tick_config.o
LOAD ./application_code/renesas_code/application/freertos_usr_func.o
LOAD ./application_code/renesas_code/application/helper.o
LOAD ./application_code/renesas_code/application/r_eeprom_sample.o
LOAD ./application_code/common_test/tls/aws_test_tls.o
LOAD ./application_code/common_test/test_runner/aws_test_runner.o
LOAD ./application_code/common_test/shadow/aws_test_shadow.o
LOAD ./application_code/common_test/secure_sockets/aws_test_tcp.o
LOAD ./application_code/common_test/pkcs11/aws_test_pkcs11.o
LOAD ./application_code/common_test/ota/aws_test_ota_agent.o
LOAD ./application_code/common_test/ota/aws_test_ota_pal.o
LOAD ./application_code/common_test/mqtt/aws_test_mqtt_agent.o
LOAD ./application_code/common_test/mqtt/aws_test_mqtt_lib.o
LOAD ./application_code/common_test/memory_leak/aws_memory_leak.o
LOAD ./application_code/common_test/logging/aws_logging_task_dynamic_buffers.o
LOAD ./application_code/common_test/greengrass/aws_test_greengrass_discovery.o
LOAD ./application_code/common_test/greengrass/aws_test_helper_secure_connect.o
LOAD ./application_code/common_test/freertos_tcp/aws_test_freertos_tcp.o
LOAD ./application_code/common_test/framework/aws_test_framework.o
LOAD ./application_code/common_test/devmode_key_provisioning/aws_dev_mode_key_provisioning.o
LOAD ./application_code/common_test/crypto/aws_test_crypto.o
LOAD ./application_code/common_demo/ota/aws_ota_update_demo.o
LOAD ./application_code/application/hwsetup/octabus_setup/src/octabus_userconfig.o
LOAD ./application_code/application/hwsetup/hwsetup_userdef.o
LOAD ./application_code/main.o
START GROUP
END GROUP
LOAD c:/program files (x86)/gnu tools arm embedded/6 2017-q2-update/bin/../lib/gcc/arm-none-eabi/6.3.1/../../../../arm-none-eabi/lib/thumb/v7-ar/fpv3/hard\libstdc++.a
LOAD c:/program files (x86)/gnu tools arm embedded/6 2017-q2-update/bin/../lib/gcc/arm-none-eabi/6.3.1/../../../../arm-none-eabi/lib/thumb/v7-ar/fpv3/hard\libm.a
START GROUP
LOAD c:/program files (x86)/gnu tools arm embedded/6 2017-q2-update/bin/../lib/gcc/arm-none-eabi/6.3.1/thumb/v7-ar/fpv3/hard\libgcc.a
LOAD c:/program files (x86)/gnu tools arm embedded/6 2017-q2-update/bin/../lib/gcc/arm-none-eabi/6.3.1/../../../../arm-none-eabi/lib/thumb/v7-ar/fpv3/hard\libg.a
LOAD c:/program files (x86)/gnu tools arm embedded/6 2017-q2-update/bin/../lib/gcc/arm-none-eabi/6.3.1/../../../../arm-none-eabi/lib/thumb/v7-ar/fpv3/hard\libc.a
END GROUP

LOAD_MODULE1    0x50200300       0x60
 *(VECTOR_TABLE)
 VECTOR_TABLE   0x50200300       0x60 ./generate/compiler/asm/vector_table.o
                0x50200300                Start
                0x50200300                vector_table
                0x50200300                __vector_table_base = ADDR (LOAD_MODULE1)

.data.memclk_setup
                0x80024000       0x64 load address 0x50200360
 */r_spibsc_setup.o(.text .text.* .rodata .rodata.* .data .data.*)
 */r_memclk_setup.o(.text .text.* .rodata .rodata.* .data .data.*)
 .text.r_memclk_setup
                0x80024000       0x44 ./generate/system/r_memclk_setup.o
                0x80024000                r_memclk_setup
 */r_*_memclk_setup.o(.text .text.* .rodata .rodata.* .data .data.*)
 .text.r_octabus_memclk_setup
                0x80024044       0x20 ./generate/sc_drivers/r_octabus/src/lld/r_octabus_memclk_setup.o
                0x80024044                r_octabus_memclk_setup
                0x80024064                . = ALIGN (0x4)
                0x50200360                __data_memclk_setup_load_start = LOADADDR (.data.memclk_setup)
                0x80024000                __data_memclk_setup_exec_start = ADDR (.data.memclk_setup)
                0x502003c4                __data_memclk_setup_load_end = (LOADADDR (.data.memclk_setup) + SIZEOF (.data.memclk_setup))

.bss.memclk_setup
                0x80024080        0x0 load address 0x502003e0
 */r_spibsc_setup.o(.bss .bss.* COMMON)
 */r_memclk_setup.o(.bss .bss.* COMMON)
 */r_*_memclk_setup.o(.bss .bss.* COMMON)
                0x80024080                . = ALIGN (0x4)
                0x80024080                __bss_memclk_setup_start = ADDR (.bss.memclk_setup)
                0x80024080                __bss_memclk_setup_end = (ADDR (.bss.memclk_setup) + SIZEOF (.bss.memclk_setup))

LOAD_MODULE2    0x80024200      0xc40 load address 0x50200400
 */r_cpg/*.o(.text .text.* .rodata .rodata.* .data .data.*)
 .text.R_CPG_SetXtalClock
                0x80024200      0x118 ./generate/drivers/r_cpg/src/lld/r_cpg_lld_rza2m.o
                0x80024200                R_CPG_SetXtalClock
 .text.R_CPG_SetMainClock
                0x80024318       0x50 ./generate/drivers/r_cpg/src/lld/r_cpg_lld_rza2m.o
                0x80024318                R_CPG_SetMainClock
 .text.R_CPG_SetSubClockDividers
                0x80024368      0x340 ./generate/drivers/r_cpg/src/lld/r_cpg_lld_rza2m.o
                0x80024368                R_CPG_SetSubClockDividers
 .text.R_CPG_SetSubClockSource
                0x800246a8      0x168 ./generate/drivers/r_cpg/src/lld/r_cpg_lld_rza2m.o
                0x800246a8                R_CPG_SetSubClockSource
 .text.R_CPG_ConfigExtClockPin
                0x80024810       0x90 ./generate/drivers/r_cpg/src/lld/r_cpg_lld_rza2m.o
                0x80024810                R_CPG_ConfigExtClockPin
 .text.R_CPG_InitialiseHwIf
                0x800248a0       0xb0 ./generate/drivers/r_cpg/src/lld/r_cpg_lld_rza2m.o
                0x800248a0                R_CPG_InitialiseHwIf
 .text.R_CPG_GetClock
                0x80024950       0xc8 ./generate/drivers/r_cpg/src/lld/r_cpg_lld_rza2m.o
                0x80024950                R_CPG_GetClock
 .text.R_CPG_GetVersion
                0x80024a18       0x2c ./generate/drivers/r_cpg/src/lld/r_cpg_lld_rza2m.o
                0x80024a18                R_CPG_GetVersion
 .data.gs_cpg_bclk_divisor
                0x80024a44        0x4 ./generate/drivers/r_cpg/src/lld/r_cpg_lld_rza2m.o
 .data.gs_cpg_bclk_frequency_khz
                0x80024a48        0x8 ./generate/drivers/r_cpg/src/lld/r_cpg_lld_rza2m.o
 .data.gs_cpg_extal_frequency_khz
                0x80024a50        0x8 ./generate/drivers/r_cpg/src/lld/r_cpg_lld_rza2m.o
 .data.gs_cpg_iclk_divisor
                0x80024a58        0x4 ./generate/drivers/r_cpg/src/lld/r_cpg_lld_rza2m.o
 *fill*         0x80024a5c        0x4 
 .data.gs_cpg_iclk_frequency_khz
                0x80024a60        0x8 ./generate/drivers/r_cpg/src/lld/r_cpg_lld_rza2m.o
 .data.gs_cpg_p1clk_divisor
                0x80024a68        0x4 ./generate/drivers/r_cpg/src/lld/r_cpg_lld_rza2m.o
 *fill*         0x80024a6c        0x4 
 .data.gs_cpg_p1clk_frequency_khz
                0x80024a70        0x8 ./generate/drivers/r_cpg/src/lld/r_cpg_lld_rza2m.o
 .data.gs_cpg_pll_frequency_khz
                0x80024a78        0x8 ./generate/drivers/r_cpg/src/lld/r_cpg_lld_rza2m.o
 .rodata.R_CPG_GetVersion.str1.1
                0x80024a80       0x12 ./generate/drivers/r_cpg/src/lld/r_cpg_lld_rza2m.o
 .rodata.s_sc_cpg_ext_clk_config
                0x80024a92        0x1 ./generate/drivers/r_cpg/src/lld/r_cpg_lld_rza2m.o
 *fill*         0x80024a93        0x5 
 .rodata.s_sc_cpg_main_clock_config
                0x80024a98       0x10 ./generate/drivers/r_cpg/src/lld/r_cpg_lld_rza2m.o
 .rodata.s_sc_cpg_sub_clock_div_config
                0x80024aa8       0x30 ./generate/drivers/r_cpg/src/lld/r_cpg_lld_rza2m.o
 .rodata.s_sc_cpg_sub_clock_src_config
                0x80024ad8        0x8 ./generate/drivers/r_cpg/src/lld/r_cpg_lld_rza2m.o
 .text.cpg_close
                0x80024ae0       0x28 ./generate/drivers/r_cpg/src/hld/r_cpg_drv_api.o
 .text.cpg_get_version
                0x80024b08       0x2c ./generate/drivers/r_cpg/src/hld/r_cpg_drv_api.o
 .text.cpg_control
                0x80024b34       0xb4 ./generate/drivers/r_cpg/src/hld/r_cpg_drv_api.o
 .text.cpg_open
                0x80024be8       0x54 ./generate/drivers/r_cpg/src/hld/r_cpg_drv_api.o
 .rodata.cpg_get_version.str1.1
                0x80024c3c        0x8 ./generate/drivers/r_cpg/src/hld/r_cpg_drv_api.o
 .rodata.g_cpg_driver
                0x80024c44       0x1c ./generate/drivers/r_cpg/src/hld/r_cpg_drv_api.o
                0x80024c44                g_cpg_driver
 .rodata.str1.1
                0x80024c60       0x12 ./generate/drivers/r_cpg/src/hld/r_cpg_drv_api.o
 */rza_io_regrw.o(.text .text.* .rodata .rodata.* .data .data.*)
 *fill*         0x80024c72        0x2 
 .text.RZA_IO_RegWrite_8
                0x80024c74       0x1c ./generate/system/rza_io_regrw.o
                0x80024c74                RZA_IO_RegWrite_8
 .text.RZA_IO_RegWrite_16
                0x80024c90       0x1c ./generate/system/rza_io_regrw.o
                0x80024c90                RZA_IO_RegWrite_16
 .text.RZA_IO_RegWrite_32
                0x80024cac       0x18 ./generate/system/rza_io_regrw.o
                0x80024cac                RZA_IO_RegWrite_32
 .text.RZA_IO_RegRead_8
                0x80024cc4       0x1c ./generate/system/rza_io_regrw.o
                0x80024cc4                RZA_IO_RegRead_8
 .text.RZA_IO_RegRead_16
                0x80024ce0       0x1c ./generate/system/rza_io_regrw.o
                0x80024ce0                RZA_IO_RegRead_16
 .text.RZA_IO_RegRead_32
                0x80024cfc       0x14 ./generate/system/rza_io_regrw.o
                0x80024cfc                RZA_IO_RegRead_32
 */hwsetup*.o(.text .text.* .rodata .rodata.* .data .data.*)
 .text.R_SC_HardwareSetup
                0x80024d10       0x70 ./generate/system/hwsetup.o
                0x80024d10                R_SC_HardwareSetup
 .text.OctaBus_UserConfig
                0x80024d80       0x34 ./application_code/application/hwsetup/octabus_setup/src/octabus_userconfig.o
                0x80024d80                OctaBus_UserConfig
 .text.Userdef_PreHardwareSetup
                0x80024db4       0x48 ./application_code/application/hwsetup/hwsetup_userdef.o
                0x80024db4                Userdef_PreHardwareSetup
 .text.Userdef_PostHardwareSetup
                0x80024dfc       0x34 ./application_code/application/hwsetup/hwsetup_userdef.o
                0x80024dfc                Userdef_PostHardwareSetup
 .text.Userdef_PostHardwareSetup.__stub
                0x80024e30       0x10 linker stubs
                0x80024e40                . = ALIGN (0x4)
                0x50200400                __module2_load_start = LOADADDR (LOAD_MODULE2)
                0x80024200                __module2_exec_start = ADDR (LOAD_MODULE2)
                0x50201040                __module2_load_end = (LOADADDR (LOAD_MODULE2) + SIZEOF (LOAD_MODULE2))

LOAD_MODULE3    0x80024e40        0xc load address 0x50201040
                0x80024e40                __module3_exec_start = .
 */r_cpg/*.o(.bss* COMMON*)
 .bss.gs_drv_cpg_is_initialized
                0x80024e40        0x4 ./generate/drivers/r_cpg/src/lld/r_cpg_lld_rza2m.o
 .bss.gs_drv_cpg_is_initialized
                0x80024e44        0x4 ./generate/drivers/r_cpg/src/hld/r_cpg_drv_api.o
 .bss.s_drv_config
                0x80024e48        0x2 ./generate/drivers/r_cpg/src/hld/r_cpg_drv_api.o
 */rza_io_regrw.o(.bss .bss.* COMMON)
                0x80024e4c                . = ALIGN (0x4)
 *fill*         0x80024e4a        0x2 
                0x80024e4c                __module3_exec_end = .

LOAD_MODULE4    0x50201080      0x4c8
 *(RESET_HANDLER)
 RESET_HANDLER  0x50201080      0x1f0 ./generate/compiler/asm/reset_handler.o
                0x50201080                reset_handler
                0x5020125c                undefined_handler
                0x50201260                svc_handler
                0x50201264                prefetch_handler
                0x50201268                abort_handler
                0x5020126c                reserved_handler
                0x50201280                . = ALIGN (0x80)
 *fill*         0x50201270       0x10 
 *(INIT_SECTION)
 INIT_SECTION   0x50201280      0x210 ./generate/compiler/asm/initsect.o
                0x50201280                INITSCT
 */sections.o(.rodata .rodata.*)
 .rodata.BTBL   0x50201490       0x20 ./generate/compiler/init/sections.o
                0x50201490                BTBL
 .rodata.BTBL_F
                0x502014b0       0x10 ./generate/compiler/init/sections.o
                0x502014b0                BTBL_F
 .rodata.BTBL_F2
                0x502014c0       0x10 ./generate/compiler/init/sections.o
                0x502014c0                BTBL_F2
 .rodata.DTBL   0x502014d0       0x48 ./generate/compiler/init/sections.o
                0x502014d0                DTBL
 .rodata.DTBL_F
                0x50201518       0x18 ./generate/compiler/init/sections.o
                0x50201518                DTBL_F
 .rodata.DTBL_F2
                0x50201530       0x18 ./generate/compiler/init/sections.o
                0x50201530                DTBL_F2

.data           0x80038000      0x950 load address 0x50201560
                0x80038000                __vect_exec_start = .
                0x50201560                __vect_load_start = (LOADADDR (.data) + (. - ADDR (.data)))
                0x80038000                __vector_mirror_table_base = .
 *(VECTOR_MIRROR_TABLE)
 VECTOR_MIRROR_TABLE
                0x80038000       0x40 ./generate/compiler/asm/vector_mirrortable.o
                0x80038000                vector_table2
                0x80038040                . = ALIGN (0x4)
                0x502015a0                __vect_load_end = (LOADADDR (.data) + (. - ADDR (.data)))
                0x80038100                . = ALIGN (0x100)
 *fill*         0x80038040       0xc0 
                0x80038100                __fastcode_exec_start = .
                0x50201660                __fastcode_load_start = (LOADADDR (.data) + (. - ADDR (.data)))
 */r_intc_*.o(.text .text.* .rodata .rodata.*)
 .text.R_INTC_RegistIntFunc
                0x80038100       0x1c ./generate/drivers/r_intc/src/lld/r_intc_lld_rza2m.o
                0x80038100                R_INTC_RegistIntFunc
 .text.R_INTC_Enable
                0x8003811c       0x2c ./generate/drivers/r_intc/src/lld/r_intc_lld_rza2m.o
                0x8003811c                R_INTC_Enable
 .text.R_INTC_Disable
                0x80038148       0x2c ./generate/drivers/r_intc/src/lld/r_intc_lld_rza2m.o
                0x80038148                R_INTC_Disable
 .text.R_INTC_SetPriority
                0x80038174       0x58 ./generate/drivers/r_intc/src/lld/r_intc_lld_rza2m.o
                0x80038174                R_INTC_SetPriority
 .text.R_INTC_GetPriority
                0x800381cc       0x60 ./generate/drivers/r_intc/src/lld/r_intc_lld_rza2m.o
                0x800381cc                R_INTC_GetPriority
 .text.R_INTC_SetMaskLevel
                0x8003822c       0x48 ./generate/drivers/r_intc/src/lld/r_intc_lld_rza2m.o
                0x8003822c                R_INTC_SetMaskLevel
 .text.R_INTC_Init
                0x80038274      0x138 ./generate/drivers/r_intc/src/lld/r_intc_lld_rza2m.o
                0x80038274                R_INTC_Init
 .rodata.gs_gicd_icfgrn_table
                0x800383ac       0x80 ./generate/drivers/r_intc/src/lld/r_intc_lld_rza2m.o
 .text.INTC_Handler_Interrupt
                0x8003842c       0x90 ./generate/drivers/r_intc/src/lld/r_intc_lld_rza2m_handler.o
                0x8003842c                INTC_Handler_Interrupt
 .text.NMI_Handler_Interrupt
                0x800384bc       0x44 ./generate/drivers/r_intc/src/lld/r_intc_lld_rza2m_handler.o
                0x800384bc                NMI_Handler_Interrupt
 .text.Userdef_INTC_Pre_Interrupt
                0x80038500        0x8 ./generate/configuration/r_intc_user.o
                0x80038500                Userdef_INTC_Pre_Interrupt
 .text.Userdef_INTC_Post_Interrupt
                0x80038508        0x8 ./generate/configuration/r_intc_user.o
                0x80038508                Userdef_INTC_Post_Interrupt
 .text.Userdef_INTC_UndefId
                0x80038510        0x8 ./generate/configuration/r_intc_user.o
                0x80038510                Userdef_INTC_UndefId
 .text.Userdef_INTC_UnregisteredID
                0x80038518       0x10 ./generate/configuration/r_intc_user.o
                0x80038518                Userdef_INTC_UnregisteredID
 *(IRQ_FIQ_HANDLER)
 IRQ_FIQ_HANDLER
                0x80038528       0xe4 ./generate/compiler/asm/irqfiq_handler.o
                0x80038528                fiq_handler
                0x8003855c                irq_handler
                0x8003860c                . = ALIGN (0x4)
                0x50201b6c                __fastcode_load_end = (LOADADDR (.data) + (. - ADDR (.data)))
                0x8003860c                __data_exec_start = .
                0x50201b6c                __data_load_start = (LOADADDR (.data) + (. - ADDR (.data)))
 *(RAM_CODE)
 RAM_CODE       0x8003860c      0x2fc ./application_code/renesas_code/application/Flash/rza2m-gr-mango/flash_api.o
                0x8003879c                _octaflash_sector_erase
                0x8003887c                _octaflash_page_program
 *(RAM_CONST)
 *(.text.r_mmu_tlbiall)
 .text.r_mmu_tlbiall
                0x80038908        0xc ./generate/compiler/asm/mmu_operation.o
                0x80038908                r_mmu_tlbiall
 *fill*         0x80038914        0x4 
 .text.r_mmu_tlbiall.__stub
                0x80038918       0x38 linker stubs
                0x80038950                . = ALIGN (0x4)
                0x50201eb0                __data_load_end = (LOADADDR (.data) + (. - ADDR (.data)))

.igot.plt       0x80038950        0x0 load address 0x50201eb0
 .igot.plt      0x80038950        0x0 ./lib/third_party/unity/src/unity.o

.bss            0x80038960        0x0 load address 0x50201ec0
                0x80038960                __bss_start = .
                0x80038960                . = ALIGN (0x4)
                0x80038960                __bss_end = .

VRAM            0x82180000        0x0
 *(Video_RAM)
 *(Graphics_RAM)
                0x82180000                . = ALIGN (0x80)
 *(Capture_RAM)

.uncached_RAM   0x82180000     0xc200
                0x82180000                __uncached_RAM_start = .
 */r_cache_*.o(.bss .bss.* COMMON)
 *(UNCACHED_BSS)
 UNCACHED_BSS   0x82180000      0x200 ./generate/sc_drivers/r_ether_gr_mango/src/r_ether_rza2.o
                0x82180200                . = ALIGN (0x4)
                0x82180200                PROVIDE (__sectop__ETHERNET_BUFFERS, .)
 *(_ETHERNET_BUFFERS)
 _ETHERNET_BUFFERS
                0x82180200     0xc000 ./generate/sc_drivers/r_ether_gr_mango/src/r_ether_rza2.o
                0x8218c200                __uncached_RAM_end = .

.uncached_RAM2  0x8218c200      0x2b0 load address 0x50201ec0
                0x8218c200                __uncached_RAM2_exec_start = .
                0x50201ec0                __uncached_RAM2_load_start = (LOADADDR (.uncached_RAM2) + (. - ADDR (.uncached_RAM2)))
 */r_cache_*.o(.text .text.* .rodata .rodata.* .data .data.*)
 .text.cache_l2_sync
                0x8218c200       0x3c ./generate/drivers/r_cache/src/lld/r_cache_lld_rza2m.o
 .text.R_CACHE_L1Init
                0x8218c23c       0x1c ./generate/drivers/r_cache/src/lld/r_cache_lld_rza2m.o
                0x8218c23c                R_CACHE_L1Init
 .text.R_CACHE_L1DataCleanInvalidAll
                0x8218c258        0x8 ./generate/drivers/r_cache/src/lld/r_cache_lld_rza2m.o
                0x8218c258                R_CACHE_L1DataCleanInvalidAll
 .text.R_CACHE_L2CacheEnable
                0x8218c260       0x24 ./generate/drivers/r_cache/src/lld/r_cache_lld_rza2m.o
                0x8218c260                R_CACHE_L2CacheEnable
 .text.R_CACHE_L2CacheDisable
                0x8218c284       0x24 ./generate/drivers/r_cache/src/lld/r_cache_lld_rza2m.o
                0x8218c284                R_CACHE_L2CacheDisable
 .text.R_CACHE_L2PrefetchDisable
                0x8218c2a8       0x38 ./generate/drivers/r_cache/src/lld/r_cache_lld_rza2m.o
                0x8218c2a8                R_CACHE_L2PrefetchDisable
 .text.R_CACHE_L2InvalidAll
                0x8218c2e0       0x40 ./generate/drivers/r_cache/src/lld/r_cache_lld_rza2m.o
                0x8218c2e0                R_CACHE_L2InvalidAll
 .text.R_CACHE_L2Init
                0x8218c320       0x30 ./generate/drivers/r_cache/src/lld/r_cache_lld_rza2m.o
                0x8218c320                R_CACHE_L2Init
 .text.R_CACHE_L2CleanInvalidAll
                0x8218c350       0x40 ./generate/drivers/r_cache/src/lld/r_cache_lld_rza2m.o
                0x8218c350                R_CACHE_L2CleanInvalidAll
 .text.r_cache_l1_cache_init
                0x8218c390        0x4 ./generate/compiler/asm/r_cache_l1_rza2.o
                0x8218c390                r_cache_l1_cache_init
 .text.r_cache_l1_i_inv_all
                0x8218c394       0x14 ./generate/compiler/asm/r_cache_l1_rza2.o
                0x8218c394                r_cache_l1_i_inv_all
 .text.r_cache_l1_d_cache_operation
                0x8218c3a8       0xb4 ./generate/compiler/asm/r_cache_l1_rza2.o
                0x8218c3a8                r_cache_l1_d_cache_operation
 .text.r_cache_l1_i_enable
                0x8218c45c       0x10 ./generate/compiler/asm/r_cache_l1_rza2.o
                0x8218c45c                r_cache_l1_i_enable
 .text.r_cache_l1_d_enable
                0x8218c46c       0x10 ./generate/compiler/asm/r_cache_l1_rza2.o
                0x8218c46c                r_cache_l1_d_enable
 .text.r_cache_l1_btac_enable
                0x8218c47c       0x10 ./generate/compiler/asm/r_cache_l1_rza2.o
                0x8218c47c                r_cache_l1_btac_enable
 .text.r_cache_l1_prefetch_enable
                0x8218c48c       0x10 ./generate/compiler/asm/r_cache_l1_rza2.o
                0x8218c48c                r_cache_l1_prefetch_enable
 *fill*         0x8218c49c        0x4 
 .text.r_cache_l1_prefetch_enable.__stub
                0x8218c4a0       0x10 linker stubs
 *(UNCACHED_DATA)
                0x8218c4b0                . = ALIGN (0x4)
                0x50202170                __uncached_RAM2_load_end = (LOADADDR (.uncached_RAM2) + (. - ADDR (.uncached_RAM2)))

.mmu_page_table
                0x80020000     0x4000
                0x80020000                __mmu_page_table_base = .
                0x80024000                . = (. + 0x4000)
 *fill*         0x80020000     0x4000 
                0x80024000                __mmu_page_table_end = .

.stack          0x80028000    0x10000
                0x80028000                __sys_stack_start = .
                0x80030000                . = (. + 0x8000)
 *fill*         0x80028000     0x8000 
                0x80030000                . = ALIGN (0x10)
                0x80030000                __sys_stack_end = .
                0x80030000                __irq_stack_start = .
                0x80032000                . = (. + 0x2000)
 *fill*         0x80030000     0x2000 
                0x80032000                . = ALIGN (0x10)
                0x80032000                __irq_stack_end = .
                0x80032000                __fiq_stack_start = .
                0x80034000                . = (. + 0x2000)
 *fill*         0x80032000     0x2000 
                0x80034000                . = ALIGN (0x10)
                0x80034000                __fiq_stack_end = .
                0x80034000                __svc_stack_start = .
                0x80036000                . = (. + 0x2000)
 *fill*         0x80034000     0x2000 
                0x80036000                . = ALIGN (0x10)
                0x80036000                __svc_stack_end = .
                0x80036000                __abt_stack_start = .
                0x80038000                . = (. + 0x2000)
 *fill*         0x80036000     0x2000 
                0x80038000                . = ALIGN (0x10)
                0x80038000                __abt_stack_end = .

.text2          0x50202170    0x51944
 *(.text .text.*)
 .text.UnityPrintNumberUnsigned
                0x50202170       0x64 ./lib/third_party/unity/src/unity.o
                0x50202170                UnityPrintNumberUnsigned
 .text.UnityPrintNumber
                0x502021d4       0x24 ./lib/third_party/unity/src/unity.o
                0x502021d4                UnityPrintNumber
 .text.UnityPrintNumberHex
                0x502021f8       0x48 ./lib/third_party/unity/src/unity.o
                0x502021f8                UnityPrintNumberHex
 .text.UnityPrint
                0x50202240       0x80 ./lib/third_party/unity/src/unity.o
                0x50202240                UnityPrint
 .text.UnityBegin
                0x502022c0       0x38 ./lib/third_party/unity/src/unity.o
                0x502022c0                UnityBegin
 .text.UnityEnd
                0x502022f8       0xa0 ./lib/third_party/unity/src/unity.o
                0x502022f8                UnityEnd
 .text.append_to_buffer
                0x50202398       0x6c ./lib/third_party/tinycbor/cborencoder.o
 .text.encode_number_no_update
                0x50202404       0xa0 ./lib/third_party/tinycbor/cborencoder.o
 .text.create_container
                0x502024a4       0x74 ./lib/third_party/tinycbor/cborencoder.o
 .text.cbor_encoder_init
                0x50202518       0x1c ./lib/third_party/tinycbor/cborencoder.o
                0x50202518                cbor_encoder_init
 .text.cbor_encode_int
                0x50202534       0x38 ./lib/third_party/tinycbor/cborencoder.o
                0x50202534                cbor_encode_int
 .text.cbor_encode_byte_string
                0x5020256c       0x44 ./lib/third_party/tinycbor/cborencoder.o
                0x5020256c                cbor_encode_byte_string
 .text.cbor_encode_text_string
                0x502025b0       0x44 ./lib/third_party/tinycbor/cborencoder.o
                0x502025b0                cbor_encode_text_string
 .text.cbor_encoder_create_map
                0x502025f4       0x1c ./lib/third_party/tinycbor/cborencoder.o
                0x502025f4                cbor_encoder_create_map
 .text.cbor_encoder_close_container
                0x50202610       0x40 ./lib/third_party/tinycbor/cborencoder.o
                0x50202610                cbor_encoder_close_container
 .text.cbor_encoder_close_container_checked
                0x50202650      0x12c ./lib/third_party/tinycbor/cborencoder_close_container_checked.o
                0x50202650                cbor_encoder_close_container_checked
 .text.is_fixed_type
                0x5020277c       0x20 ./lib/third_party/tinycbor/cborparser.o
 .text.iterate_noop
                0x5020279c        0x8 ./lib/third_party/tinycbor/cborparser.o
 .text.get16    0x502027a4       0x2c ./lib/third_party/tinycbor/cborparser.o
 .text.iterate_memcpy
                0x502027d0        0x4 ./lib/third_party/tinycbor/cborparser.o
 .text.preparse_value
                0x502027d4      0x188 ./lib/third_party/tinycbor/cborparser.o
 .text.preparse_next_value
                0x5020295c       0x6c ./lib/third_party/tinycbor/cborparser.o
 .text.extract_number
                0x502029c8      0x100 ./lib/third_party/tinycbor/cborparser.o
 .text.advance_internal
                0x50202ac8       0xac ./lib/third_party/tinycbor/cborparser.o
 .text.iterate_memcmp
                0x50202b74       0x14 ./lib/third_party/tinycbor/cborparser.o
 .text.iterate_string_chunks
                0x50202b88      0x258 ./lib/third_party/tinycbor/cborparser.o
 .text._cbor_value_decode_int64_internal
                0x50202de0       0xd0 ./lib/third_party/tinycbor/cborparser.o
                0x50202de0                _cbor_value_decode_int64_internal
 .text.cbor_parser_init
                0x50202eb0       0x48 ./lib/third_party/tinycbor/cborparser.o
                0x50202eb0                cbor_parser_init
 .text.cbor_value_advance_fixed
                0x50202ef8       0x70 ./lib/third_party/tinycbor/cborparser.o
                0x50202ef8                cbor_value_advance_fixed
 .text.cbor_value_skip_tag
                0x50202f68       0x30 ./lib/third_party/tinycbor/cborparser.o
                0x50202f68                cbor_value_skip_tag
 .text.cbor_value_enter_container
                0x50202f98      0x13c ./lib/third_party/tinycbor/cborparser.o
                0x50202f98                cbor_value_enter_container
 .text.cbor_value_leave_container
                0x502030d4       0x60 ./lib/third_party/tinycbor/cborparser.o
                0x502030d4                cbor_value_leave_container
 .text._cbor_value_copy_string
                0x50203134       0x44 ./lib/third_party/tinycbor/cborparser.o
                0x50203134                _cbor_value_copy_string
 .text.advance_recursive
                0x50203178       0xb4 ./lib/third_party/tinycbor/cborparser.o
 .text.cbor_value_advance
                0x5020322c       0x4c ./lib/third_party/tinycbor/cborparser.o
                0x5020322c                cbor_value_advance
 .text.cbor_value_calculate_string_length
                0x50203278       0x18 ./lib/third_party/tinycbor/cborparser.o
                0x50203278                cbor_value_calculate_string_length
 .text.cbor_value_map_find_value
                0x50203290      0x120 ./lib/third_party/tinycbor/cborparser.o
                0x50203290                cbor_value_map_find_value
 .text.mbedtls_aes_init
                0x502033b0        0xc ./lib/third_party/mbed_tls/library/aes.o
                0x502033b0                mbedtls_aes_init
 .text.mbedtls_aes_free
                0x502033bc       0x10 ./lib/third_party/mbed_tls/library/aes.o
                0x502033bc                mbedtls_aes_free
 .text.mbedtls_aes_setkey_enc
                0x502033cc      0x2a4 ./lib/third_party/mbed_tls/library/aes.o
                0x502033cc                mbedtls_aes_setkey_enc
 .text.mbedtls_aes_setkey_dec
                0x50203670      0x148 ./lib/third_party/mbed_tls/library/aes.o
                0x50203670                mbedtls_aes_setkey_dec
 .text.mbedtls_internal_aes_encrypt
                0x502037b8      0x4a8 ./lib/third_party/mbed_tls/library/aes.o
                0x502037b8                mbedtls_internal_aes_encrypt
 .text.mbedtls_internal_aes_decrypt
                0x50203c60      0x4a8 ./lib/third_party/mbed_tls/library/aes.o
                0x50203c60                mbedtls_internal_aes_decrypt
 .text.mbedtls_aes_crypt_ecb
                0x50204108       0x1c ./lib/third_party/mbed_tls/library/aes.o
                0x50204108                mbedtls_aes_crypt_ecb
 .text.mbedtls_aes_crypt_cbc
                0x50204124      0x114 ./lib/third_party/mbed_tls/library/aes.o
                0x50204124                mbedtls_aes_crypt_cbc
 .text.mbedtls_aes_crypt_cfb128
                0x50204238       0xb8 ./lib/third_party/mbed_tls/library/aes.o
                0x50204238                mbedtls_aes_crypt_cfb128
 .text.mbedtls_aes_crypt_ctr
                0x502042f0       0xa4 ./lib/third_party/mbed_tls/library/aes.o
                0x502042f0                mbedtls_aes_crypt_ctr
 .text.mbedtls_asn1_get_len
                0x50204394      0x11c ./lib/third_party/mbed_tls/library/asn1parse.o
                0x50204394                mbedtls_asn1_get_len
 .text.mbedtls_asn1_get_tag
                0x502044b0       0x40 ./lib/third_party/mbed_tls/library/asn1parse.o
                0x502044b0                mbedtls_asn1_get_tag
 .text.mbedtls_asn1_get_bool
                0x502044f0       0x50 ./lib/third_party/mbed_tls/library/asn1parse.o
                0x502044f0                mbedtls_asn1_get_bool
 .text.mbedtls_asn1_get_int
                0x50204540       0x80 ./lib/third_party/mbed_tls/library/asn1parse.o
                0x50204540                mbedtls_asn1_get_int
 .text.mbedtls_asn1_get_mpi
                0x502045c0       0x48 ./lib/third_party/mbed_tls/library/asn1parse.o
                0x502045c0                mbedtls_asn1_get_mpi
 .text.mbedtls_asn1_get_bitstring
                0x50204608       0x80 ./lib/third_party/mbed_tls/library/asn1parse.o
                0x50204608                mbedtls_asn1_get_bitstring
 .text.mbedtls_asn1_get_bitstring_null
                0x50204688       0x50 ./lib/third_party/mbed_tls/library/asn1parse.o
                0x50204688                mbedtls_asn1_get_bitstring_null
 .text.mbedtls_asn1_get_sequence_of
                0x502046d8       0xd8 ./lib/third_party/mbed_tls/library/asn1parse.o
                0x502046d8                mbedtls_asn1_get_sequence_of
 .text.mbedtls_asn1_get_alg
                0x502047b0       0xec ./lib/third_party/mbed_tls/library/asn1parse.o
                0x502047b0                mbedtls_asn1_get_alg
 .text.mbedtls_asn1_write_len
                0x5020489c      0x184 ./lib/third_party/mbed_tls/library/asn1write.o
                0x5020489c                mbedtls_asn1_write_len
 .text.mbedtls_asn1_write_tag
                0x50204a20       0x24 ./lib/third_party/mbed_tls/library/asn1write.o
                0x50204a20                mbedtls_asn1_write_tag
 .text.mbedtls_asn1_write_raw_buffer
                0x50204a44       0x50 ./lib/third_party/mbed_tls/library/asn1write.o
                0x50204a44                mbedtls_asn1_write_raw_buffer
 .text.mbedtls_asn1_write_mpi
                0x50204a94       0xc8 ./lib/third_party/mbed_tls/library/asn1write.o
                0x50204a94                mbedtls_asn1_write_mpi
 .text.mbedtls_asn1_write_oid
                0x50204b5c       0x54 ./lib/third_party/mbed_tls/library/asn1write.o
                0x50204b5c                mbedtls_asn1_write_oid
 .text.mbedtls_asn1_write_int
                0x50204bb0       0xa8 ./lib/third_party/mbed_tls/library/asn1write.o
                0x50204bb0                mbedtls_asn1_write_int
 .text.mbedtls_base64_decode
                0x50204c58      0x1d8 ./lib/third_party/mbed_tls/library/base64.o
                0x50204c58                mbedtls_base64_decode
 .text.mpi_sub_hlp
                0x50204e30       0x7c ./lib/third_party/mbed_tls/library/bignum.o
 .text.mpi_mul_hlp
                0x50204eac      0x398 ./lib/third_party/mbed_tls/library/bignum.o
 .text.mbedtls_mpi_mod_int.part.3
                0x50205244       0x80 ./lib/third_party/mbed_tls/library/bignum.o
 .text.mbedtls_mpi_init
                0x502052c4       0x1c ./lib/third_party/mbed_tls/library/bignum.o
                0x502052c4                mbedtls_mpi_init
 .text.mbedtls_mpi_free
                0x502052e0       0x44 ./lib/third_party/mbed_tls/library/bignum.o
                0x502052e0                mbedtls_mpi_free
 .text.mbedtls_mpi_grow
                0x50205324       0x8c ./lib/third_party/mbed_tls/library/bignum.o
                0x50205324                mbedtls_mpi_grow
 .text.mbedtls_mpi_shrink
                0x502053b0       0xac ./lib/third_party/mbed_tls/library/bignum.o
                0x502053b0                mbedtls_mpi_shrink
 .text.mbedtls_mpi_copy
                0x5020545c       0xac ./lib/third_party/mbed_tls/library/bignum.o
                0x5020545c                mbedtls_mpi_copy
 .text.mbedtls_mpi_safe_cond_assign
                0x50205508       0xac ./lib/third_party/mbed_tls/library/bignum.o
                0x50205508                mbedtls_mpi_safe_cond_assign
 .text.mbedtls_mpi_lset
                0x502055b4       0x58 ./lib/third_party/mbed_tls/library/bignum.o
                0x502055b4                mbedtls_mpi_lset
 .text.mbedtls_mpi_get_bit
                0x5020560c       0x28 ./lib/third_party/mbed_tls/library/bignum.o
                0x5020560c                mbedtls_mpi_get_bit
 .text.mbedtls_mpi_lsb
                0x50205634       0x54 ./lib/third_party/mbed_tls/library/bignum.o
                0x50205634                mbedtls_mpi_lsb
 .text.mbedtls_mpi_bitlen
                0x50205688       0x70 ./lib/third_party/mbed_tls/library/bignum.o
                0x50205688                mbedtls_mpi_bitlen
 .text.mbedtls_mpi_size
                0x502056f8       0x14 ./lib/third_party/mbed_tls/library/bignum.o
                0x502056f8                mbedtls_mpi_size
 .text.mbedtls_mpi_read_binary
                0x5020570c       0x9c ./lib/third_party/mbed_tls/library/bignum.o
                0x5020570c                mbedtls_mpi_read_binary
 .text.mbedtls_mpi_write_binary
                0x502057a8       0x74 ./lib/third_party/mbed_tls/library/bignum.o
                0x502057a8                mbedtls_mpi_write_binary
 .text.mbedtls_mpi_shift_l
                0x5020581c       0xf4 ./lib/third_party/mbed_tls/library/bignum.o
                0x5020581c                mbedtls_mpi_shift_l
 .text.mbedtls_mpi_shift_r
                0x50205910       0xdc ./lib/third_party/mbed_tls/library/bignum.o
                0x50205910                mbedtls_mpi_shift_r
 .text.mbedtls_mpi_cmp_abs
                0x502059ec       0xcc ./lib/third_party/mbed_tls/library/bignum.o
                0x502059ec                mbedtls_mpi_cmp_abs
 .text.mpi_montmul
                0x50205ab8      0x140 ./lib/third_party/mbed_tls/library/bignum.o
 .text.mbedtls_mpi_cmp_mpi
                0x50205bf8      0x118 ./lib/third_party/mbed_tls/library/bignum.o
                0x50205bf8                mbedtls_mpi_cmp_mpi
 .text.mbedtls_mpi_cmp_int
                0x50205d10       0x3c ./lib/third_party/mbed_tls/library/bignum.o
                0x50205d10                mbedtls_mpi_cmp_int
 .text.mbedtls_mpi_add_abs
                0x50205d4c      0x138 ./lib/third_party/mbed_tls/library/bignum.o
                0x50205d4c                mbedtls_mpi_add_abs
 .text.mbedtls_mpi_sub_abs
                0x50205e84       0xdc ./lib/third_party/mbed_tls/library/bignum.o
                0x50205e84                mbedtls_mpi_sub_abs
 .text.mbedtls_mpi_add_mpi
                0x50205f60       0x7c ./lib/third_party/mbed_tls/library/bignum.o
                0x50205f60                mbedtls_mpi_add_mpi
 .text.mbedtls_mpi_sub_mpi
                0x50205fdc       0x80 ./lib/third_party/mbed_tls/library/bignum.o
                0x50205fdc                mbedtls_mpi_sub_mpi
 .text.mbedtls_mpi_add_int
                0x5020605c       0x3c ./lib/third_party/mbed_tls/library/bignum.o
                0x5020605c                mbedtls_mpi_add_int
 .text.mbedtls_mpi_sub_int
                0x50206098       0x3c ./lib/third_party/mbed_tls/library/bignum.o
                0x50206098                mbedtls_mpi_sub_int
 .text.mbedtls_mpi_mul_mpi
                0x502060d4      0x15c ./lib/third_party/mbed_tls/library/bignum.o
                0x502060d4                mbedtls_mpi_mul_mpi
 .text.mbedtls_mpi_mul_int
                0x50206230       0x28 ./lib/third_party/mbed_tls/library/bignum.o
                0x50206230                mbedtls_mpi_mul_int
 .text.mbedtls_mpi_div_mpi
                0x50206258      0x564 ./lib/third_party/mbed_tls/library/bignum.o
                0x50206258                mbedtls_mpi_div_mpi
 .text.mbedtls_mpi_mod_mpi
                0x502067bc       0xac ./lib/third_party/mbed_tls/library/bignum.o
                0x502067bc                mbedtls_mpi_mod_mpi
 .text.mbedtls_mpi_mod_int
                0x50206868       0x60 ./lib/third_party/mbed_tls/library/bignum.o
                0x50206868                mbedtls_mpi_mod_int
 .text.mpi_check_small_factors
                0x502068c8       0x80 ./lib/third_party/mbed_tls/library/bignum.o
 .text.mbedtls_mpi_exp_mod
                0x50206948      0x654 ./lib/third_party/mbed_tls/library/bignum.o
                0x50206948                mbedtls_mpi_exp_mod
 .text.mbedtls_mpi_gcd
                0x50206f9c      0x1a8 ./lib/third_party/mbed_tls/library/bignum.o
                0x50206f9c                mbedtls_mpi_gcd
 .text.mbedtls_mpi_fill_random
                0x50207144       0x64 ./lib/third_party/mbed_tls/library/bignum.o
                0x50207144                mbedtls_mpi_fill_random
 .text.mpi_miller_rabin
                0x502071a8      0x33c ./lib/third_party/mbed_tls/library/bignum.o
 .text.mbedtls_mpi_inv_mod
                0x502074e4      0x424 ./lib/third_party/mbed_tls/library/bignum.o
                0x502074e4                mbedtls_mpi_inv_mod
 .text.mbedtls_mpi_is_prime
                0x50207908       0xa0 ./lib/third_party/mbed_tls/library/bignum.o
                0x50207908                mbedtls_mpi_is_prime
 .text.mbedtls_cipher_get_block_size
                0x502079a8       0x18 ./lib/third_party/mbed_tls/library/cipher.o
 .text.add_pkcs_padding
                0x502079c0       0x28 ./lib/third_party/mbed_tls/library/cipher.o
 .text.get_pkcs_padding
                0x502079e8       0x8c ./lib/third_party/mbed_tls/library/cipher.o
 .text.add_one_and_zeros_padding
                0x50207a74       0x40 ./lib/third_party/mbed_tls/library/cipher.o
 .text.add_zeros_and_len_padding
                0x50207ab4       0x3c ./lib/third_party/mbed_tls/library/cipher.o
 .text.get_zeros_and_len_padding
                0x50207af0       0x8c ./lib/third_party/mbed_tls/library/cipher.o
 .text.add_zeros_padding
                0x50207b7c       0x20 ./lib/third_party/mbed_tls/library/cipher.o
 .text.get_no_padding
                0x50207b9c       0x20 ./lib/third_party/mbed_tls/library/cipher.o
 .text.get_one_and_zeros_padding
                0x50207bbc       0x8c ./lib/third_party/mbed_tls/library/cipher.o
 .text.get_zeros_padding
                0x50207c48       0x6c ./lib/third_party/mbed_tls/library/cipher.o
 .text.mbedtls_cipher_info_from_type
                0x50207cb4       0x2c ./lib/third_party/mbed_tls/library/cipher.o
                0x50207cb4                mbedtls_cipher_info_from_type
 .text.mbedtls_cipher_info_from_values
                0x50207ce0       0x60 ./lib/third_party/mbed_tls/library/cipher.o
                0x50207ce0                mbedtls_cipher_info_from_values
 .text.mbedtls_cipher_init
                0x50207d40        0xc ./lib/third_party/mbed_tls/library/cipher.o
                0x50207d40                mbedtls_cipher_init
 .text.mbedtls_cipher_free
                0x50207d4c       0x38 ./lib/third_party/mbed_tls/library/cipher.o
                0x50207d4c                mbedtls_cipher_free
 .text.mbedtls_cipher_setkey
                0x50207d84       0x88 ./lib/third_party/mbed_tls/library/cipher.o
                0x50207d84                mbedtls_cipher_setkey
 .text.mbedtls_cipher_set_iv
                0x50207e0c       0x74 ./lib/third_party/mbed_tls/library/cipher.o
                0x50207e0c                mbedtls_cipher_set_iv
 .text.mbedtls_cipher_reset
                0x50207e80       0x2c ./lib/third_party/mbed_tls/library/cipher.o
                0x50207e80                mbedtls_cipher_reset
 .text.mbedtls_cipher_update
                0x50207eac      0x2e8 ./lib/third_party/mbed_tls/library/cipher.o
                0x50207eac                mbedtls_cipher_update
 .text.mbedtls_cipher_finish
                0x50208194      0x17c ./lib/third_party/mbed_tls/library/cipher.o
                0x50208194                mbedtls_cipher_finish
 .text.mbedtls_cipher_set_padding_mode
                0x50208310       0xd0 ./lib/third_party/mbed_tls/library/cipher.o
                0x50208310                mbedtls_cipher_set_padding_mode
 .text.mbedtls_cipher_setup
                0x502083e0       0x74 ./lib/third_party/mbed_tls/library/cipher.o
                0x502083e0                mbedtls_cipher_setup
 .text.mbedtls_cipher_crypt
                0x50208454       0x84 ./lib/third_party/mbed_tls/library/cipher.o
                0x50208454                mbedtls_cipher_crypt
 .text.mbedtls_cipher_auth_encrypt
                0x502084d8       0x70 ./lib/third_party/mbed_tls/library/cipher.o
                0x502084d8                mbedtls_cipher_auth_encrypt
 .text.mbedtls_cipher_auth_decrypt
                0x50208548       0x84 ./lib/third_party/mbed_tls/library/cipher.o
                0x50208548                mbedtls_cipher_auth_decrypt
 .text.gcm_ctx_free
                0x502085cc       0x18 ./lib/third_party/mbed_tls/library/cipher_wrap.o
 .text.gcm_ctx_alloc
                0x502085e4       0x24 ./lib/third_party/mbed_tls/library/cipher_wrap.o
 .text.gcm_aes_setkey_wrap
                0x50208608       0x10 ./lib/third_party/mbed_tls/library/cipher_wrap.o
 .text.aes_ctx_free
                0x50208618       0x18 ./lib/third_party/mbed_tls/library/cipher_wrap.o
 .text.aes_ctx_alloc
                0x50208630       0x24 ./lib/third_party/mbed_tls/library/cipher_wrap.o
 .text.aes_setkey_dec_wrap
                0x50208654        0x4 ./lib/third_party/mbed_tls/library/cipher_wrap.o
 .text.aes_setkey_enc_wrap
                0x50208658        0x4 ./lib/third_party/mbed_tls/library/cipher_wrap.o
 .text.aes_crypt_ctr_wrap
                0x5020865c        0x4 ./lib/third_party/mbed_tls/library/cipher_wrap.o
 .text.aes_crypt_cfb128_wrap
                0x50208660        0x4 ./lib/third_party/mbed_tls/library/cipher_wrap.o
 .text.aes_crypt_cbc_wrap
                0x50208664        0x4 ./lib/third_party/mbed_tls/library/cipher_wrap.o
 .text.aes_crypt_ecb_wrap
                0x50208668        0x4 ./lib/third_party/mbed_tls/library/cipher_wrap.o
 .text.block_cipher_df
                0x5020866c      0x1f8 ./lib/third_party/mbed_tls/library/ctr_drbg.o
 .text.ctr_drbg_update_internal
                0x50208864       0xe0 ./lib/third_party/mbed_tls/library/ctr_drbg.o
 .text.mbedtls_ctr_drbg_init
                0x50208944       0x2c ./lib/third_party/mbed_tls/library/ctr_drbg.o
                0x50208944                mbedtls_ctr_drbg_init
 .text.mbedtls_ctr_drbg_free
                0x50208970       0x38 ./lib/third_party/mbed_tls/library/ctr_drbg.o
                0x50208970                mbedtls_ctr_drbg_free
 .text.mbedtls_ctr_drbg_reseed
                0x502089a8       0xc0 ./lib/third_party/mbed_tls/library/ctr_drbg.o
                0x502089a8                mbedtls_ctr_drbg_reseed
 .text.mbedtls_ctr_drbg_seed_entropy_len
                0x50208a68       0x7c ./lib/third_party/mbed_tls/library/ctr_drbg.o
                0x50208a68                mbedtls_ctr_drbg_seed_entropy_len
 .text.mbedtls_ctr_drbg_seed
                0x50208ae4       0x20 ./lib/third_party/mbed_tls/library/ctr_drbg.o
                0x50208ae4                mbedtls_ctr_drbg_seed
 .text.mbedtls_ctr_drbg_random_with_add
                0x50208b04      0x154 ./lib/third_party/mbed_tls/library/ctr_drbg.o
                0x50208b04                mbedtls_ctr_drbg_random_with_add
 .text.mbedtls_ctr_drbg_random
                0x50208c58       0x74 ./lib/third_party/mbed_tls/library/ctr_drbg.o
                0x50208c58                mbedtls_ctr_drbg_random
 .text.mbedtls_ecdh_compute_shared
                0x50208ccc       0x9c ./lib/third_party/mbed_tls/library/ecdh.o
                0x50208ccc                mbedtls_ecdh_compute_shared
 .text.mbedtls_ecdh_init
                0x50208d68        0xc ./lib/third_party/mbed_tls/library/ecdh.o
                0x50208d68                mbedtls_ecdh_init
 .text.mbedtls_ecdh_free
                0x50208d74       0x4c ./lib/third_party/mbed_tls/library/ecdh.o
                0x50208d74                mbedtls_ecdh_free
 .text.mbedtls_ecdh_read_params
                0x50208dc0       0x40 ./lib/third_party/mbed_tls/library/ecdh.o
                0x50208dc0                mbedtls_ecdh_read_params
 .text.mbedtls_ecdh_make_public
                0x50208e00       0x80 ./lib/third_party/mbed_tls/library/ecdh.o
                0x50208e00                mbedtls_ecdh_make_public
 .text.mbedtls_ecdh_calc_secret
                0x50208e80       0x88 ./lib/third_party/mbed_tls/library/ecdh.o
                0x50208e80                mbedtls_ecdh_calc_secret
 .text.derive_mpi
                0x50208f08       0x98 ./lib/third_party/mbed_tls/library/ecdsa.o
 .text.mbedtls_ecdsa_sign
                0x50208fa0      0x298 ./lib/third_party/mbed_tls/library/ecdsa.o
                0x50208fa0                mbedtls_ecdsa_sign
 .text.mbedtls_ecdsa_verify
                0x50209238      0x1ec ./lib/third_party/mbed_tls/library/ecdsa.o
                0x50209238                mbedtls_ecdsa_verify
 .text.mbedtls_ecdsa_write_signature
                0x50209424      0x110 ./lib/third_party/mbed_tls/library/ecdsa.o
                0x50209424                mbedtls_ecdsa_write_signature
 .text.mbedtls_ecdsa_read_signature
                0x50209534      0x100 ./lib/third_party/mbed_tls/library/ecdsa.o
                0x50209534                mbedtls_ecdsa_read_signature
 .text.mbedtls_ecdsa_from_keypair
                0x50209634       0x50 ./lib/third_party/mbed_tls/library/ecdsa.o
                0x50209634                mbedtls_ecdsa_from_keypair
 .text.mbedtls_ecdsa_init
                0x50209684        0x4 ./lib/third_party/mbed_tls/library/ecdsa.o
                0x50209684                mbedtls_ecdsa_init
 .text.mbedtls_ecdsa_free
                0x50209688        0x4 ./lib/third_party/mbed_tls/library/ecdsa.o
                0x50209688                mbedtls_ecdsa_free
 .text.ecp_get_type
                0x5020968c       0x28 ./lib/third_party/mbed_tls/library/ecp.o
 .text.ecp_safe_invert_jac
                0x502096b4       0x70 ./lib/third_party/mbed_tls/library/ecp.o
 .text.ecp_modp
                0x50209724       0xf4 ./lib/third_party/mbed_tls/library/ecp.o
 .text.ecp_double_jac
                0x50209818      0x728 ./lib/third_party/mbed_tls/library/ecp.o
 .text.ecp_normalize_jac
                0x50209f40      0x168 ./lib/third_party/mbed_tls/library/ecp.o
 .text.ecp_normalize_jac_many
                0x5020a0a8      0x338 ./lib/third_party/mbed_tls/library/ecp.o
 .text.ecp_select_comb
                0x5020a3e0       0x9c ./lib/third_party/mbed_tls/library/ecp.o
 .text.mbedtls_ecp_grp_id_list
                0x5020a47c       0x34 ./lib/third_party/mbed_tls/library/ecp.o
                0x5020a47c                mbedtls_ecp_grp_id_list
 .text.mbedtls_ecp_curve_info_from_grp_id
                0x5020a4b0       0x30 ./lib/third_party/mbed_tls/library/ecp.o
                0x5020a4b0                mbedtls_ecp_curve_info_from_grp_id
 .text.mbedtls_ecp_curve_info_from_tls_id
                0x5020a4e0       0x34 ./lib/third_party/mbed_tls/library/ecp.o
                0x5020a4e0                mbedtls_ecp_curve_info_from_tls_id
 .text.mbedtls_ecp_point_init
                0x5020a514       0x24 ./lib/third_party/mbed_tls/library/ecp.o
                0x5020a514                mbedtls_ecp_point_init
 .text.mbedtls_ecp_group_init
                0x5020a538       0x14 ./lib/third_party/mbed_tls/library/ecp.o
                0x5020a538                mbedtls_ecp_group_init
 .text.mbedtls_ecp_keypair_init
                0x5020a54c       0x24 ./lib/third_party/mbed_tls/library/ecp.o
                0x5020a54c                mbedtls_ecp_keypair_init
 .text.mbedtls_ecp_point_free
                0x5020a570       0x24 ./lib/third_party/mbed_tls/library/ecp.o
                0x5020a570                mbedtls_ecp_point_free
 .text.mbedtls_ecp_group_free
                0x5020a594       0x88 ./lib/third_party/mbed_tls/library/ecp.o
                0x5020a594                mbedtls_ecp_group_free
 .text.mbedtls_ecp_keypair_free
                0x5020a61c       0x24 ./lib/third_party/mbed_tls/library/ecp.o
                0x5020a61c                mbedtls_ecp_keypair_free
 .text.mbedtls_ecp_copy
                0x5020a640       0x3c ./lib/third_party/mbed_tls/library/ecp.o
                0x5020a640                mbedtls_ecp_copy
 .text.mbedtls_ecp_group_copy
                0x5020a67c        0x8 ./lib/third_party/mbed_tls/library/ecp.o
                0x5020a67c                mbedtls_ecp_group_copy
 .text.mbedtls_ecp_set_zero
                0x5020a684       0x3c ./lib/third_party/mbed_tls/library/ecp.o
                0x5020a684                mbedtls_ecp_set_zero
 .text.ecp_add_mixed
                0x5020a6c0      0x648 ./lib/third_party/mbed_tls/library/ecp.o
 .text.ecp_mul_comb
                0x5020ad08      0x70c ./lib/third_party/mbed_tls/library/ecp.o
 .text.mbedtls_ecp_is_zero
                0x5020b414       0x1c ./lib/third_party/mbed_tls/library/ecp.o
                0x5020b414                mbedtls_ecp_is_zero
 .text.mbedtls_ecp_point_write_binary
                0x5020b430       0xfc ./lib/third_party/mbed_tls/library/ecp.o
                0x5020b430                mbedtls_ecp_point_write_binary
 .text.mbedtls_ecp_point_read_binary
                0x5020b52c       0xb8 ./lib/third_party/mbed_tls/library/ecp.o
                0x5020b52c                mbedtls_ecp_point_read_binary
 .text.mbedtls_ecp_tls_read_point
                0x5020b5e4       0x5c ./lib/third_party/mbed_tls/library/ecp.o
                0x5020b5e4                mbedtls_ecp_tls_read_point
 .text.mbedtls_ecp_tls_write_point
                0x5020b640       0x54 ./lib/third_party/mbed_tls/library/ecp.o
                0x5020b640                mbedtls_ecp_tls_write_point
 .text.mbedtls_ecp_tls_read_group
                0x5020b694       0x78 ./lib/third_party/mbed_tls/library/ecp.o
                0x5020b694                mbedtls_ecp_tls_read_group
 .text.mbedtls_ecp_check_pubkey
                0x5020b70c      0x26c ./lib/third_party/mbed_tls/library/ecp.o
                0x5020b70c                mbedtls_ecp_check_pubkey
 .text.mbedtls_ecp_check_privkey
                0x5020b978       0x60 ./lib/third_party/mbed_tls/library/ecp.o
                0x5020b978                mbedtls_ecp_check_privkey
 .text.mbedtls_ecp_mul
                0x5020b9d8       0x98 ./lib/third_party/mbed_tls/library/ecp.o
                0x5020b9d8                mbedtls_ecp_mul
 .text.mbedtls_ecp_mul_shortcuts
                0x5020ba70       0xbc ./lib/third_party/mbed_tls/library/ecp.o
 .text.mbedtls_ecp_muladd
                0x5020bb2c       0xac ./lib/third_party/mbed_tls/library/ecp.o
                0x5020bb2c                mbedtls_ecp_muladd
 .text.mbedtls_ecp_gen_keypair_base
                0x5020bbd8       0xec ./lib/third_party/mbed_tls/library/ecp.o
                0x5020bbd8                mbedtls_ecp_gen_keypair_base
 .text.mbedtls_ecp_gen_keypair
                0x5020bcc4       0x24 ./lib/third_party/mbed_tls/library/ecp.o
                0x5020bcc4                mbedtls_ecp_gen_keypair
 .text.mbedtls_ecp_gen_key
                0x5020bce8       0x44 ./lib/third_party/mbed_tls/library/ecp.o
                0x5020bce8                mbedtls_ecp_gen_key
 .text.mbedtls_ecp_check_pub_priv
                0x5020bd2c      0x118 ./lib/third_party/mbed_tls/library/ecp.o
                0x5020bd2c                mbedtls_ecp_check_pub_priv
 .text.add32    0x5020be44       0x24 ./lib/third_party/mbed_tls/library/ecp_curves.o
 .text.sub32    0x5020be68       0x24 ./lib/third_party/mbed_tls/library/ecp_curves.o
 .text.ecp_mod_p256
                0x5020be8c      0x6f8 ./lib/third_party/mbed_tls/library/ecp_curves.o
 .text.mbedtls_ecp_group_load
                0x5020c584       0xe0 ./lib/third_party/mbed_tls/library/ecp_curves.o
                0x5020c584                mbedtls_ecp_group_load
 .text.entropy_update
                0x5020c664       0xbc ./lib/third_party/mbed_tls/library/entropy.o
 .text.entropy_gather_internal
                0x5020c720       0xcc ./lib/third_party/mbed_tls/library/entropy.o
 .text.mbedtls_entropy_free
                0x5020c7ec       0x40 ./lib/third_party/mbed_tls/library/entropy.o
                0x5020c7ec                mbedtls_entropy_free
 .text.mbedtls_entropy_add_source
                0x5020c82c       0x88 ./lib/third_party/mbed_tls/library/entropy.o
                0x5020c82c                mbedtls_entropy_add_source
 .text.mbedtls_entropy_init
                0x5020c8b4       0x68 ./lib/third_party/mbed_tls/library/entropy.o
                0x5020c8b4                mbedtls_entropy_init
 .text.mbedtls_entropy_func
                0x5020c91c      0x188 ./lib/third_party/mbed_tls/library/entropy.o
                0x5020c91c                mbedtls_entropy_func
 .text.gcm_mult
                0x5020caa4      0x1c8 ./lib/third_party/mbed_tls/library/gcm.o
 .text.mbedtls_gcm_init
                0x5020cc6c        0xc ./lib/third_party/mbed_tls/library/gcm.o
                0x5020cc6c                mbedtls_gcm_init
 .text.mbedtls_gcm_setkey
                0x5020cc78      0x1e4 ./lib/third_party/mbed_tls/library/gcm.o
                0x5020cc78                mbedtls_gcm_setkey
 .text.mbedtls_gcm_starts
                0x5020ce5c      0x1cc ./lib/third_party/mbed_tls/library/gcm.o
                0x5020ce5c                mbedtls_gcm_starts
 .text.mbedtls_gcm_update
                0x5020d028      0x178 ./lib/third_party/mbed_tls/library/gcm.o
                0x5020d028                mbedtls_gcm_update
 .text.mbedtls_gcm_finish
                0x5020d1a0      0x154 ./lib/third_party/mbed_tls/library/gcm.o
                0x5020d1a0                mbedtls_gcm_finish
 .text.mbedtls_gcm_crypt_and_tag
                0x5020d2f4       0x7c ./lib/third_party/mbed_tls/library/gcm.o
                0x5020d2f4                mbedtls_gcm_crypt_and_tag
 .text.mbedtls_gcm_auth_decrypt
                0x5020d370       0xa0 ./lib/third_party/mbed_tls/library/gcm.o
                0x5020d370                mbedtls_gcm_auth_decrypt
 .text.mbedtls_gcm_free
                0x5020d410       0x1c ./lib/third_party/mbed_tls/library/gcm.o
                0x5020d410                mbedtls_gcm_free
 .text.mbedtls_md_info_from_type
                0x5020d42c       0x20 ./lib/third_party/mbed_tls/library/md.o
                0x5020d42c                mbedtls_md_info_from_type
 .text.mbedtls_md_init
                0x5020d44c        0xc ./lib/third_party/mbed_tls/library/md.o
                0x5020d44c                mbedtls_md_init
 .text.mbedtls_md_free
                0x5020d458       0x60 ./lib/third_party/mbed_tls/library/md.o
                0x5020d458                mbedtls_md_free
 .text.mbedtls_md_setup
                0x5020d4b8       0x80 ./lib/third_party/mbed_tls/library/md.o
                0x5020d4b8                mbedtls_md_setup
 .text.mbedtls_md_starts
                0x5020d538       0x2c ./lib/third_party/mbed_tls/library/md.o
                0x5020d538                mbedtls_md_starts
 .text.mbedtls_md_update
                0x5020d564       0x2c ./lib/third_party/mbed_tls/library/md.o
                0x5020d564                mbedtls_md_update
 .text.mbedtls_md_finish
                0x5020d590       0x2c ./lib/third_party/mbed_tls/library/md.o
                0x5020d590                mbedtls_md_finish
 .text.mbedtls_md
                0x5020d5bc       0x38 ./lib/third_party/mbed_tls/library/md.o
                0x5020d5bc                mbedtls_md
 .text.mbedtls_md_hmac_starts
                0x5020d5f4      0x15c ./lib/third_party/mbed_tls/library/md.o
                0x5020d5f4                mbedtls_md_hmac_starts
 .text.mbedtls_md_hmac_update
                0x5020d750       0x38 ./lib/third_party/mbed_tls/library/md.o
                0x5020d750                mbedtls_md_hmac_update
 .text.mbedtls_md_hmac_finish
                0x5020d788       0xc8 ./lib/third_party/mbed_tls/library/md.o
                0x5020d788                mbedtls_md_hmac_finish
 .text.mbedtls_md_hmac_reset
                0x5020d850       0x64 ./lib/third_party/mbed_tls/library/md.o
                0x5020d850                mbedtls_md_hmac_reset
 .text.mbedtls_md_process
                0x5020d8b4       0x2c ./lib/third_party/mbed_tls/library/md.o
                0x5020d8b4                mbedtls_md_process
 .text.mbedtls_md_get_size
                0x5020d8e0       0x10 ./lib/third_party/mbed_tls/library/md.o
                0x5020d8e0                mbedtls_md_get_size
 .text.sha1_process_wrap
                0x5020d8f0        0x4 ./lib/third_party/mbed_tls/library/md_wrap.o
 .text.sha1_clone_wrap
                0x5020d8f4        0x4 ./lib/third_party/mbed_tls/library/md_wrap.o
 .text.sha1_ctx_free
                0x5020d8f8       0x18 ./lib/third_party/mbed_tls/library/md_wrap.o
 .text.sha1_ctx_alloc
                0x5020d910       0x24 ./lib/third_party/mbed_tls/library/md_wrap.o
 .text.sha1_finish_wrap
                0x5020d934        0x4 ./lib/third_party/mbed_tls/library/md_wrap.o
 .text.sha1_update_wrap
                0x5020d938        0x4 ./lib/third_party/mbed_tls/library/md_wrap.o
 .text.sha1_starts_wrap
                0x5020d93c        0x4 ./lib/third_party/mbed_tls/library/md_wrap.o
 .text.sha224_process_wrap
                0x5020d940        0x4 ./lib/third_party/mbed_tls/library/md_wrap.o
 .text.sha224_clone_wrap
                0x5020d944        0x4 ./lib/third_party/mbed_tls/library/md_wrap.o
 .text.sha224_ctx_free
                0x5020d948       0x18 ./lib/third_party/mbed_tls/library/md_wrap.o
 .text.sha224_ctx_alloc
                0x5020d960       0x24 ./lib/third_party/mbed_tls/library/md_wrap.o
 .text.sha224_wrap
                0x5020d984        0x8 ./lib/third_party/mbed_tls/library/md_wrap.o
 .text.sha256_wrap
                0x5020d98c        0x8 ./lib/third_party/mbed_tls/library/md_wrap.o
 .text.sha224_finish_wrap
                0x5020d994        0x4 ./lib/third_party/mbed_tls/library/md_wrap.o
 .text.sha224_update_wrap
                0x5020d998        0x4 ./lib/third_party/mbed_tls/library/md_wrap.o
 .text.sha224_starts_wrap
                0x5020d99c        0x8 ./lib/third_party/mbed_tls/library/md_wrap.o
 .text.sha256_starts_wrap
                0x5020d9a4        0x8 ./lib/third_party/mbed_tls/library/md_wrap.o
 .text.oid_sig_alg_from_asn1
                0x5020d9ac       0x58 ./lib/third_party/mbed_tls/library/oid.o
 .text.mbedtls_oid_get_x509_ext_type
                0x5020da04       0x60 ./lib/third_party/mbed_tls/library/oid.o
                0x5020da04                mbedtls_oid_get_x509_ext_type
 .text.mbedtls_oid_get_sig_alg
                0x5020da64       0x30 ./lib/third_party/mbed_tls/library/oid.o
                0x5020da64                mbedtls_oid_get_sig_alg
 .text.mbedtls_oid_get_pk_alg
                0x5020da94       0x60 ./lib/third_party/mbed_tls/library/oid.o
                0x5020da94                mbedtls_oid_get_pk_alg
 .text.mbedtls_oid_get_ec_grp
                0x5020daf4       0x60 ./lib/third_party/mbed_tls/library/oid.o
                0x5020daf4                mbedtls_oid_get_ec_grp
 .text.mbedtls_oid_get_oid_by_ec_grp
                0x5020db54       0x58 ./lib/third_party/mbed_tls/library/oid.o
                0x5020db54                mbedtls_oid_get_oid_by_ec_grp
 .text.mbedtls_oid_get_oid_by_md
                0x5020dbac       0x58 ./lib/third_party/mbed_tls/library/oid.o
                0x5020dbac                mbedtls_oid_get_oid_by_md
 .text.mbedtls_pem_init
                0x5020dc04        0xc ./lib/third_party/mbed_tls/library/pem.o
                0x5020dc04                mbedtls_pem_init
 .text.mbedtls_pem_read_buffer
                0x5020dc10      0x19c ./lib/third_party/mbed_tls/library/pem.o
                0x5020dc10                mbedtls_pem_read_buffer
 .text.mbedtls_pem_free
                0x5020ddac       0x3c ./lib/third_party/mbed_tls/library/pem.o
                0x5020ddac                mbedtls_pem_free
 .text.mbedtls_pk_init
                0x5020dde8       0x14 ./lib/third_party/mbed_tls/library/pk.o
                0x5020dde8                mbedtls_pk_init
 .text.mbedtls_pk_free
                0x5020ddfc       0x34 ./lib/third_party/mbed_tls/library/pk.o
                0x5020ddfc                mbedtls_pk_free
 .text.mbedtls_pk_info_from_type
                0x5020de30       0x20 ./lib/third_party/mbed_tls/library/pk.o
                0x5020de30                mbedtls_pk_info_from_type
 .text.mbedtls_pk_setup
                0x5020de50       0x64 ./lib/third_party/mbed_tls/library/pk.o
                0x5020de50                mbedtls_pk_setup
 .text.mbedtls_pk_can_do
                0x5020deb4       0x28 ./lib/third_party/mbed_tls/library/pk.o
                0x5020deb4                mbedtls_pk_can_do
 .text.mbedtls_pk_verify
                0x5020dedc       0x90 ./lib/third_party/mbed_tls/library/pk.o
                0x5020dedc                mbedtls_pk_verify
 .text.mbedtls_pk_verify_ext
                0x5020df6c       0x9c ./lib/third_party/mbed_tls/library/pk.o
                0x5020df6c                mbedtls_pk_verify_ext
 .text.mbedtls_pk_sign
                0x5020e008       0x98 ./lib/third_party/mbed_tls/library/pk.o
                0x5020e008                mbedtls_pk_sign
 .text.mbedtls_pk_get_bitlen
                0x5020e0a0       0x28 ./lib/third_party/mbed_tls/library/pk.o
                0x5020e0a0                mbedtls_pk_get_bitlen
 .text.mbedtls_pk_get_type
                0x5020e0c8       0x18 ./lib/third_party/mbed_tls/library/pk.o
                0x5020e0c8                mbedtls_pk_get_type
 .text.rsa_can_do
                0x5020e0e0       0x14 ./lib/third_party/mbed_tls/library/pk_wrap.o
 .text.rsa_debug
                0x5020e0f4       0x38 ./lib/third_party/mbed_tls/library/pk_wrap.o
 .text.eckey_can_do
                0x5020e12c       0x14 ./lib/third_party/mbed_tls/library/pk_wrap.o
 .text.eckey_get_bitlen
                0x5020e140        0x8 ./lib/third_party/mbed_tls/library/pk_wrap.o
 .text.eckey_debug
                0x5020e148       0x20 ./lib/third_party/mbed_tls/library/pk_wrap.o
 .text.eckeydh_can_do
                0x5020e168       0x14 ./lib/third_party/mbed_tls/library/pk_wrap.o
 .text.ecdsa_can_do
                0x5020e17c       0x10 ./lib/third_party/mbed_tls/library/pk_wrap.o
 .text.rsa_free_wrap
                0x5020e18c       0x18 ./lib/third_party/mbed_tls/library/pk_wrap.o
 .text.rsa_alloc_wrap
                0x5020e1a4       0x2c ./lib/third_party/mbed_tls/library/pk_wrap.o
 .text.rsa_check_pair_wrap
                0x5020e1d0        0x4 ./lib/third_party/mbed_tls/library/pk_wrap.o
 .text.rsa_get_bitlen
                0x5020e1d4       0x10 ./lib/third_party/mbed_tls/library/pk_wrap.o
 .text.rsa_encrypt_wrap
                0x5020e1e4       0x6c ./lib/third_party/mbed_tls/library/pk_wrap.o
 .text.rsa_decrypt_wrap
                0x5020e250       0x6c ./lib/third_party/mbed_tls/library/pk_wrap.o
 .text.rsa_sign_wrap
                0x5020e2bc       0x58 ./lib/third_party/mbed_tls/library/pk_wrap.o
 .text.rsa_verify_wrap
                0x5020e314       0x74 ./lib/third_party/mbed_tls/library/pk_wrap.o
 .text.eckey_free_wrap
                0x5020e388       0x18 ./lib/third_party/mbed_tls/library/pk_wrap.o
 .text.eckey_alloc_wrap
                0x5020e3a0       0x24 ./lib/third_party/mbed_tls/library/pk_wrap.o
 .text.eckey_check_pair
                0x5020e3c4        0x4 ./lib/third_party/mbed_tls/library/pk_wrap.o
 .text.ecdsa_alloc_wrap
                0x5020e3c8       0x24 ./lib/third_party/mbed_tls/library/pk_wrap.o
 .text.ecdsa_free_wrap
                0x5020e3ec       0x18 ./lib/third_party/mbed_tls/library/pk_wrap.o
 .text.ecdsa_sign_wrap
                0x5020e404        0x4 ./lib/third_party/mbed_tls/library/pk_wrap.o
 .text.eckey_sign_wrap
                0x5020e408       0x80 ./lib/third_party/mbed_tls/library/pk_wrap.o
 .text.ecdsa_verify_wrap
                0x5020e488       0x34 ./lib/third_party/mbed_tls/library/pk_wrap.o
 .text.eckey_verify_wrap
                0x5020e4bc       0x70 ./lib/third_party/mbed_tls/library/pk_wrap.o
 .text.pk_get_rsapubkey
                0x5020e52c      0x15c ./lib/third_party/mbed_tls/library/pkparse.o
 .text.pk_use_ecparams
                0x5020e688       0x60 ./lib/third_party/mbed_tls/library/pkparse.o
 .text.pk_parse_key_pkcs1_der
                0x5020e6e8      0x330 ./lib/third_party/mbed_tls/library/pkparse.o
 .text.pk_get_pk_alg
                0x5020ea18       0x8c ./lib/third_party/mbed_tls/library/pkparse.o
 .text.pk_parse_key_sec1_der
                0x5020eaa4      0x298 ./lib/third_party/mbed_tls/library/pkparse.o
 .text.pk_parse_key_pkcs8_unencrypted_der
                0x5020ed3c      0x158 ./lib/third_party/mbed_tls/library/pkparse.o
 .text.mbedtls_pk_parse_subpubkey
                0x5020ee94      0x170 ./lib/third_party/mbed_tls/library/pkparse.o
                0x5020ee94                mbedtls_pk_parse_subpubkey
 .text.mbedtls_pk_parse_key
                0x5020f004      0x284 ./lib/third_party/mbed_tls/library/pkparse.o
                0x5020f004                mbedtls_pk_parse_key
 .text.mbedtls_pk_parse_public_key
                0x5020f288      0x1cc ./lib/third_party/mbed_tls/library/pkparse.o
                0x5020f288                mbedtls_pk_parse_public_key
 .text.pk_write_ec_pubkey
                0x5020f454       0x80 ./lib/third_party/mbed_tls/library/pkwrite.o
 .text.pk_write_ec_param.isra.2
                0x5020f4d4       0x3c ./lib/third_party/mbed_tls/library/pkwrite.o
 .text.mbedtls_pk_write_key_der
                0x5020f510      0x410 ./lib/third_party/mbed_tls/library/pkwrite.o
                0x5020f510                mbedtls_pk_write_key_der
 .text.mbedtls_calloc
                0x5020f920       0x10 ./lib/third_party/mbed_tls/library/platform.o
                0x5020f920                mbedtls_calloc
 .text.mbedtls_free
                0x5020f930       0x10 ./lib/third_party/mbed_tls/library/platform.o
                0x5020f930                mbedtls_free
 .text.mbedtls_platform_set_calloc_free
                0x5020f940       0x20 ./lib/third_party/mbed_tls/library/platform.o
                0x5020f940                mbedtls_platform_set_calloc_free
 .text.mbedtls_platform_zeroize
                0x5020f960       0x18 ./lib/third_party/mbed_tls/library/platform_util.o
                0x5020f960                mbedtls_platform_zeroize
 .text.rsa_rsassa_pkcs1_v15_encode
                0x5020f978      0x1d4 ./lib/third_party/mbed_tls/library/rsa.o
 .text.rsa_check_context.isra.0
                0x5020fb4c      0x128 ./lib/third_party/mbed_tls/library/rsa.o
 .text.mbedtls_rsa_import_raw
                0x5020fc74       0xe0 ./lib/third_party/mbed_tls/library/rsa.o
                0x5020fc74                mbedtls_rsa_import_raw
 .text.mbedtls_rsa_complete
                0x5020fd54      0x23c ./lib/third_party/mbed_tls/library/rsa.o
                0x5020fd54                mbedtls_rsa_complete
 .text.mbedtls_rsa_export
                0x5020ff90      0x150 ./lib/third_party/mbed_tls/library/rsa.o
                0x5020ff90                mbedtls_rsa_export
 .text.mbedtls_rsa_export_crt
                0x502100e0       0xf0 ./lib/third_party/mbed_tls/library/rsa.o
                0x502100e0                mbedtls_rsa_export_crt
 .text.mbedtls_rsa_init
                0x502101d0       0x3c ./lib/third_party/mbed_tls/library/rsa.o
                0x502101d0                mbedtls_rsa_init
 .text.mbedtls_rsa_get_len
                0x5021020c        0x8 ./lib/third_party/mbed_tls/library/rsa.o
                0x5021020c                mbedtls_rsa_get_len
 .text.mbedtls_rsa_check_pubkey
                0x50210214       0x78 ./lib/third_party/mbed_tls/library/rsa.o
                0x50210214                mbedtls_rsa_check_pubkey
 .text.mbedtls_rsa_check_privkey
                0x5021028c       0xa4 ./lib/third_party/mbed_tls/library/rsa.o
                0x5021028c                mbedtls_rsa_check_privkey
 .text.mbedtls_rsa_check_pub_priv
                0x50210330       0x5c ./lib/third_party/mbed_tls/library/rsa.o
                0x50210330                mbedtls_rsa_check_pub_priv
 .text.mbedtls_rsa_public
                0x5021038c      0x104 ./lib/third_party/mbed_tls/library/rsa.o
                0x5021038c                mbedtls_rsa_public
 .text.mbedtls_rsa_private
                0x50210490      0x518 ./lib/third_party/mbed_tls/library/rsa.o
                0x50210490                mbedtls_rsa_private
 .text.mbedtls_rsa_rsaes_pkcs1_v15_encrypt
                0x502109a8      0x1a4 ./lib/third_party/mbed_tls/library/rsa.o
                0x502109a8                mbedtls_rsa_rsaes_pkcs1_v15_encrypt
 .text.mbedtls_rsa_pkcs1_encrypt
                0x50210b4c       0x2c ./lib/third_party/mbed_tls/library/rsa.o
                0x50210b4c                mbedtls_rsa_pkcs1_encrypt
 .text.mbedtls_rsa_rsaes_pkcs1_v15_decrypt
                0x50210b78      0x1b0 ./lib/third_party/mbed_tls/library/rsa.o
                0x50210b78                mbedtls_rsa_rsaes_pkcs1_v15_decrypt
 .text.mbedtls_rsa_pkcs1_decrypt
                0x50210d28       0x30 ./lib/third_party/mbed_tls/library/rsa.o
                0x50210d28                mbedtls_rsa_pkcs1_decrypt
 .text.mbedtls_rsa_rsassa_pkcs1_v15_sign
                0x50210d58      0x154 ./lib/third_party/mbed_tls/library/rsa.o
                0x50210d58                mbedtls_rsa_rsassa_pkcs1_v15_sign
 .text.mbedtls_rsa_pkcs1_sign
                0x50210eac       0x38 ./lib/third_party/mbed_tls/library/rsa.o
                0x50210eac                mbedtls_rsa_pkcs1_sign
 .text.mbedtls_rsa_rsassa_pkcs1_v15_verify
                0x50210ee4      0x138 ./lib/third_party/mbed_tls/library/rsa.o
                0x50210ee4                mbedtls_rsa_rsassa_pkcs1_v15_verify
 .text.mbedtls_rsa_pkcs1_verify
                0x5021101c       0x38 ./lib/third_party/mbed_tls/library/rsa.o
                0x5021101c                mbedtls_rsa_pkcs1_verify
 .text.mbedtls_rsa_free
                0x50211054       0x88 ./lib/third_party/mbed_tls/library/rsa.o
                0x50211054                mbedtls_rsa_free
 .text.mbedtls_rsa_deduce_primes
                0x502110dc      0x2d0 ./lib/third_party/mbed_tls/library/rsa_internal.o
                0x502110dc                mbedtls_rsa_deduce_primes
 .text.mbedtls_rsa_deduce_private_exponent
                0x502113ac      0x130 ./lib/third_party/mbed_tls/library/rsa_internal.o
                0x502113ac                mbedtls_rsa_deduce_private_exponent
 .text.mbedtls_rsa_validate_crt
                0x502114dc      0x1d0 ./lib/third_party/mbed_tls/library/rsa_internal.o
                0x502114dc                mbedtls_rsa_validate_crt
 .text.mbedtls_rsa_validate_params
                0x502116ac      0x2ac ./lib/third_party/mbed_tls/library/rsa_internal.o
                0x502116ac                mbedtls_rsa_validate_params
 .text.mbedtls_rsa_deduce_crt
                0x50211958       0xd0 ./lib/third_party/mbed_tls/library/rsa_internal.o
                0x50211958                mbedtls_rsa_deduce_crt
 .text.mbedtls_sha1_init
                0x50211a28        0xc ./lib/third_party/mbed_tls/library/sha1.o
                0x50211a28                mbedtls_sha1_init
 .text.mbedtls_sha1_free
                0x50211a34       0x10 ./lib/third_party/mbed_tls/library/sha1.o
                0x50211a34                mbedtls_sha1_free
 .text.mbedtls_sha1_clone
                0x50211a44       0x10 ./lib/third_party/mbed_tls/library/sha1.o
                0x50211a44                mbedtls_sha1_clone
 .text.mbedtls_sha1_starts_ret
                0x50211a54       0x50 ./lib/third_party/mbed_tls/library/sha1.o
                0x50211a54                mbedtls_sha1_starts_ret
 .text.mbedtls_internal_sha1_process
                0x50211aa4     0x150c ./lib/third_party/mbed_tls/library/sha1.o
                0x50211aa4                mbedtls_internal_sha1_process
 .text.mbedtls_sha1_update_ret.part.0
                0x50212fb0       0xc8 ./lib/third_party/mbed_tls/library/sha1.o
 .text.mbedtls_sha1_update_ret
                0x50213078       0x14 ./lib/third_party/mbed_tls/library/sha1.o
                0x50213078                mbedtls_sha1_update_ret
 .text.mbedtls_sha1_finish_ret
                0x5021308c      0x188 ./lib/third_party/mbed_tls/library/sha1.o
                0x5021308c                mbedtls_sha1_finish_ret
 .text.mbedtls_sha1_ret
                0x50213214       0x68 ./lib/third_party/mbed_tls/library/sha1.o
                0x50213214                mbedtls_sha1_ret
 .text.mbedtls_sha256_init
                0x5021327c        0xc ./lib/third_party/mbed_tls/library/sha256.o
                0x5021327c                mbedtls_sha256_init
 .text.mbedtls_sha256_free
                0x50213288       0x10 ./lib/third_party/mbed_tls/library/sha256.o
                0x50213288                mbedtls_sha256_free
 .text.mbedtls_sha256_clone
                0x50213298       0x10 ./lib/third_party/mbed_tls/library/sha256.o
                0x50213298                mbedtls_sha256_clone
 .text.mbedtls_sha256_starts_ret
                0x502132a8       0xe8 ./lib/third_party/mbed_tls/library/sha256.o
                0x502132a8                mbedtls_sha256_starts_ret
 .text.mbedtls_internal_sha256_process
                0x50213390      0x860 ./lib/third_party/mbed_tls/library/sha256.o
                0x50213390                mbedtls_internal_sha256_process
 .text.mbedtls_sha256_update_ret.part.0
                0x50213bf0       0xc8 ./lib/third_party/mbed_tls/library/sha256.o
 .text.mbedtls_sha256_update_ret
                0x50213cb8       0x14 ./lib/third_party/mbed_tls/library/sha256.o
                0x50213cb8                mbedtls_sha256_update_ret
 .text.mbedtls_sha256_finish_ret
                0x50213ccc      0x200 ./lib/third_party/mbed_tls/library/sha256.o
                0x50213ccc                mbedtls_sha256_finish_ret
 .text.mbedtls_sha256_ret
                0x50213ecc       0x70 ./lib/third_party/mbed_tls/library/sha256.o
                0x50213ecc                mbedtls_sha256_ret
 .text.mbedtls_ssl_ciphersuite_from_id
                0x50213f3c       0x30 ./lib/third_party/mbed_tls/library/ssl_ciphersuites.o
                0x50213f3c                mbedtls_ssl_ciphersuite_from_id
 .text.mbedtls_ssl_list_ciphersuites
                0x50213f6c       0x88 ./lib/third_party/mbed_tls/library/ssl_ciphersuites.o
                0x50213f6c                mbedtls_ssl_list_ciphersuites
 .text.mbedtls_ssl_get_ciphersuite_sig_pk_alg
                0x50213ff4       0x44 ./lib/third_party/mbed_tls/library/ssl_ciphersuites.o
                0x50213ff4                mbedtls_ssl_get_ciphersuite_sig_pk_alg
 .text.mbedtls_ssl_ciphersuite_uses_ec
                0x50214038       0x2c ./lib/third_party/mbed_tls/library/ssl_ciphersuites.o
                0x50214038                mbedtls_ssl_ciphersuite_uses_ec
 .text.mbedtls_ssl_own_key
                0x50214064       0x38 ./lib/third_party/mbed_tls/library/ssl_cli.o
 .text.mbedtls_ssl_handshake_client_step
                0x5021409c     0x1364 ./lib/third_party/mbed_tls/library/ssl_cli.o
                0x5021409c                mbedtls_ssl_handshake_client_step
 .text.mbedtls_ssl_safer_memcmp
                0x50215400       0x40 ./lib/third_party/mbed_tls/library/ssl_tls.o
 .text.ssl_set_timer
                0x50215440       0x1c ./lib/third_party/mbed_tls/library/ssl_tls.o
 .text.ssl_update_out_pointers
                0x5021545c       0x44 ./lib/third_party/mbed_tls/library/ssl_tls.o
 .text.ssl_calc_finished_tls_sha256
                0x502154a0       0xa8 ./lib/third_party/mbed_tls/library/ssl_tls.o
 .text.ssl_calc_verify_tls_sha256
                0x50215548       0x44 ./lib/third_party/mbed_tls/library/ssl_tls.o
 .text.ssl_append_key_cert
                0x5021558c       0x70 ./lib/third_party/mbed_tls/library/ssl_tls.o
 .text.ssl_update_checksum_sha256
                0x502155fc        0xc ./lib/third_party/mbed_tls/library/ssl_tls.o
 .text.ssl_update_checksum_start
                0x50215608        0x4 ./lib/third_party/mbed_tls/library/ssl_tls.o
 .text.tls_prf_sha256
                0x5021560c      0x1b4 ./lib/third_party/mbed_tls/library/ssl_tls.o
 .text.ssl_reset_in_out_pointers
                0x502157c0       0x4c ./lib/third_party/mbed_tls/library/ssl_tls.o
 .text.mbedtls_ssl_derive_keys
                0x5021580c      0x424 ./lib/third_party/mbed_tls/library/ssl_tls.o
                0x5021580c                mbedtls_ssl_derive_keys
 .text.mbedtls_ssl_fetch_input
                0x50215c30      0x110 ./lib/third_party/mbed_tls/library/ssl_tls.o
                0x50215c30                mbedtls_ssl_fetch_input
 .text.mbedtls_ssl_flush_output
                0x50215d40       0x9c ./lib/third_party/mbed_tls/library/ssl_tls.o
                0x50215d40                mbedtls_ssl_flush_output
 .text.mbedtls_ssl_write_record
                0x50215ddc      0x500 ./lib/third_party/mbed_tls/library/ssl_tls.o
                0x50215ddc                mbedtls_ssl_write_record
 .text.mbedtls_ssl_write_handshake_msg
                0x502162dc       0xc0 ./lib/third_party/mbed_tls/library/ssl_tls.o
                0x502162dc                mbedtls_ssl_write_handshake_msg
 .text.mbedtls_ssl_prepare_handshake_record
                0x5021639c       0x50 ./lib/third_party/mbed_tls/library/ssl_tls.o
                0x5021639c                mbedtls_ssl_prepare_handshake_record
 .text.mbedtls_ssl_update_handshake_status
                0x502163ec       0x30 ./lib/third_party/mbed_tls/library/ssl_tls.o
                0x502163ec                mbedtls_ssl_update_handshake_status
 .text.mbedtls_ssl_handle_message_type
                0x5021641c       0xd0 ./lib/third_party/mbed_tls/library/ssl_tls.o
                0x5021641c                mbedtls_ssl_handle_message_type
 .text.mbedtls_ssl_send_alert_message
                0x502164ec       0x48 ./lib/third_party/mbed_tls/library/ssl_tls.o
                0x502164ec                mbedtls_ssl_send_alert_message
 .text.mbedtls_ssl_read_record
                0x50216534      0x830 ./lib/third_party/mbed_tls/library/ssl_tls.o
                0x50216534                mbedtls_ssl_read_record
 .text.mbedtls_ssl_write_certificate
                0x50216d64      0x158 ./lib/third_party/mbed_tls/library/ssl_tls.o
                0x50216d64                mbedtls_ssl_write_certificate
 .text.mbedtls_ssl_write_change_cipher_spec
                0x50216ebc       0x28 ./lib/third_party/mbed_tls/library/ssl_tls.o
                0x50216ebc                mbedtls_ssl_write_change_cipher_spec
 .text.mbedtls_ssl_parse_change_cipher_spec
                0x50216ee4       0xb8 ./lib/third_party/mbed_tls/library/ssl_tls.o
                0x50216ee4                mbedtls_ssl_parse_change_cipher_spec
 .text.mbedtls_ssl_optimize_checksum
                0x50216f9c       0x1c ./lib/third_party/mbed_tls/library/ssl_tls.o
                0x50216f9c                mbedtls_ssl_optimize_checksum
 .text.mbedtls_ssl_write_finished
                0x50216fb8       0xb8 ./lib/third_party/mbed_tls/library/ssl_tls.o
                0x50216fb8                mbedtls_ssl_write_finished
 .text.mbedtls_ssl_parse_finished
                0x50217070       0xf0 ./lib/third_party/mbed_tls/library/ssl_tls.o
                0x50217070                mbedtls_ssl_parse_finished
 .text.mbedtls_ssl_session_init
                0x50217160        0xc ./lib/third_party/mbed_tls/library/ssl_tls.o
                0x50217160                mbedtls_ssl_session_init
 .text.mbedtls_ssl_init
                0x5021716c        0xc ./lib/third_party/mbed_tls/library/ssl_tls.o
                0x5021716c                mbedtls_ssl_init
 .text.mbedtls_ssl_conf_authmode
                0x50217178       0x10 ./lib/third_party/mbed_tls/library/ssl_tls.o
                0x50217178                mbedtls_ssl_conf_authmode
 .text.mbedtls_ssl_conf_verify
                0x50217188        0xc ./lib/third_party/mbed_tls/library/ssl_tls.o
                0x50217188                mbedtls_ssl_conf_verify
 .text.mbedtls_ssl_conf_rng
                0x50217194        0xc ./lib/third_party/mbed_tls/library/ssl_tls.o
                0x50217194                mbedtls_ssl_conf_rng
 .text.mbedtls_ssl_set_bio
                0x502171a0       0x18 ./lib/third_party/mbed_tls/library/ssl_tls.o
                0x502171a0                mbedtls_ssl_set_bio
 .text.mbedtls_ssl_conf_own_cert
                0x502171b8        0x8 ./lib/third_party/mbed_tls/library/ssl_tls.o
                0x502171b8                mbedtls_ssl_conf_own_cert
 .text.mbedtls_ssl_conf_ca_chain
                0x502171c0        0xc ./lib/third_party/mbed_tls/library/ssl_tls.o
                0x502171c0                mbedtls_ssl_conf_ca_chain
 .text.mbedtls_ssl_set_hostname
                0x502171cc       0xb0 ./lib/third_party/mbed_tls/library/ssl_tls.o
                0x502171cc                mbedtls_ssl_set_hostname
 .text.mbedtls_ssl_conf_alpn_protocols
                0x5021727c       0x50 ./lib/third_party/mbed_tls/library/ssl_tls.o
                0x5021727c                mbedtls_ssl_conf_alpn_protocols
 .text.mbedtls_ssl_get_max_frag_len
                0x502172cc       0x94 ./lib/third_party/mbed_tls/library/ssl_tls.o
                0x502172cc                mbedtls_ssl_get_max_frag_len
 .text.mbedtls_ssl_get_max_out_record_payload
                0x50217360       0x14 ./lib/third_party/mbed_tls/library/ssl_tls.o