   1              		.cpu cortex-a9
   2              		.eabi_attribute 28, 1
   3              		.eabi_attribute 20, 1
   4              		.eabi_attribute 21, 1
   5              		.eabi_attribute 23, 3
   6              		.eabi_attribute 24, 1
   7              		.eabi_attribute 25, 1
   8              		.eabi_attribute 26, 1
   9              		.eabi_attribute 30, 4
  10              		.eabi_attribute 34, 0
  11              		.eabi_attribute 18, 4
  12              		.file	"hwsetup.c"
  13              		.text
  14              	.Ltext0:
  15              		.cfi_sections	.debug_frame
  16              		.section	.text.R_SC_HardwareSetup,"ax",%progbits
  17              		.align	2
  18              		.global	R_SC_HardwareSetup
  19              		.syntax unified
  20              		.arm
  21              		.fpu neon
  23              	R_SC_HardwareSetup:
  24              	.LFB3:
  25              		.file 1 "D:/Work/DeviceTester/amazon-freertos/lib/third_party/mcu_vendor/renesas/rz_mcu_boards/cor
   1:D:/Work/DeviceTester/amazon-freertos/lib/third_party/mcu_vendor/renesas/rz_mcu_boards/core_package/generate/system\hwsetup.c **** /**************************************************************************************************
   2:D:/Work/DeviceTester/amazon-freertos/lib/third_party/mcu_vendor/renesas/rz_mcu_boards/core_package/generate/system\hwsetup.c ****  * DISCLAIMER
   3:D:/Work/DeviceTester/amazon-freertos/lib/third_party/mcu_vendor/renesas/rz_mcu_boards/core_package/generate/system\hwsetup.c ****  * This software is supplied by Renesas Electronics Corporation and is only intended for use with R
   4:D:/Work/DeviceTester/amazon-freertos/lib/third_party/mcu_vendor/renesas/rz_mcu_boards/core_package/generate/system\hwsetup.c ****  * other uses are authorized. This software is owned by Renesas Electronics Corporation and is prot
   5:D:/Work/DeviceTester/amazon-freertos/lib/third_party/mcu_vendor/renesas/rz_mcu_boards/core_package/generate/system\hwsetup.c ****  * applicable laws, including copyright laws.
   6:D:/Work/DeviceTester/amazon-freertos/lib/third_party/mcu_vendor/renesas/rz_mcu_boards/core_package/generate/system\hwsetup.c ****  * THIS SOFTWARE IS PROVIDED "AS IS" AND RENESAS MAKES NO WARRANTIES REGARDING
   7:D:/Work/DeviceTester/amazon-freertos/lib/third_party/mcu_vendor/renesas/rz_mcu_boards/core_package/generate/system\hwsetup.c ****  * THIS SOFTWARE, WHETHER EXPRESS, IMPLIED OR STATUTORY, INCLUDING BUT NOT LIMITED TO WARRANTIES OF
   8:D:/Work/DeviceTester/amazon-freertos/lib/third_party/mcu_vendor/renesas/rz_mcu_boards/core_package/generate/system\hwsetup.c ****  * FITNESS FOR A PARTICULAR PURPOSE AND NON-INFRINGEMENT. ALL SUCH WARRANTIES ARE EXPRESSLY DISCLAI
   9:D:/Work/DeviceTester/amazon-freertos/lib/third_party/mcu_vendor/renesas/rz_mcu_boards/core_package/generate/system\hwsetup.c ****  * EXTENT PERMITTED NOT PROHIBITED BY LAW, NEITHER RENESAS ELECTRONICS CORPORATION NOR ANY OF ITS A
  10:D:/Work/DeviceTester/amazon-freertos/lib/third_party/mcu_vendor/renesas/rz_mcu_boards/core_package/generate/system\hwsetup.c ****  * SHALL BE LIABLE FOR ANY DIRECT, INDIRECT, SPECIAL, INCIDENTAL OR CONSEQUENTIAL DAMAGES FOR ANY R
  11:D:/Work/DeviceTester/amazon-freertos/lib/third_party/mcu_vendor/renesas/rz_mcu_boards/core_package/generate/system\hwsetup.c ****  * THIS SOFTWARE, EVEN IF RENESAS OR ITS AFFILIATES HAVE BEEN ADVISED OF THE POSSIBILITY OF SUCH DA
  12:D:/Work/DeviceTester/amazon-freertos/lib/third_party/mcu_vendor/renesas/rz_mcu_boards/core_package/generate/system\hwsetup.c ****  * Renesas reserves the right, without notice, to make changes to this software and to discontinue 
  13:D:/Work/DeviceTester/amazon-freertos/lib/third_party/mcu_vendor/renesas/rz_mcu_boards/core_package/generate/system\hwsetup.c ****  * this software. By using this software, you agree to the additional terms and conditions found by
  14:D:/Work/DeviceTester/amazon-freertos/lib/third_party/mcu_vendor/renesas/rz_mcu_boards/core_package/generate/system\hwsetup.c ****  * following link:
  15:D:/Work/DeviceTester/amazon-freertos/lib/third_party/mcu_vendor/renesas/rz_mcu_boards/core_package/generate/system\hwsetup.c ****  * http://www.renesas.com/disclaimer
  16:D:/Work/DeviceTester/amazon-freertos/lib/third_party/mcu_vendor/renesas/rz_mcu_boards/core_package/generate/system\hwsetup.c ****  *
  17:D:/Work/DeviceTester/amazon-freertos/lib/third_party/mcu_vendor/renesas/rz_mcu_boards/core_package/generate/system\hwsetup.c ****  * Copyright (C) 2018 Renesas Electronics Corporation. All rights reserved.
  18:D:/Work/DeviceTester/amazon-freertos/lib/third_party/mcu_vendor/renesas/rz_mcu_boards/core_package/generate/system\hwsetup.c ****  **************************************************************************************************
  19:D:/Work/DeviceTester/amazon-freertos/lib/third_party/mcu_vendor/renesas/rz_mcu_boards/core_package/generate/system\hwsetup.c **** /**************************************************************************************************
  20:D:/Work/DeviceTester/amazon-freertos/lib/third_party/mcu_vendor/renesas/rz_mcu_boards/core_package/generate/system\hwsetup.c ****  * File Name    : hwsetup.c
  21:D:/Work/DeviceTester/amazon-freertos/lib/third_party/mcu_vendor/renesas/rz_mcu_boards/core_package/generate/system\hwsetup.c ****  * Device(s)    : RZ/A2M
  22:D:/Work/DeviceTester/amazon-freertos/lib/third_party/mcu_vendor/renesas/rz_mcu_boards/core_package/generate/system\hwsetup.c ****  * OS           : None
  23:D:/Work/DeviceTester/amazon-freertos/lib/third_party/mcu_vendor/renesas/rz_mcu_boards/core_package/generate/system\hwsetup.c ****  * Description  : Initialisation process done before section initialise
  24:D:/Work/DeviceTester/amazon-freertos/lib/third_party/mcu_vendor/renesas/rz_mcu_boards/core_package/generate/system\hwsetup.c ****  * Operation    :
  25:D:/Work/DeviceTester/amazon-freertos/lib/third_party/mcu_vendor/renesas/rz_mcu_boards/core_package/generate/system\hwsetup.c ****  * Limitations  :
  26:D:/Work/DeviceTester/amazon-freertos/lib/third_party/mcu_vendor/renesas/rz_mcu_boards/core_package/generate/system\hwsetup.c ****  **************************************************************************************************
  27:D:/Work/DeviceTester/amazon-freertos/lib/third_party/mcu_vendor/renesas/rz_mcu_boards/core_package/generate/system\hwsetup.c **** 
  28:D:/Work/DeviceTester/amazon-freertos/lib/third_party/mcu_vendor/renesas/rz_mcu_boards/core_package/generate/system\hwsetup.c **** /**************************************************************************************************
  29:D:/Work/DeviceTester/amazon-freertos/lib/third_party/mcu_vendor/renesas/rz_mcu_boards/core_package/generate/system\hwsetup.c ****  Includes   <System Includes> , "Project Includes"
  30:D:/Work/DeviceTester/amazon-freertos/lib/third_party/mcu_vendor/renesas/rz_mcu_boards/core_package/generate/system\hwsetup.c ****  **************************************************************************************************
  31:D:/Work/DeviceTester/amazon-freertos/lib/third_party/mcu_vendor/renesas/rz_mcu_boards/core_package/generate/system\hwsetup.c **** #include "r_typedefs.h"
  32:D:/Work/DeviceTester/amazon-freertos/lib/third_party/mcu_vendor/renesas/rz_mcu_boards/core_package/generate/system\hwsetup.c **** #include "hwsetup.h"
  33:D:/Work/DeviceTester/amazon-freertos/lib/third_party/mcu_vendor/renesas/rz_mcu_boards/core_package/generate/system\hwsetup.c **** 
  34:D:/Work/DeviceTester/amazon-freertos/lib/third_party/mcu_vendor/renesas/rz_mcu_boards/core_package/generate/system\hwsetup.c **** /**************************************************************************************************
  35:D:/Work/DeviceTester/amazon-freertos/lib/third_party/mcu_vendor/renesas/rz_mcu_boards/core_package/generate/system\hwsetup.c ****  Macro definitions
  36:D:/Work/DeviceTester/amazon-freertos/lib/third_party/mcu_vendor/renesas/rz_mcu_boards/core_package/generate/system\hwsetup.c ****  **************************************************************************************************
  37:D:/Work/DeviceTester/amazon-freertos/lib/third_party/mcu_vendor/renesas/rz_mcu_boards/core_package/generate/system\hwsetup.c **** /*! Using DDR transfer for SPIBSC. Comment it if you want to use SDR transfer */
  38:D:/Work/DeviceTester/amazon-freertos/lib/third_party/mcu_vendor/renesas/rz_mcu_boards/core_package/generate/system\hwsetup.c **** #define SPIBSC_PRV_DDR_SETTING
  39:D:/Work/DeviceTester/amazon-freertos/lib/third_party/mcu_vendor/renesas/rz_mcu_boards/core_package/generate/system\hwsetup.c **** 
  40:D:/Work/DeviceTester/amazon-freertos/lib/third_party/mcu_vendor/renesas/rz_mcu_boards/core_package/generate/system\hwsetup.c **** /**************************************************************************************************
  41:D:/Work/DeviceTester/amazon-freertos/lib/third_party/mcu_vendor/renesas/rz_mcu_boards/core_package/generate/system\hwsetup.c ****  Local Typedef definitions
  42:D:/Work/DeviceTester/amazon-freertos/lib/third_party/mcu_vendor/renesas/rz_mcu_boards/core_package/generate/system\hwsetup.c ****  **************************************************************************************************
  43:D:/Work/DeviceTester/amazon-freertos/lib/third_party/mcu_vendor/renesas/rz_mcu_boards/core_package/generate/system\hwsetup.c **** 
  44:D:/Work/DeviceTester/amazon-freertos/lib/third_party/mcu_vendor/renesas/rz_mcu_boards/core_package/generate/system\hwsetup.c **** /**************************************************************************************************
  45:D:/Work/DeviceTester/amazon-freertos/lib/third_party/mcu_vendor/renesas/rz_mcu_boards/core_package/generate/system\hwsetup.c ****  Exported global variables
  46:D:/Work/DeviceTester/amazon-freertos/lib/third_party/mcu_vendor/renesas/rz_mcu_boards/core_package/generate/system\hwsetup.c ****  **************************************************************************************************
  47:D:/Work/DeviceTester/amazon-freertos/lib/third_party/mcu_vendor/renesas/rz_mcu_boards/core_package/generate/system\hwsetup.c **** 
  48:D:/Work/DeviceTester/amazon-freertos/lib/third_party/mcu_vendor/renesas/rz_mcu_boards/core_package/generate/system\hwsetup.c **** /**************************************************************************************************
  49:D:/Work/DeviceTester/amazon-freertos/lib/third_party/mcu_vendor/renesas/rz_mcu_boards/core_package/generate/system\hwsetup.c ****  Private (static) variables and functions
  50:D:/Work/DeviceTester/amazon-freertos/lib/third_party/mcu_vendor/renesas/rz_mcu_boards/core_package/generate/system\hwsetup.c ****  **************************************************************************************************
  51:D:/Work/DeviceTester/amazon-freertos/lib/third_party/mcu_vendor/renesas/rz_mcu_boards/core_package/generate/system\hwsetup.c **** 
  52:D:/Work/DeviceTester/amazon-freertos/lib/third_party/mcu_vendor/renesas/rz_mcu_boards/core_package/generate/system\hwsetup.c **** /**************************************************************************************************
  53:D:/Work/DeviceTester/amazon-freertos/lib/third_party/mcu_vendor/renesas/rz_mcu_boards/core_package/generate/system\hwsetup.c ****  * Function Name: R_SC_HardwareSetup
  54:D:/Work/DeviceTester/amazon-freertos/lib/third_party/mcu_vendor/renesas/rz_mcu_boards/core_package/generate/system\hwsetup.c ****  * @brief         Hardware setup, will done before section initialise
  55:D:/Work/DeviceTester/amazon-freertos/lib/third_party/mcu_vendor/renesas/rz_mcu_boards/core_package/generate/system\hwsetup.c ****  * @param         None
  56:D:/Work/DeviceTester/amazon-freertos/lib/third_party/mcu_vendor/renesas/rz_mcu_boards/core_package/generate/system\hwsetup.c ****  * @return        None
  57:D:/Work/DeviceTester/amazon-freertos/lib/third_party/mcu_vendor/renesas/rz_mcu_boards/core_package/generate/system\hwsetup.c ****  **************************************************************************************************
  58:D:/Work/DeviceTester/amazon-freertos/lib/third_party/mcu_vendor/renesas/rz_mcu_boards/core_package/generate/system\hwsetup.c **** void R_SC_HardwareSetup(void)
  59:D:/Work/DeviceTester/amazon-freertos/lib/third_party/mcu_vendor/renesas/rz_mcu_boards/core_package/generate/system\hwsetup.c **** {
  26              		.loc 1 59 0
  27              		.cfi_startproc
  28              		@ args = 0, pretend = 0, frame = 0
  29              		@ frame_needed = 0, uses_anonymous_args = 0
  60:D:/Work/DeviceTester/amazon-freertos/lib/third_party/mcu_vendor/renesas/rz_mcu_boards/core_package/generate/system\hwsetup.c ****     /** Call user defined pre-initialisation routine */
  61:D:/Work/DeviceTester/amazon-freertos/lib/third_party/mcu_vendor/renesas/rz_mcu_boards/core_package/generate/system\hwsetup.c ****     if (NULL != Userdef_PreHardwareSetup)
  30              		.loc 1 61 0
  31 0000 54309FE5 		ldr	r3, .L23
  59:D:/Work/DeviceTester/amazon-freertos/lib/third_party/mcu_vendor/renesas/rz_mcu_boards/core_package/generate/system\hwsetup.c ****     /** Call user defined pre-initialisation routine */
  32              		.loc 1 59 0
  33 0004 10402DE9 		push	{r4, lr}
  34              		.cfi_def_cfa_offset 8
  35              		.cfi_offset 4, -8
  36              		.cfi_offset 14, -4
  37              		.loc 1 61 0
  38 0008 000053E3 		cmp	r3, #0
  39 000c 0000000A 		beq	.L2
  62:D:/Work/DeviceTester/amazon-freertos/lib/third_party/mcu_vendor/renesas/rz_mcu_boards/core_package/generate/system\hwsetup.c ****     {
  63:D:/Work/DeviceTester/amazon-freertos/lib/third_party/mcu_vendor/renesas/rz_mcu_boards/core_package/generate/system\hwsetup.c ****         Userdef_PreHardwareSetup();
  40              		.loc 1 63 0
  41 0010 FEFFFFEB 		bl	Userdef_PreHardwareSetup
  42              	.LVL0:
  43              	.L2:
  64:D:/Work/DeviceTester/amazon-freertos/lib/third_party/mcu_vendor/renesas/rz_mcu_boards/core_package/generate/system\hwsetup.c ****     }
  65:D:/Work/DeviceTester/amazon-freertos/lib/third_party/mcu_vendor/renesas/rz_mcu_boards/core_package/generate/system\hwsetup.c **** 
  66:D:/Work/DeviceTester/amazon-freertos/lib/third_party/mcu_vendor/renesas/rz_mcu_boards/core_package/generate/system\hwsetup.c ****     /** call SPIBSC driver setup wrapper interface if defined */
  67:D:/Work/DeviceTester/amazon-freertos/lib/third_party/mcu_vendor/renesas/rz_mcu_boards/core_package/generate/system\hwsetup.c ****     if (NULL != R_SPIBSC_Setup)
  44              		.loc 1 67 0
  45 0014 44309FE5 		ldr	r3, .L23+4
  46 0018 000053E3 		cmp	r3, #0
  47 001c 0100000A 		beq	.L3
  68:D:/Work/DeviceTester/amazon-freertos/lib/third_party/mcu_vendor/renesas/rz_mcu_boards/core_package/generate/system\hwsetup.c ****     {
  69:D:/Work/DeviceTester/amazon-freertos/lib/third_party/mcu_vendor/renesas/rz_mcu_boards/core_package/generate/system\hwsetup.c **** #ifdef SPIBSC_PRV_DDR_SETTING
  70:D:/Work/DeviceTester/amazon-freertos/lib/third_party/mcu_vendor/renesas/rz_mcu_boards/core_package/generate/system\hwsetup.c ****         R_SPIBSC_Setup(HWSETUP_SPIBSC_USE_DDR);
  48              		.loc 1 70 0
  49 0020 0100A0E3 		mov	r0, #1
  50 0024 FEFFFFEB 		bl	R_SPIBSC_Setup
  51              	.LVL1:
  52              	.L3:
  71:D:/Work/DeviceTester/amazon-freertos/lib/third_party/mcu_vendor/renesas/rz_mcu_boards/core_package/generate/system\hwsetup.c **** #else /* SPIBSC_PRV_DDR_SETTING */
  72:D:/Work/DeviceTester/amazon-freertos/lib/third_party/mcu_vendor/renesas/rz_mcu_boards/core_package/generate/system\hwsetup.c ****         R_SPIBSC_Setup(HWSETUP_SPIBSC_USE_SDR);
  73:D:/Work/DeviceTester/amazon-freertos/lib/third_party/mcu_vendor/renesas/rz_mcu_boards/core_package/generate/system\hwsetup.c **** #endif /* SPIBSC_PRV_DDR_SETTING */
  74:D:/Work/DeviceTester/amazon-freertos/lib/third_party/mcu_vendor/renesas/rz_mcu_boards/core_package/generate/system\hwsetup.c ****     }
  75:D:/Work/DeviceTester/amazon-freertos/lib/third_party/mcu_vendor/renesas/rz_mcu_boards/core_package/generate/system\hwsetup.c **** 
  76:D:/Work/DeviceTester/amazon-freertos/lib/third_party/mcu_vendor/renesas/rz_mcu_boards/core_package/generate/system\hwsetup.c ****     /** call HyperBus driver setup wrapper interface if defined */
  77:D:/Work/DeviceTester/amazon-freertos/lib/third_party/mcu_vendor/renesas/rz_mcu_boards/core_package/generate/system\hwsetup.c ****     if (NULL != R_HYPERBUS_Setup)
  53              		.loc 1 77 0
  54 0028 34309FE5 		ldr	r3, .L23+8
  55 002c 000053E3 		cmp	r3, #0
  56 0030 0000000A 		beq	.L4
  78:D:/Work/DeviceTester/amazon-freertos/lib/third_party/mcu_vendor/renesas/rz_mcu_boards/core_package/generate/system\hwsetup.c ****     {
  79:D:/Work/DeviceTester/amazon-freertos/lib/third_party/mcu_vendor/renesas/rz_mcu_boards/core_package/generate/system\hwsetup.c ****         R_HYPERBUS_Setup();
  57              		.loc 1 79 0
  58 0034 FEFFFFEB 		bl	R_HYPERBUS_Setup
  59              	.LVL2:
  60              	.L4:
  80:D:/Work/DeviceTester/amazon-freertos/lib/third_party/mcu_vendor/renesas/rz_mcu_boards/core_package/generate/system\hwsetup.c ****     }
  81:D:/Work/DeviceTester/amazon-freertos/lib/third_party/mcu_vendor/renesas/rz_mcu_boards/core_package/generate/system\hwsetup.c **** 
  82:D:/Work/DeviceTester/amazon-freertos/lib/third_party/mcu_vendor/renesas/rz_mcu_boards/core_package/generate/system\hwsetup.c ****     /** call OctaBus driver setup wrapper interface if defined */
  83:D:/Work/DeviceTester/amazon-freertos/lib/third_party/mcu_vendor/renesas/rz_mcu_boards/core_package/generate/system\hwsetup.c ****     if (NULL != R_OCTABUS_Setup)
  61              		.loc 1 83 0
  62 0038 28309FE5 		ldr	r3, .L23+12
  63 003c 000053E3 		cmp	r3, #0
  64 0040 0000000A 		beq	.L5
  84:D:/Work/DeviceTester/amazon-freertos/lib/third_party/mcu_vendor/renesas/rz_mcu_boards/core_package/generate/system\hwsetup.c ****     {
  85:D:/Work/DeviceTester/amazon-freertos/lib/third_party/mcu_vendor/renesas/rz_mcu_boards/core_package/generate/system\hwsetup.c ****         R_OCTABUS_Setup();
  65              		.loc 1 85 0
  66 0044 FEFFFFEB 		bl	R_OCTABUS_Setup
  67              	.LVL3:
  68              	.L5:
  86:D:/Work/DeviceTester/amazon-freertos/lib/third_party/mcu_vendor/renesas/rz_mcu_boards/core_package/generate/system\hwsetup.c ****     }
  87:D:/Work/DeviceTester/amazon-freertos/lib/third_party/mcu_vendor/renesas/rz_mcu_boards/core_package/generate/system\hwsetup.c **** 
  88:D:/Work/DeviceTester/amazon-freertos/lib/third_party/mcu_vendor/renesas/rz_mcu_boards/core_package/generate/system\hwsetup.c ****     /** Call user defined post-initialisation routine */
  89:D:/Work/DeviceTester/amazon-freertos/lib/third_party/mcu_vendor/renesas/rz_mcu_boards/core_package/generate/system\hwsetup.c ****     if (NULL != Userdef_PostHardwareSetup)
  69              		.loc 1 89 0
  70 0048 1C309FE5 		ldr	r3, .L23+16
  71 004c 000053E3 		cmp	r3, #0
  72 0050 1080BD08 		popeq	{r4, pc}
  90:D:/Work/DeviceTester/amazon-freertos/lib/third_party/mcu_vendor/renesas/rz_mcu_boards/core_package/generate/system\hwsetup.c ****     {
  91:D:/Work/DeviceTester/amazon-freertos/lib/third_party/mcu_vendor/renesas/rz_mcu_boards/core_package/generate/system\hwsetup.c ****         Userdef_PostHardwareSetup();
  73              		.loc 1 91 0
  74 0054 FEFFFFEB 		bl	Userdef_PostHardwareSetup
  75              	.LVL4:
  76 0058 1080BDE8 		pop	{r4, pc}
  77              	.L24:
  78              		.align	2
  79              	.L23:
  80 005c 00000000 		.word	Userdef_PreHardwareSetup
  81 0060 00000000 		.word	R_SPIBSC_Setup
  82 0064 00000000 		.word	R_HYPERBUS_Setup
  83 0068 00000000 		.word	R_OCTABUS_Setup
  84 006c 00000000 		.word	Userdef_PostHardwareSetup
  85              		.cfi_endproc
  86              	.LFE3:
  88              		.weak	Userdef_PostHardwareSetup
  89              		.weak	R_OCTABUS_Setup
  90              		.weak	R_HYPERBUS_Setup
  91              		.weak	R_SPIBSC_Setup
  92              		.weak	Userdef_PreHardwareSetup
  93              		.text
  94              	.Letext0:
  95              		.file 2 "c:\\program files (x86)\\gnu tools arm embedded\\6 2017-q2-update\\arm-none-eabi\\include
  96              		.file 3 "c:\\program files (x86)\\gnu tools arm embedded\\6 2017-q2-update\\arm-none-eabi\\include
  97              		.file 4 "c:\\program files (x86)\\gnu tools arm embedded\\6 2017-q2-update\\lib\\gcc\\arm-none-eab
  98              		.file 5 "c:\\program files (x86)\\gnu tools arm embedded\\6 2017-q2-update\\arm-none-eabi\\include
  99              		.file 6 "c:\\program files (x86)\\gnu tools arm embedded\\6 2017-q2-update\\arm-none-eabi\\include
 100              		.file 7 "D:\\Work\\DeviceTester\\amazon-freertos\\lib\\third_party\\mcu_vendor\\renesas\\rz_mcu_bo
DEFINED SYMBOLS
                            *ABS*:00000000 hwsetup.c
C:\Users\a5089698\AppData\Local\Temp\ccpZfYhd.s:17     .text.R_SC_HardwareSetup:00000000 $a
C:\Users\a5089698\AppData\Local\Temp\ccpZfYhd.s:23     .text.R_SC_HardwareSetup:00000000 R_SC_HardwareSetup
C:\Users\a5089698\AppData\Local\Temp\ccpZfYhd.s:80     .text.R_SC_HardwareSetup:0000005c $d
                     .debug_frame:00000010 $d

UNDEFINED SYMBOLS
Userdef_PreHardwareSetup
R_SPIBSC_Setup
R_HYPERBUS_Setup
R_OCTABUS_Setup
Userdef_PostHardwareSetup
