   1              	# 1 "D:/Work/DeviceTester/amazon-freertos/lib/third_party/mcu_vendor/renesas/rz_mcu_boards/core_pac
   1              	@/*******************************************************************************
   0              	
   0              	
   0              	
   2              	@* DISCLAIMER
   3              	@* This software is supplied by Renesas Electronics Corporation and is only
   4              	@* intended for use with Renesas products. No other uses are authorized. This
   5              	@* software is owned by Renesas Electronics Corporation and is protected under
   6              	@* all applicable laws, including copyright laws.
   7              	@* THIS SOFTWARE IS PROVIDED "AS IS" AND RENESAS MAKES NO WARRANTIES REGARDING
   8              	@* THIS SOFTWARE, WHETHER EXPRESS, IMPLIED OR STATUTORY, INCLUDING BUT NOT
   9              	@* LIMITED TO WARRANTIES OF MERCHANTABILITY, FITNESS FOR A PARTICULAR PURPOSE
  10              	@* AND NON-INFRINGEMENT. ALL SUCH WARRANTIES ARE EXPRESSLY DISCLAIMED.
  11              	@* TO THE MAXIMUM EXTENT PERMITTED NOT PROHIBITED BY LAW, NEITHER RENESAS
  12              	@* ELECTRONICS CORPORATION NOR ANY OF ITS AFFILIATED COMPANIES SHALL BE LIABLE
  13              	@* FOR ANY DIRECT, INDIRECT, SPECIAL, INCIDENTAL OR CONSEQUENTIAL DAMAGES FOR
  14              	@* ANY REASON RELATED TO THIS SOFTWARE, EVEN IF RENESAS OR ITS AFFILIATES HAVE
  15              	@* BEEN ADVISED OF THE POSSIBILITY OF SUCH DAMAGES.
  16              	@* Renesas reserves the right, without notice, to make changes to this software
  17              	@* and to discontinue the availability of this software. By using this software,
  18              	@* you agree to the additional terms and conditions found by accessing the
  19              	@* following link:
  20              	@* http://www.renesas.com/disclaimer
  21              	@* Copyright (C) 2018 Renesas Electronics Corporation. All rights reserved.
  22              	@*******************************************************************************/
  23              	@/*******************************************************************************
  24              	@* File Name   : vector_table.asm
  25              	@* Description : Vector table
  26              	@*******************************************************************************/
  27              	
  28              	#include "r_os_private_vector.h"
   1              	/**************************************************************************************************
  29              	
  30              	@==================================================================
  31              	@ Entry point for the Reset handler
  32              	@==================================================================
  33              	    .section    VECTOR_TABLE, #execinstr, #alloc
  34              	    .arm
  35              	
  36              	    .extern  reset_handler
  37              	    .extern  undefined_handler
  38              	    .extern  svc_handler
  39              	    .extern  prefetch_handler
  40              	    .extern  abort_handler
  41              	    .extern  reserved_handler
  42              	    .extern  irq_handler
  43              	    .extern  fiq_handler
  44              	
  45              	    .global Start
  46              	    .global  vector_table
  47              	
  48              	Start:
  49              	
  50              	vector_table:
  51 0000 38F09FE5 	    LDR pc, =reset_handler
  52 0004 38F09FE5 	    LDR pc, =undefined_handler
  53 0008 38F09FE5 	    LDR pc, =FreeRTOS_SWI_Handler
  54 000c 38F09FE5 	    LDR pc, =prefetch_handler
  55 0010 38F09FE5 	    LDR pc, =abort_handler
  56 0014 38F09FE5 	    LDR pc, =reserved_handler
  57 0018 38F09FE5 	    LDR pc, =FreeRTOS_IRQ_Handler
  58 001c 38F09FE5 	    LDR pc, =fiq_handler
  59              	
  60              	;@ application signature
  61              	signature:
  62 0020 2E426F6F 	    .ascii ".BootLoad_ValidProgramTest.     "
  62      744C6F61 
  62      645F5661 
  62      6C696450 
  62      726F6772 
  63              	
  64              	Literals:
  65 0040 00000000 	    .LTORG
  65      00000000 
  65      00000000 
  65      00000000 
  65      00000000 
  66              	
  67              	    .END
DEFINED SYMBOLS
D:/Work/DeviceTester/amazon-freertos/lib/third_party/mcu_vendor/renesas/rz_mcu_boards/core_package/generate/compiler/asm/vector_table.asm:48     VECTOR_TABLE:00000000 Start
D:/Work/DeviceTester/amazon-freertos/lib/third_party/mcu_vendor/renesas/rz_mcu_boards/core_package/generate/compiler/asm/vector_table.asm:50     VECTOR_TABLE:00000000 vector_table
D:/Work/DeviceTester/amazon-freertos/lib/third_party/mcu_vendor/renesas/rz_mcu_boards/core_package/generate/compiler/asm/vector_table.asm:51     VECTOR_TABLE:00000000 $a
D:/Work/DeviceTester/amazon-freertos/lib/third_party/mcu_vendor/renesas/rz_mcu_boards/core_package/generate/compiler/asm/vector_table.asm:61     VECTOR_TABLE:00000020 signature
D:/Work/DeviceTester/amazon-freertos/lib/third_party/mcu_vendor/renesas/rz_mcu_boards/core_package/generate/compiler/asm/vector_table.asm:62     VECTOR_TABLE:00000020 $d
D:/Work/DeviceTester/amazon-freertos/lib/third_party/mcu_vendor/renesas/rz_mcu_boards/core_package/generate/compiler/asm/vector_table.asm:64     VECTOR_TABLE:00000040 Literals
D:/Work/DeviceTester/amazon-freertos/lib/third_party/mcu_vendor/renesas/rz_mcu_boards/core_package/generate/compiler/asm/vector_table.asm:65     VECTOR_TABLE:00000040 $d

UNDEFINED SYMBOLS
reset_handler
undefined_handler
FreeRTOS_SWI_Handler
prefetch_handler
abort_handler
reserved_handler
FreeRTOS_IRQ_Handler
fiq_handler
